Archive member included to satisfy reference by file (symbol)

C:/ST/STM32CubeIDE_1.16.1/STM32CubeIDE/plugins/com.st.stm32cube.ide.mcu.externaltools.gnu-tools-for-stm32.12.3.rel1.win32_1.0.200.202406191623/tools/bin/../lib/gcc/arm-none-eabi/12.3.1/../../../../arm-none-eabi/lib/thumb/v7e-m+dp/hard\libc_nano.a(libc_a-exit.o)
                              C:/ST/STM32CubeIDE_1.16.1/STM32CubeIDE/plugins/com.st.stm32cube.ide.mcu.externaltools.gnu-tools-for-stm32.12.3.rel1.win32_1.0.200.202406191623/tools/bin/../lib/gcc/arm-none-eabi/12.3.1/../../../../arm-none-eabi/lib/thumb/v7e-m+dp/hard/crt0.o (exit)
C:/ST/STM32CubeIDE_1.16.1/STM32CubeIDE/plugins/com.st.stm32cube.ide.mcu.externaltools.gnu-tools-for-stm32.12.3.rel1.win32_1.0.200.202406191623/tools/bin/../lib/gcc/arm-none-eabi/12.3.1/../../../../arm-none-eabi/lib/thumb/v7e-m+dp/hard\libc_nano.a(libc_a-findfp.o)
                              C:/ST/STM32CubeIDE_1.16.1/STM32CubeIDE/plugins/com.st.stm32cube.ide.mcu.externaltools.gnu-tools-for-stm32.12.3.rel1.win32_1.0.200.202406191623/tools/bin/../lib/gcc/arm-none-eabi/12.3.1/../../../../arm-none-eabi/lib/thumb/v7e-m+dp/hard\libc_nano.a(libc_a-exit.o) (__stdio_exit_handler)
C:/ST/STM32CubeIDE_1.16.1/STM32CubeIDE/plugins/com.st.stm32cube.ide.mcu.externaltools.gnu-tools-for-stm32.12.3.rel1.win32_1.0.200.202406191623/tools/bin/../lib/gcc/arm-none-eabi/12.3.1/../../../../arm-none-eabi/lib/thumb/v7e-m+dp/hard\libc_nano.a(libc_a-fwalk.o)
                              C:/ST/STM32CubeIDE_1.16.1/STM32CubeIDE/plugins/com.st.stm32cube.ide.mcu.externaltools.gnu-tools-for-stm32.12.3.rel1.win32_1.0.200.202406191623/tools/bin/../lib/gcc/arm-none-eabi/12.3.1/../../../../arm-none-eabi/lib/thumb/v7e-m+dp/hard\libc_nano.a(libc_a-findfp.o) (_fwalk_sglue)
C:/ST/STM32CubeIDE_1.16.1/STM32CubeIDE/plugins/com.st.stm32cube.ide.mcu.externaltools.gnu-tools-for-stm32.12.3.rel1.win32_1.0.200.202406191623/tools/bin/../lib/gcc/arm-none-eabi/12.3.1/../../../../arm-none-eabi/lib/thumb/v7e-m+dp/hard\libc_nano.a(libc_a-stdio.o)
                              C:/ST/STM32CubeIDE_1.16.1/STM32CubeIDE/plugins/com.st.stm32cube.ide.mcu.externaltools.gnu-tools-for-stm32.12.3.rel1.win32_1.0.200.202406191623/tools/bin/../lib/gcc/arm-none-eabi/12.3.1/../../../../arm-none-eabi/lib/thumb/v7e-m+dp/hard\libc_nano.a(libc_a-findfp.o) (__sread)
C:/ST/STM32CubeIDE_1.16.1/STM32CubeIDE/plugins/com.st.stm32cube.ide.mcu.externaltools.gnu-tools-for-stm32.12.3.rel1.win32_1.0.200.202406191623/tools/bin/../lib/gcc/arm-none-eabi/12.3.1/../../../../arm-none-eabi/lib/thumb/v7e-m+dp/hard\libc_nano.a(libc_a-memset.o)
                              C:/ST/STM32CubeIDE_1.16.1/STM32CubeIDE/plugins/com.st.stm32cube.ide.mcu.externaltools.gnu-tools-for-stm32.12.3.rel1.win32_1.0.200.202406191623/tools/bin/../lib/gcc/arm-none-eabi/12.3.1/../../../../arm-none-eabi/lib/thumb/v7e-m+dp/hard/crt0.o (memset)
C:/ST/STM32CubeIDE_1.16.1/STM32CubeIDE/plugins/com.st.stm32cube.ide.mcu.externaltools.gnu-tools-for-stm32.12.3.rel1.win32_1.0.200.202406191623/tools/bin/../lib/gcc/arm-none-eabi/12.3.1/../../../../arm-none-eabi/lib/thumb/v7e-m+dp/hard\libc_nano.a(libc_a-closer.o)
                              C:/ST/STM32CubeIDE_1.16.1/STM32CubeIDE/plugins/com.st.stm32cube.ide.mcu.externaltools.gnu-tools-for-stm32.12.3.rel1.win32_1.0.200.202406191623/tools/bin/../lib/gcc/arm-none-eabi/12.3.1/../../../../arm-none-eabi/lib/thumb/v7e-m+dp/hard\libc_nano.a(libc_a-stdio.o) (_close_r)
C:/ST/STM32CubeIDE_1.16.1/STM32CubeIDE/plugins/com.st.stm32cube.ide.mcu.externaltools.gnu-tools-for-stm32.12.3.rel1.win32_1.0.200.202406191623/tools/bin/../lib/gcc/arm-none-eabi/12.3.1/../../../../arm-none-eabi/lib/thumb/v7e-m+dp/hard\libc_nano.a(libc_a-reent.o)
                              C:/ST/STM32CubeIDE_1.16.1/STM32CubeIDE/plugins/com.st.stm32cube.ide.mcu.externaltools.gnu-tools-for-stm32.12.3.rel1.win32_1.0.200.202406191623/tools/bin/../lib/gcc/arm-none-eabi/12.3.1/../../../../arm-none-eabi/lib/thumb/v7e-m+dp/hard\libc_nano.a(libc_a-closer.o) (errno)
C:/ST/STM32CubeIDE_1.16.1/STM32CubeIDE/plugins/com.st.stm32cube.ide.mcu.externaltools.gnu-tools-for-stm32.12.3.rel1.win32_1.0.200.202406191623/tools/bin/../lib/gcc/arm-none-eabi/12.3.1/../../../../arm-none-eabi/lib/thumb/v7e-m+dp/hard\libc_nano.a(libc_a-impure.o)
                              C:/ST/STM32CubeIDE_1.16.1/STM32CubeIDE/plugins/com.st.stm32cube.ide.mcu.externaltools.gnu-tools-for-stm32.12.3.rel1.win32_1.0.200.202406191623/tools/bin/../lib/gcc/arm-none-eabi/12.3.1/../../../../arm-none-eabi/lib/thumb/v7e-m+dp/hard\libc_nano.a(libc_a-reent.o) (_impure_ptr)
C:/ST/STM32CubeIDE_1.16.1/STM32CubeIDE/plugins/com.st.stm32cube.ide.mcu.externaltools.gnu-tools-for-stm32.12.3.rel1.win32_1.0.200.202406191623/tools/bin/../lib/gcc/arm-none-eabi/12.3.1/../../../../arm-none-eabi/lib/thumb/v7e-m+dp/hard\libc_nano.a(libc_a-lseekr.o)
[...]
Memory Configuration

Name             Origin             Length             Attributes
FLASH            0x08000000         0x00200000         xr
DTCMRAM          0x20000000         0x00020000         xrw
RAM_D1           0x24000000         0x00080000         xrw
RAM_D2           0x30000000         0x00048000         xrw
RAM_D3           0x38000000         0x00010000         xrw
ITCMRAM          0x00000000         0x00010000         xrw
*default*        0x00000000         0xffffffff

Linker script and memory map

LOAD C:/ST/STM32CubeIDE_1.16.1/STM32CubeIDE/plugins/com.st.stm32cube.ide.mcu.externaltools.gnu-tools-for-stm32.12.3.rel1.win32_1.0.200.202406191623/tools/bin/../lib/gcc/arm-none-eabi/12.3.1/thumb/v7e-m+dp/hard/crti.o
LOAD C:/ST/STM32CubeIDE_1.16.1/STM32CubeIDE/plugins/com.st.stm32cube.ide.mcu.externaltools.gnu-tools-for-stm32.12.3.rel1.win32_1.0.200.202406191623/tools/bin/../lib/gcc/arm-none-eabi/12.3.1/thumb/v7e-m+dp/hard/crtbegin.o
LOAD C:/ST/STM32CubeIDE_1.16.1/STM32CubeIDE/plugins/com.st.stm32cube.ide.mcu.externaltools.gnu-tools-for-stm32.12.3.rel1.win32_1.0.200.202406191623/tools/bin/../lib/gcc/arm-none-eabi/12.3.1/../../../../arm-none-eabi/lib/thumb/v7e-m+dp/hard/crt0.o
LOAD ./Core/Src/main.o
LOAD ./Core/Src/stm32h7xx_hal_msp.o
LOAD ./Core/Src/stm32h7xx_it.o
LOAD ./Core/Src/syscalls.o
LOAD ./Core/Src/sysmem.o
LOAD ./Core/Src/system_stm32h7xx.o
LOAD ./Core/Startup/startup_stm32h753zitx.o
LOAD ./Drivers/STM32H7xx_HAL_Driver/Src/stm32h7xx_hal.o
LOAD ./Drivers/STM32H7xx_HAL_Driver/Src/stm32h7xx_hal_cortex.o
LOAD ./Drivers/STM32H7xx_HAL_Driver/Src/stm32h7xx_hal_dma.o
LOAD ./Drivers/STM32H7xx_HAL_Driver/Src/stm32h7xx_hal_dma_ex.o
LOAD ./Drivers/STM32H7xx_HAL_Driver/Src/stm32h7xx_hal_eth.o
LOAD ./Drivers/STM32H7xx_HAL_Driver/Src/stm32h7xx_hal_eth_ex.o
LOAD ./Drivers/STM32H7xx_HAL_Driver/Src/stm32h7xx_hal_exti.o
LOAD ./Drivers/STM32H7xx_HAL_Driver/Src/stm32h7xx_hal_flash.o
LOAD ./Drivers/STM32H7xx_HAL_Driver/Src/stm32h7xx_hal_flash_ex.o
LOAD ./Drivers/STM32H7xx_HAL_Driver/Src/stm32h7xx_hal_gpio.o
LOAD ./Drivers/STM32H7xx_HAL_Driver/Src/stm32h7xx_hal_hsem.o
LOAD ./Drivers/STM32H7xx_HAL_Driver/Src/stm32h7xx_hal_i2c.o
LOAD ./Drivers/STM32H7xx_HAL_Driver/Src/stm32h7xx_hal_i2c_ex.o
LOAD ./Drivers/STM32H7xx_HAL_Driver/Src/stm32h7xx_hal_mdma.o
LOAD ./Drivers/STM32H7xx_HAL_Driver/Src/stm32h7xx_hal_pcd.o
LOAD ./Drivers/STM32H7xx_HAL_Driver/Src/stm32h7xx_hal_pcd_ex.o
LOAD ./Drivers/STM32H7xx_HAL_Driver/Src/stm32h7xx_hal_pwr.o
LOAD ./Drivers/STM32H7xx_HAL_Driver/Src/stm32h7xx_hal_pwr_ex.o
LOAD ./Drivers/STM32H7xx_HAL_Driver/Src/stm32h7xx_hal_rcc.o
LOAD ./Drivers/STM32H7xx_HAL_Driver/Src/stm32h7xx_hal_rcc_ex.o
LOAD ./Drivers/STM32H7xx_HAL_Driver/Src/stm32h7xx_hal_sai.o
LOAD ./Drivers/STM32H7xx_HAL_Driver/Src/stm32h7xx_hal_sai_ex.o
LOAD ./Drivers/STM32H7xx_HAL_Driver/Src/stm32h7xx_hal_tim.o
LOAD ./Drivers/STM32H7xx_HAL_Driver/Src/stm32h7xx_hal_tim_ex.o
LOAD ./Drivers/STM32H7xx_HAL_Driver/Src/stm32h7xx_hal_uart.o
LOAD ./Drivers/STM32H7xx_HAL_Driver/Src/stm32h7xx_hal_uart_ex.o
LOAD ./Drivers/STM32H7xx_HAL_Driver/Src/stm32h7xx_ll_usb.o
LOAD ./Middlewares/ST/STM32_USB_Device_Library/Class/AUDIO/Src/usbd_audio.o
LOAD ./Middlewares/ST/STM32_USB_Device_Library/Core/Src/usbd_core.o
LOAD ./Middlewares/ST/STM32_USB_Device_Library/Core/Src/usbd_ctlreq.o
LOAD ./Middlewares/ST/STM32_USB_Device_Library/Core/Src/usbd_ioreq.o
LOAD ./USB_DEVICE/App/usb_device.o
LOAD ./USB_DEVICE/App/usbd_audio_if.o
LOAD ./USB_DEVICE/App/usbd_desc.o
LOAD ./USB_DEVICE/Target/usbd_conf.o
START GROUP
LOAD C:/ST/STM32CubeIDE_1.16.1/STM32CubeIDE/plugins/com.st.stm32cube.ide.mcu.externaltools.gnu-tools-for-stm32.12.3.rel1.win32_1.0.200.202406191623/tools/bin/../lib/gcc/arm-none-eabi/12.3.1/../../../../arm-none-eabi/lib/thumb/v7e-m+dp/hard\libc_nano.a
LOAD C:/ST/STM32CubeIDE_1.16.1/STM32CubeIDE/plugins/com.st.stm32cube.ide.mcu.externaltools.gnu-tools-for-stm32.12.3.rel1.win32_1.0.200.202406191623/tools/bin/../lib/gcc/arm-none-eabi/12.3.1/../../../../arm-none-eabi/lib/thumb/v7e-m+dp/hard\libm.a
END GROUP
START GROUP
LOAD C:/ST/STM32CubeIDE_1.16.1/STM32CubeIDE/plugins/com.st.stm32cube.ide.mcu.externaltools.gnu-tools-for-stm32.12.3.rel1.win32_1.0.200.202406191623/tools/bin/../lib/gcc/arm-none-eabi/12.3.1/thumb/v7e-m+dp/hard\libgcc.a
LOAD C:/ST/STM32CubeIDE_1.16.1/STM32CubeIDE/plugins/com.st.stm32cube.ide.mcu.externaltools.gnu-tools-for-stm32.12.3.rel1.win32_1.0.200.202406191623/tools/bin/../lib/gcc/arm-none-eabi/12.3.1/../../../../arm-none-eabi/lib/thumb/v7e-m+dp/hard\libc_nano.a
END GROUP
START GROUP
LOAD C:/ST/STM32CubeIDE_1.16.1/STM32CubeIDE/plugins/com.st.stm32cube.ide.mcu.externaltools.gnu-tools-for-stm32.12.3.rel1.win32_1.0.200.202406191623/tools/bin/../lib/gcc/arm-none-eabi/12.3.1/thumb/v7e-m+dp/hard\libgcc.a
LOAD C:/ST/STM32CubeIDE_1.16.1/STM32CubeIDE/plugins/com.st.stm32cube.ide.mcu.externaltools.gnu-tools-for-stm32.12.3.rel1.win32_1.0.200.202406191623/tools/bin/../lib/gcc/arm-none-eabi/12.3.1/../../../../arm-none-eabi/lib/thumb/v7e-m+dp/hard\libc_nano.a
LOAD C:/ST/STM32CubeIDE_1.16.1/STM32CubeIDE/plugins/com.st.stm32cube.ide.mcu.externaltools.gnu-tools-for-stm32.12.3.rel1.win32_1.0.200.202406191623/tools/bin/../lib/gcc/arm-none-eabi/12.3.1/../../../../arm-none-eabi/lib/thumb/v7e-m+dp/hard\libnosys.a
END GROUP
START GROUP
LOAD C:/ST/STM32CubeIDE_1.16.1/STM32CubeIDE/plugins/com.st.stm32cube.ide.mcu.externaltools.gnu-tools-for-stm32.12.3.rel1.win32_1.0.200.202406191623/tools/bin/../lib/gcc/arm-none-eabi/12.3.1/thumb/v7e-m+dp/hard\libgcc.a
LOAD C:/ST/STM32CubeIDE_1.16.1/STM32CubeIDE/plugins/com.st.stm32cube.ide.mcu.externaltools.gnu-tools-for-stm32.12.3.rel1.win32_1.0.200.202406191623/tools/bin/../lib/gcc/arm-none-eabi/12.3.1/../../../../arm-none-eabi/lib/thumb/v7e-m+dp/hard\libc_nano.a
LOAD C:/ST/STM32CubeIDE_1.16.1/STM32CubeIDE/plugins/com.st.stm32cube.ide.mcu.externaltools.gnu-tools-for-stm32.12.3.rel1.win32_1.0.200.202406191623/tools/bin/../lib/gcc/arm-none-eabi/12.3.1/../../../../arm-none-eabi/lib/thumb/v7e-m+dp/hard\libnosys.a
END GROUP
LOAD C:/ST/STM32CubeIDE_1.16.1/STM32CubeIDE/plugins/com.st.stm32cube.ide.mcu.externaltools.gnu-tools-for-stm32.12.3.rel1.win32_1.0.200.202406191623/tools/bin/../lib/gcc/arm-none-eabi/12.3.1/thumb/v7e-m+dp/hard/crtend.o
LOAD C:/ST/STM32CubeIDE_1.16.1/STM32CubeIDE/plugins/com.st.stm32cube.ide.mcu.externaltools.gnu-tools-for-stm32.12.3.rel1.win32_1.0.200.202406191623/tools/bin/../lib/gcc/arm-none-eabi/12.3.1/thumb/v7e-m+dp/hard/crtn.o
                0x24080000                        _estack = (ORIGIN (RAM_D1) + LENGTH (RAM_D1))
                0x00000200                        _Min_Heap_Size = 0x200
                0x00000400                        _Min_Stack_Size = 0x400

.isr_vector     0x08000000      0x298
                0x08000000                        . = ALIGN (0x4)
 *(.isr_vector)
 .isr_vector    0x08000000      0x298 ./Core/Startup/startup_stm32h753zitx.o
                0x08000000                g_pfnVectors
                0x08000298                        . = ALIGN (0x4)

.text           0x08000298     0xeca4
                0x08000298                        . = ALIGN (0x4)
 *(.text)
 .text          0x08000298       0x40 C:/ST/STM32CubeIDE_1.16.1/STM32CubeIDE/plugins/com.st.stm32cube.ide.mcu.externaltools.gnu-tools-for-stm32.12.3.rel1.win32_1.0.200.202406191623/tools/bin/../lib/gcc/arm-none-eabi/12.3.1/thumb/v7e-m+dp/hard/crtbegin.o
 .text          0x080002d8       0x30 C:/ST/STM32CubeIDE_1.16.1/STM32CubeIDE/plugins/com.st.stm32cube.ide.mcu.externaltools.gnu-tools-for-stm32.12.3.rel1.win32_1.0.200.202406191623/tools/bin/../lib/gcc/arm-none-eabi/12.3.1/thumb/v7e-m+dp/hard\libgcc.a(_aeabi_uldivmod.o)
                0x080002d8                __aeabi_uldivmod
 .text          0x08000308      0x2bc C:/ST/STM32CubeIDE_1.16.1/STM32CubeIDE/plugins/com.st.stm32cube.ide.mcu.externaltools.gnu-tools-for-stm32.12.3.rel1.win32_1.0.200.202406191623/tools/bin/../lib/gcc/arm-none-eabi/12.3.1/thumb/v7e-m+dp/hard\libgcc.a(_udivmoddi4.o)
                0x08000308                __udivmoddi4
 .text          0x080005c4        0x4 C:/ST/STM32CubeIDE_1.16.1/STM32CubeIDE/plugins/com.st.stm32cube.ide.mcu.externaltools.gnu-tools-for-stm32.12.3.rel1.win32_1.0.200.202406191623/tools/bin/../lib/gcc/arm-none-eabi/12.3.1/thumb/v7e-m+dp/hard\libgcc.a(_dvmd_tls.o)
                0x080005c4                __aeabi_idiv0
                0x080005c4                __aeabi_ldiv0
 *(.text*)
 .text.transmitAudioData.0
                0x080005c8       0x2c ./Core/Src/main.o
 .text.main     0x080005f4       0xc8 ./Core/Src/main.o
                0x080005f4                main
 .text.SystemClock_Config
                0x080006bc       0xf8 ./Core/Src/main.o
                0x080006bc                SystemClock_Config
 .text.PeriphCommonClock_Config
                0x080007b4       0x60 ./Core/Src/main.o
                0x080007b4                PeriphCommonClock_Config
 .text.MX_ETH_Init
                0x08000814       0x98 ./Core/Src/main.o
 .text.MX_SAI1_Init
                0x080008ac       0xc0 ./Core/Src/main.o
 .text.MX_USART3_UART_Init
                0x0800096c       0x98 ./Core/Src/main.o
 .text.MX_DMA_Init
                0x08000a04       0x50 ./Core/Src/main.o
 .text.MX_GPIO_Init
                0x08000a54      0x1b8 ./Core/Src/main.o
 .text.Error_Handler
                0x08000c0c        0xc ./Core/Src/main.o
                0x08000c0c                Error_Handler
 .text.HAL_MspInit
                0x08000c18       0x34 ./Core/Src/stm32h7xx_hal_msp.o
                0x08000c18                HAL_MspInit
 .text.HAL_ETH_MspInit
                0x08000c4c      0x19c ./Core/Src/stm32h7xx_hal_msp.o
                0x08000c4c                HAL_ETH_MspInit
 .text.HAL_UART_MspInit
                0x08000de8       0x94 ./Core/Src/stm32h7xx_hal_msp.o
                0x08000de8                HAL_UART_MspInit
 .text.HAL_SAI_MspInit
                0x08000e7c      0x1ec ./Core/Src/stm32h7xx_hal_msp.o
                0x08000e7c                HAL_SAI_MspInit
 .text.NMI_Handler
                0x08001068        0x8 ./Core/Src/stm32h7xx_it.o
                0x08001068                NMI_Handler
 .text.HardFault_Handler
                0x08001070        0x8 ./Core/Src/stm32h7xx_it.o
                0x08001070                HardFault_Handler
 .text.MemManage_Handler
                0x08001078        0x8 ./Core/Src/stm32h7xx_it.o
                0x08001078                MemManage_Handler
 .text.BusFault_Handler
                0x08001080        0x8 ./Core/Src/stm32h7xx_it.o
                0x08001080                BusFault_Handler
 .text.UsageFault_Handler
                0x08001088        0x8 ./Core/Src/stm32h7xx_it.o
                0x08001088                UsageFault_Handler
 .text.SVC_Handler
                0x08001090        0xe ./Core/Src/stm32h7xx_it.o
                0x08001090                SVC_Handler
 .text.DebugMon_Handler
                0x0800109e        0xe ./Core/Src/stm32h7xx_it.o
                0x0800109e                DebugMon_Handler
 .text.PendSV_Handler
                0x080010ac        0xe ./Core/Src/stm32h7xx_it.o
                0x080010ac                PendSV_Handler
 .text.SysTick_Handler
                0x080010ba        0xc ./Core/Src/stm32h7xx_it.o
                0x080010ba                SysTick_Handler
 *fill*         0x080010c6        0x2 
 .text.DMA1_Stream0_IRQHandler
                0x080010c8       0x14 ./Core/Src/stm32h7xx_it.o
                0x080010c8                DMA1_Stream0_IRQHandler
 .text.DMA1_Stream1_IRQHandler
                0x080010dc       0x14 ./Core/Src/stm32h7xx_it.o
                0x080010dc                DMA1_Stream1_IRQHandler
 .text.OTG_FS_IRQHandler
                0x080010f0       0x14 ./Core/Src/stm32h7xx_it.o
                0x080010f0                OTG_FS_IRQHandler
 .text.SystemInit
                0x08001104      0x110 ./Core/Src/system_stm32h7xx.o
                0x08001104                SystemInit
 .text.Reset_Handler
                0x08001214       0x50 ./Core/Startup/startup_stm32h753zitx.o
                0x08001214                Reset_Handler
 .text.Default_Handler
                0x08001264        0x2 ./Core/Startup/startup_stm32h753zitx.o
                0x08001264                RTC_Alarm_IRQHandler
                0x08001264                HASH_RNG_IRQHandler
                0x08001264                EXTI2_IRQHandler
                0x08001264                TIM8_CC_IRQHandler
                0x08001264                HRTIM1_Master_IRQHandler
                0x08001264                UART8_IRQHandler
                0x08001264                SPI4_IRQHandler
                0x08001264                TIM1_CC_IRQHandler
                0x08001264                BDMA_Channel6_IRQHandler
                0x08001264                DMA2_Stream5_IRQHandler
                0x08001264                HRTIM1_FLT_IRQHandler
                0x08001264                JPEG_IRQHandler
                0x08001264                DMA1_Stream5_IRQHandler
                0x08001264                BDMA_Channel1_IRQHandler
                0x08001264                HRTIM1_TIMD_IRQHandler
                0x08001264                TAMP_STAMP_IRQHandler
                0x08001264                EXTI3_IRQHandler
                0x08001264                LPTIM4_IRQHandler
                0x08001264                TIM8_TRG_COM_TIM14_IRQHandler
                0x08001264                LPTIM2_IRQHandler
                0x08001264                DFSDM1_FLT1_IRQHandler
                0x08001264                DMAMUX2_OVR_IRQHandler
                0x08001264                TIM8_UP_TIM13_IRQHandler
                0x08001264                I2C3_ER_IRQHandler
                0x08001264                DFSDM1_FLT2_IRQHandler
                0x08001264                MDMA_IRQHandler
                0x08001264                LPTIM3_IRQHandler
                0x08001264                HSEM1_IRQHandler
                0x08001264                EXTI0_IRQHandler
                0x08001264                I2C2_EV_IRQHandler
                0x08001264                DMA1_Stream2_IRQHandler
                0x08001264                FPU_IRQHandler
                0x08001264                OTG_HS_WKUP_IRQHandler
                0x08001264                FDCAN1_IT1_IRQHandler
                0x08001264                LTDC_ER_IRQHandler
                0x08001264                DMA2_Stream2_IRQHandler
                0x08001264                HRTIM1_TIME_IRQHandler
                0x08001264                SPI1_IRQHandler
                0x08001264                TIM6_DAC_IRQHandler
                0x08001264                DCMI_IRQHandler
                0x08001264                HRTIM1_TIMC_IRQHandler
                0x08001264                DMA2_Stream3_IRQHandler
                0x08001264                SAI2_IRQHandler
                0x08001264                DFSDM1_FLT3_IRQHandler
                0x08001264                USART6_IRQHandler
                0x08001264                TIM17_IRQHandler
                0x08001264                USART3_IRQHandler
                0x08001264                BDMA_Channel7_IRQHandler
                0x08001264                CRYP_IRQHandler
                0x08001264                LPTIM5_IRQHandler
                0x08001264                UART5_IRQHandler
                0x08001264                ADC3_IRQHandler
                0x08001264                DMA2_Stream0_IRQHandler
                0x08001264                TIM4_IRQHandler
                0x08001264                BDMA_Channel2_IRQHandler
                0x08001264                QUADSPI_IRQHandler
                0x08001264                I2C1_EV_IRQHandler
                0x08001264                DMA1_Stream6_IRQHandler
                0x08001264                DMAMUX1_OVR_IRQHandler
                0x08001264                TIM16_IRQHandler
                0x08001264                UART4_IRQHandler
                0x08001264                BDMA_Channel5_IRQHandler
                0x08001264                TIM3_IRQHandler
                0x08001264                RCC_IRQHandler
                0x08001264                TIM8_BRK_TIM12_IRQHandler
                0x08001264                TIM1_TRG_COM_IRQHandler
                0x08001264                Default_Handler
                0x08001264                ECC_IRQHandler
                0x08001264                CEC_IRQHandler
                0x08001264                EXTI15_10_IRQHandler
                0x08001264                BDMA_Channel0_IRQHandler
                0x08001264                ADC_IRQHandler
                0x08001264                DMA1_Stream7_IRQHandler
                0x08001264                HRTIM1_TIMA_IRQHandler
                0x08001264                SPI5_IRQHandler
                0x08001264                TIM7_IRQHandler
                0x08001264                SDMMC1_IRQHandler
                0x08001264                TIM5_IRQHandler
                0x08001264                DMA2_Stream7_IRQHandler
                0x08001264                TIM15_IRQHandler
                0x08001264                PVD_AVD_IRQHandler
                0x08001264                I2C3_EV_IRQHandler
                0x08001264                EXTI9_5_IRQHandler
                0x08001264                RTC_WKUP_IRQHandler
                0x08001264                LTDC_IRQHandler
                0x08001264                SAI3_IRQHandler
                0x08001264                ETH_WKUP_IRQHandler
                0x08001264                SPDIF_RX_IRQHandler
                0x08001264                SPI2_IRQHandler
                0x08001264                OTG_HS_EP1_IN_IRQHandler
                0x08001264                CRS_IRQHandler
                0x08001264                EXTI4_IRQHandler
                0x08001264                HRTIM1_TIMB_IRQHandler
                0x08001264                FDCAN2_IT1_IRQHandler
                0x08001264                ETH_IRQHandler
                0x08001264                TIM1_UP_IRQHandler
                0x08001264                BDMA_Channel4_IRQHandler
                0x08001264                OTG_HS_EP1_OUT_IRQHandler
                0x08001264                WWDG_IRQHandler
                0x08001264                SPI6_IRQHandler
                0x08001264                MDIOS_IRQHandler
                0x08001264                I2C4_EV_IRQHandler
                0x08001264                FDCAN2_IT0_IRQHandler
                0x08001264                LPUART1_IRQHandler
                0x08001264                FDCAN1_IT0_IRQHandler
                0x08001264                TIM2_IRQHandler
                0x08001264                OTG_FS_WKUP_IRQHandler
                0x08001264                OTG_HS_IRQHandler
                0x08001264                DMA2D_IRQHandler
                0x08001264                TIM1_BRK_IRQHandler
                0x08001264                EXTI1_IRQHandler
                0x08001264                SDMMC2_IRQHandler
                0x08001264                OTG_FS_EP1_OUT_IRQHandler
                0x08001264                BDMA_Channel3_IRQHandler
                0x08001264                UART7_IRQHandler
                0x08001264                MDIOS_WKUP_IRQHandler
                0x08001264                USART2_IRQHandler
                0x08001264                DFSDM1_FLT0_IRQHandler
                0x08001264                SAI4_IRQHandler
                0x08001264                I2C2_ER_IRQHandler
                0x08001264                DMA2_Stream1_IRQHandler
                0x08001264                FLASH_IRQHandler
                0x08001264                DMA2_Stream4_IRQHandler
                0x08001264                USART1_IRQHandler
                0x08001264                SPI3_IRQHandler
                0x08001264                WAKEUP_PIN_IRQHandler
                0x08001264                DMA1_Stream4_IRQHandler
                0x08001264                OTG_FS_EP1_IN_IRQHandler
                0x08001264                I2C1_ER_IRQHandler
                0x08001264                FMC_IRQHandler
                0x08001264                FDCAN_CAL_IRQHandler
                0x08001264                SWPMI1_IRQHandler
                0x08001264                COMP1_IRQHandler
                0x08001264                LPTIM1_IRQHandler
                0x08001264                I2C4_ER_IRQHandler
                0x08001264                DMA2_Stream6_IRQHandler
                0x08001264                SAI1_IRQHandler
                0x08001264                DMA1_Stream3_IRQHandler
 *fill*         0x08001266        0x2 
 .text.HAL_Init
                0x08001268       0x78 ./Drivers/STM32H7xx_HAL_Driver/Src/stm32h7xx_hal.o
                0x08001268                HAL_Init
 .text.HAL_InitTick
                0x080012e0       0x6c ./Drivers/STM32H7xx_HAL_Driver/Src/stm32h7xx_hal.o
                0x080012e0                HAL_InitTick
 .text.HAL_IncTick
                0x0800134c       0x28 ./Drivers/STM32H7xx_HAL_Driver/Src/stm32h7xx_hal.o
                0x0800134c                HAL_IncTick
 .text.HAL_GetTick
                0x08001374       0x18 ./Drivers/STM32H7xx_HAL_Driver/Src/stm32h7xx_hal.o
                0x08001374                HAL_GetTick
 .text.HAL_Delay
                0x0800138c       0x48 ./Drivers/STM32H7xx_HAL_Driver/Src/stm32h7xx_hal.o
                0x0800138c                HAL_Delay
 .text.HAL_GetREVID
                0x080013d4       0x18 ./Drivers/STM32H7xx_HAL_Driver/Src/stm32h7xx_hal.o
                0x080013d4                HAL_GetREVID
 .text.HAL_SYSCFG_ETHInterfaceSelect
                0x080013ec       0x28 ./Drivers/STM32H7xx_HAL_Driver/Src/stm32h7xx_hal.o
                0x080013ec                HAL_SYSCFG_ETHInterfaceSelect
 .text.__NVIC_SetPriorityGrouping
                0x08001414       0x48 ./Drivers/STM32H7xx_HAL_Driver/Src/stm32h7xx_hal_cortex.o
 .text.__NVIC_GetPriorityGrouping
                0x0800145c       0x1c ./Drivers/STM32H7xx_HAL_Driver/Src/stm32h7xx_hal_cortex.o
 .text.__NVIC_EnableIRQ
                0x08001478       0x3c ./Drivers/STM32H7xx_HAL_Driver/Src/stm32h7xx_hal_cortex.o
 .text.__NVIC_SetPriority
                0x080014b4       0x54 ./Drivers/STM32H7xx_HAL_Driver/Src/stm32h7xx_hal_cortex.o
 .text.NVIC_EncodePriority
                0x08001508       0x66 ./Drivers/STM32H7xx_HAL_Driver/Src/stm32h7xx_hal_cortex.o
 *fill*         0x0800156e        0x2 
 .text.SysTick_Config
                0x08001570       0x44 ./Drivers/STM32H7xx_HAL_Driver/Src/stm32h7xx_hal_cortex.o
 .text.HAL_NVIC_SetPriorityGrouping
                0x080015b4       0x16 ./Drivers/STM32H7xx_HAL_Driver/Src/stm32h7xx_hal_cortex.o
                0x080015b4                HAL_NVIC_SetPriorityGrouping
 .text.HAL_NVIC_SetPriority
                0x080015ca       0x34 ./Drivers/STM32H7xx_HAL_Driver/Src/stm32h7xx_hal_cortex.o
                0x080015ca                HAL_NVIC_SetPriority
 .text.HAL_NVIC_EnableIRQ
                0x080015fe       0x1c ./Drivers/STM32H7xx_HAL_Driver/Src/stm32h7xx_hal_cortex.o
                0x080015fe                HAL_NVIC_EnableIRQ
 .text.HAL_SYSTICK_Config
                0x0800161a       0x18 ./Drivers/STM32H7xx_HAL_Driver/Src/stm32h7xx_hal_cortex.o
                0x0800161a                HAL_SYSTICK_Config
 *fill*         0x08001632        0x2 
 .text.HAL_DMA_Init
                0x08001634      0x6b8 ./Drivers/STM32H7xx_HAL_Driver/Src/stm32h7xx_hal_dma.o
                0x08001634                HAL_DMA_Init
 .text.HAL_DMA_Start_IT
                0x08001cec      0x4d4 ./Drivers/STM32H7xx_HAL_Driver/Src/stm32h7xx_hal_dma.o
                0x08001cec                HAL_DMA_Start_IT
 .text.HAL_DMA_IRQHandler
                0x080021c0      0xe54 ./Drivers/STM32H7xx_HAL_Driver/Src/stm32h7xx_hal_dma.o
                0x080021c0                HAL_DMA_IRQHandler
 .text.HAL_DMA_GetError
                0x08003014       0x18 ./Drivers/STM32H7xx_HAL_Driver/Src/stm32h7xx_hal_dma.o
                0x08003014                HAL_DMA_GetError
 .text.DMA_SetConfig
                0x0800302c      0x358 ./Drivers/STM32H7xx_HAL_Driver/Src/stm32h7xx_hal_dma.o
 .text.DMA_CalcBaseAndBitshift
                0x08003384      0x164 ./Drivers/STM32H7xx_HAL_Driver/Src/stm32h7xx_hal_dma.o
 .text.DMA_CheckFifoParam
                0x080034e8       0xf8 ./Drivers/STM32H7xx_HAL_Driver/Src/stm32h7xx_hal_dma.o
 .text.DMA_CalcDMAMUXChannelBaseAndMask
                0x080035e0      0x134 ./Drivers/STM32H7xx_HAL_Driver/Src/stm32h7xx_hal_dma.o
 .text.DMA_CalcDMAMUXRequestGenBaseAndMask
                0x08003714       0xe8 ./Drivers/STM32H7xx_HAL_Driver/Src/stm32h7xx_hal_dma.o
 .text.HAL_ETH_Init
                0x080037fc      0x1fc ./Drivers/STM32H7xx_HAL_Driver/Src/stm32h7xx_hal_eth.o
                0x080037fc                HAL_ETH_Init
 .text.HAL_ETH_SetMDIOClockRange
                0x080039f8       0xa0 ./Drivers/STM32H7xx_HAL_Driver/Src/stm32h7xx_hal_eth.o
                0x080039f8                HAL_ETH_SetMDIOClockRange
 .text.ETH_SetMACConfig
                0x08003a98      0x238 ./Drivers/STM32H7xx_HAL_Driver/Src/stm32h7xx_hal_eth.o
 .text.ETH_SetDMAConfig
                0x08003cd0      0x10c ./Drivers/STM32H7xx_HAL_Driver/Src/stm32h7xx_hal_eth.o
 .text.ETH_MACDMAConfig
                0x08003ddc      0x13a ./Drivers/STM32H7xx_HAL_Driver/Src/stm32h7xx_hal_eth.o
 .text.ETH_DMATxDescListInit
                0x08003f16       0x92 ./Drivers/STM32H7xx_HAL_Driver/Src/stm32h7xx_hal_eth.o
 .text.ETH_DMARxDescListInit
                0x08003fa8       0xba ./Drivers/STM32H7xx_HAL_Driver/Src/stm32h7xx_hal_eth.o
 *fill*         0x08004062        0x2 
 .text.HAL_GPIO_Init
                0x08004064      0x360 ./Drivers/STM32H7xx_HAL_Driver/Src/stm32h7xx_hal_gpio.o
                0x08004064                HAL_GPIO_Init
 .text.HAL_GPIO_WritePin
                0x080043c4       0x32 ./Drivers/STM32H7xx_HAL_Driver/Src/stm32h7xx_hal_gpio.o
                0x080043c4                HAL_GPIO_WritePin
 .text.HAL_PCD_Init
                0x080043f6      0x218 ./Drivers/STM32H7xx_HAL_Driver/Src/stm32h7xx_hal_pcd.o
                0x080043f6                HAL_PCD_Init
 .text.HAL_PCD_Start
                0x0800460e       0x6a ./Drivers/STM32H7xx_HAL_Driver/Src/stm32h7xx_hal_pcd.o
                0x0800460e                HAL_PCD_Start
 .text.HAL_PCD_IRQHandler
                0x08004678      0x99c ./Drivers/STM32H7xx_HAL_Driver/Src/stm32h7xx_hal_pcd.o
                0x08004678                HAL_PCD_IRQHandler
 .text.HAL_PCD_SetAddress
                0x08005014       0x48 ./Drivers/STM32H7xx_HAL_Driver/Src/stm32h7xx_hal_pcd.o
                0x08005014                HAL_PCD_SetAddress
 .text.HAL_PCD_EP_Open
                0x0800505c       0xd0 ./Drivers/STM32H7xx_HAL_Driver/Src/stm32h7xx_hal_pcd.o
                0x0800505c                HAL_PCD_EP_Open
 .text.HAL_PCD_EP_Close
                0x0800512c       0x94 ./Drivers/STM32H7xx_HAL_Driver/Src/stm32h7xx_hal_pcd.o
                0x0800512c                HAL_PCD_EP_Close
 .text.HAL_PCD_EP_Receive
                0x080051c0       0x76 ./Drivers/STM32H7xx_HAL_Driver/Src/stm32h7xx_hal_pcd.o
                0x080051c0                HAL_PCD_EP_Receive
 .text.HAL_PCD_EP_GetRxCount
                0x08005236       0x30 ./Drivers/STM32H7xx_HAL_Driver/Src/stm32h7xx_hal_pcd.o
                0x08005236                HAL_PCD_EP_GetRxCount
 .text.HAL_PCD_EP_Transmit
                0x08005266       0x74 ./Drivers/STM32H7xx_HAL_Driver/Src/stm32h7xx_hal_pcd.o
                0x08005266                HAL_PCD_EP_Transmit
 .text.HAL_PCD_EP_SetStall
                0x080052da       0xc6 ./Drivers/STM32H7xx_HAL_Driver/Src/stm32h7xx_hal_pcd.o
                0x080052da                HAL_PCD_EP_SetStall
 .text.HAL_PCD_EP_ClrStall
                0x080053a0       0xac ./Drivers/STM32H7xx_HAL_Driver/Src/stm32h7xx_hal_pcd.o
                0x080053a0                HAL_PCD_EP_ClrStall
 .text.HAL_PCD_EP_Abort
                0x0800544c       0x62 ./Drivers/STM32H7xx_HAL_Driver/Src/stm32h7xx_hal_pcd.o
                0x0800544c                HAL_PCD_EP_Abort
 .text.PCD_WriteEmptyTxFifo
                0x080054ae      0x118 ./Drivers/STM32H7xx_HAL_Driver/Src/stm32h7xx_hal_pcd.o
 *fill*         0x080055c6        0x2 
 .text.PCD_EP_OutXfrComplete_int
                0x080055c8      0x1d0 ./Drivers/STM32H7xx_HAL_Driver/Src/stm32h7xx_hal_pcd.o
 .text.PCD_EP_OutSetupPacket_int
                0x08005798       0x8c ./Drivers/STM32H7xx_HAL_Driver/Src/stm32h7xx_hal_pcd.o
 .text.HAL_PCDEx_SetTxFiFo
                0x08005824       0x8e ./Drivers/STM32H7xx_HAL_Driver/Src/stm32h7xx_hal_pcd_ex.o
                0x08005824                HAL_PCDEx_SetTxFiFo
 .text.HAL_PCDEx_SetRxFiFo
                0x080058b2       0x22 ./Drivers/STM32H7xx_HAL_Driver/Src/stm32h7xx_hal_pcd_ex.o
                0x080058b2                HAL_PCDEx_SetRxFiFo
 .text.HAL_PCDEx_ActivateLPM
                0x080058d4       0x48 ./Drivers/STM32H7xx_HAL_Driver/Src/stm32h7xx_hal_pcd_ex.o
                0x080058d4                HAL_PCDEx_ActivateLPM
 .text.HAL_PCDEx_LPM_Callback
                0x0800591c       0x18 ./Drivers/STM32H7xx_HAL_Driver/Src/stm32h7xx_hal_pcd_ex.o
                0x0800591c                HAL_PCDEx_LPM_Callback
 .text.HAL_PWREx_ConfigSupply
                0x08005934       0x74 ./Drivers/STM32H7xx_HAL_Driver/Src/stm32h7xx_hal_pwr_ex.o
                0x08005934                HAL_PWREx_ConfigSupply
 .text.HAL_PWREx_EnableUSBVoltageDetector
                0x080059a8       0x20 ./Drivers/STM32H7xx_HAL_Driver/Src/stm32h7xx_hal_pwr_ex.o
                0x080059a8                HAL_PWREx_EnableUSBVoltageDetector
 .text.HAL_RCC_OscConfig
                0x080059c8      0x8b4 ./Drivers/STM32H7xx_HAL_Driver/Src/stm32h7xx_hal_rcc.o
                0x080059c8                HAL_RCC_OscConfig
 .text.HAL_RCC_ClockConfig
                0x0800627c      0x36c ./Drivers/STM32H7xx_HAL_Driver/Src/stm32h7xx_hal_rcc.o
                0x0800627c                HAL_RCC_ClockConfig
 .text.HAL_RCC_GetSysClockFreq
                0x080065e8      0x2f4 ./Drivers/STM32H7xx_HAL_Driver/Src/stm32h7xx_hal_rcc.o
                0x080065e8                HAL_RCC_GetSysClockFreq
 .text.HAL_RCC_GetHCLKFreq
                0x080068dc       0x60 ./Drivers/STM32H7xx_HAL_Driver/Src/stm32h7xx_hal_rcc.o
                0x080068dc                HAL_RCC_GetHCLKFreq
 .text.HAL_RCC_GetPCLK1Freq
                0x0800693c       0x2c ./Drivers/STM32H7xx_HAL_Driver/Src/stm32h7xx_hal_rcc.o
                0x0800693c                HAL_RCC_GetPCLK1Freq
 .text.HAL_RCC_GetPCLK2Freq
                0x08006968       0x2c ./Drivers/STM32H7xx_HAL_Driver/Src/stm32h7xx_hal_rcc.o
                0x08006968                HAL_RCC_GetPCLK2Freq
 .text.HAL_RCCEx_PeriphCLKConfig
                0x08006994     0x1414 ./Drivers/STM32H7xx_HAL_Driver/Src/stm32h7xx_hal_rcc_ex.o
                0x08006994                HAL_RCCEx_PeriphCLKConfig
 .text.HAL_RCCEx_GetPeriphCLKFreq
                0x08007da8      0xb00 ./Drivers/STM32H7xx_HAL_Driver/Src/stm32h7xx_hal_rcc_ex.o
                0x08007da8                HAL_RCCEx_GetPeriphCLKFreq
 .text.HAL_RCCEx_GetD3PCLK1Freq
                0x080088a8       0x2c ./Drivers/STM32H7xx_HAL_Driver/Src/stm32h7xx_hal_rcc_ex.o
                0x080088a8                HAL_RCCEx_GetD3PCLK1Freq
 .text.HAL_RCCEx_GetPLL2ClockFreq
                0x080088d4      0x2a8 ./Drivers/STM32H7xx_HAL_Driver/Src/stm32h7xx_hal_rcc_ex.o
                0x080088d4                HAL_RCCEx_GetPLL2ClockFreq
 .text.HAL_RCCEx_GetPLL3ClockFreq
                0x08008b7c      0x2a8 ./Drivers/STM32H7xx_HAL_Driver/Src/stm32h7xx_hal_rcc_ex.o
                0x08008b7c                HAL_RCCEx_GetPLL3ClockFreq
 .text.HAL_RCCEx_GetPLL1ClockFreq
                0x08008e24      0x2a4 ./Drivers/STM32H7xx_HAL_Driver/Src/stm32h7xx_hal_rcc_ex.o
                0x08008e24                HAL_RCCEx_GetPLL1ClockFreq
 .text.RCCEx_PLL2_Config
                0x080090c8      0x164 ./Drivers/STM32H7xx_HAL_Driver/Src/stm32h7xx_hal_rcc_ex.o
 .text.RCCEx_PLL3_Config
                0x0800922c      0x164 ./Drivers/STM32H7xx_HAL_Driver/Src/stm32h7xx_hal_rcc_ex.o
 .text.HAL_SAI_InitProtocol
                0x08009390       0x62 ./Drivers/STM32H7xx_HAL_Driver/Src/stm32h7xx_hal_sai.o
                0x08009390                HAL_SAI_InitProtocol
 *fill*         0x080093f2        0x2 
 .text.HAL_SAI_Init
                0x080093f4      0x554 ./Drivers/STM32H7xx_HAL_Driver/Src/stm32h7xx_hal_sai.o
                0x080093f4                HAL_SAI_Init
 .text.HAL_SAI_Transmit_DMA
                0x08009948      0x16c ./Drivers/STM32H7xx_HAL_Driver/Src/stm32h7xx_hal_sai.o
                0x08009948                HAL_SAI_Transmit_DMA
 .text.HAL_SAI_TxCpltCallback
                0x08009ab4       0x14 ./Drivers/STM32H7xx_HAL_Driver/Src/stm32h7xx_hal_sai.o
                0x08009ab4                HAL_SAI_TxCpltCallback
 .text.HAL_SAI_TxHalfCpltCallback
                0x08009ac8       0x14 ./Drivers/STM32H7xx_HAL_Driver/Src/stm32h7xx_hal_sai.o
                0x08009ac8                HAL_SAI_TxHalfCpltCallback
 .text.HAL_SAI_ErrorCallback
                0x08009adc       0x14 ./Drivers/STM32H7xx_HAL_Driver/Src/stm32h7xx_hal_sai.o
                0x08009adc                HAL_SAI_ErrorCallback
 .text.SAI_InitI2S
                0x08009af0      0x164 ./Drivers/STM32H7xx_HAL_Driver/Src/stm32h7xx_hal_sai.o
 .text.SAI_InitPCM
                0x08009c54      0x104 ./Drivers/STM32H7xx_HAL_Driver/Src/stm32h7xx_hal_sai.o
 .text.SAI_InterruptFlag
                0x08009d58       0x6e ./Drivers/STM32H7xx_HAL_Driver/Src/stm32h7xx_hal_sai.o
 *fill*         0x08009dc6        0x2 
 .text.SAI_Disable
                0x08009dc8       0x74 ./Drivers/STM32H7xx_HAL_Driver/Src/stm32h7xx_hal_sai.o
 .text.SAI_DMATxCplt
                0x08009e3c       0x60 ./Drivers/STM32H7xx_HAL_Driver/Src/stm32h7xx_hal_sai.o
 .text.SAI_DMATxHalfCplt
                0x08009e9c       0x1c ./Drivers/STM32H7xx_HAL_Driver/Src/stm32h7xx_hal_sai.o
 .text.SAI_DMAError
                0x08009eb8       0x5e ./Drivers/STM32H7xx_HAL_Driver/Src/stm32h7xx_hal_sai.o
 .text.HAL_UART_Init
                0x08009f16       0xa0 ./Drivers/STM32H7xx_HAL_Driver/Src/stm32h7xx_hal_uart.o
                0x08009f16                HAL_UART_Init
 *fill*         0x08009fb6        0x2 
 .text.UART_SetConfig
                0x08009fb8      0xad0 ./Drivers/STM32H7xx_HAL_Driver/Src/stm32h7xx_hal_uart.o
                0x08009fb8                UART_SetConfig
 .text.UART_AdvFeatureConfig
                0x0800aa88      0x144 ./Drivers/STM32H7xx_HAL_Driver/Src/stm32h7xx_hal_uart.o
                0x0800aa88                UART_AdvFeatureConfig
 .text.UART_CheckIdleState
                0x0800abcc      0x154 ./Drivers/STM32H7xx_HAL_Driver/Src/stm32h7xx_hal_uart.o
                0x0800abcc                UART_CheckIdleState
 .text.UART_WaitOnFlagUntilTimeout
                0x0800ad20       0xda ./Drivers/STM32H7xx_HAL_Driver/Src/stm32h7xx_hal_uart.o
                0x0800ad20                UART_WaitOnFlagUntilTimeout
 *fill*         0x0800adfa        0x2 
 .text.UART_EndRxTransfer
                0x0800adfc       0xcc ./Drivers/STM32H7xx_HAL_Driver/Src/stm32h7xx_hal_uart.o
 .text.HAL_UARTEx_DisableFifoMode
                0x0800aec8       0x72 ./Drivers/STM32H7xx_HAL_Driver/Src/stm32h7xx_hal_uart_ex.o
                0x0800aec8                HAL_UARTEx_DisableFifoMode
 .text.HAL_UARTEx_SetTxFifoThreshold
                0x0800af3a       0x7c ./Drivers/STM32H7xx_HAL_Driver/Src/stm32h7xx_hal_uart_ex.o
                0x0800af3a                HAL_UARTEx_SetTxFifoThreshold
 .text.HAL_UARTEx_SetRxFifoThreshold
                0x0800afb6       0x7c ./Drivers/STM32H7xx_HAL_Driver/Src/stm32h7xx_hal_uart_ex.o
                0x0800afb6                HAL_UARTEx_SetRxFifoThreshold
 *fill*         0x0800b032        0x2 
 .text.UARTEx_SetNbDataToProcess
                0x0800b034       0x9c ./Drivers/STM32H7xx_HAL_Driver/Src/stm32h7xx_hal_uart_ex.o
 .text.USB_CoreInit
                0x0800b0d0       0xe4 ./Drivers/STM32H7xx_HAL_Driver/Src/stm32h7xx_ll_usb.o
                0x0800b0d0                USB_CoreInit
 .text.USB_SetTurnaroundTime
                0x0800b1b4      0x144 ./Drivers/STM32H7xx_HAL_Driver/Src/stm32h7xx_ll_usb.o
                0x0800b1b4                USB_SetTurnaroundTime
 .text.USB_EnableGlobalInt
                0x0800b2f8       0x22 ./Drivers/STM32H7xx_HAL_Driver/Src/stm32h7xx_ll_usb.o
                0x0800b2f8                USB_EnableGlobalInt
 .text.USB_DisableGlobalInt
                0x0800b31a       0x22 ./Drivers/STM32H7xx_HAL_Driver/Src/stm32h7xx_ll_usb.o
                0x0800b31a                USB_DisableGlobalInt
 .text.USB_SetCurrentMode
                0x0800b33c       0x98 ./Drivers/STM32H7xx_HAL_Driver/Src/stm32h7xx_ll_usb.o
                0x0800b33c                USB_SetCurrentMode
 .text.USB_DevInit
                0x0800b3d4      0x2bc ./Drivers/STM32H7xx_HAL_Driver/Src/stm32h7xx_ll_usb.o
                0x0800b3d4                USB_DevInit
 .text.USB_FlushTxFifo
                0x0800b690       0x64 ./Drivers/STM32H7xx_HAL_Driver/Src/stm32h7xx_ll_usb.o
                0x0800b690                USB_FlushTxFifo
 .text.USB_FlushRxFifo
                0x0800b6f4       0x5c ./Drivers/STM32H7xx_HAL_Driver/Src/stm32h7xx_ll_usb.o
                0x0800b6f4                USB_FlushRxFifo
 .text.USB_SetDevSpeed
                0x0800b750       0x32 ./Drivers/STM32H7xx_HAL_Driver/Src/stm32h7xx_ll_usb.o
                0x0800b750                USB_SetDevSpeed
 .text.USB_GetDevSpeed
                0x0800b782       0x4a ./Drivers/STM32H7xx_HAL_Driver/Src/stm32h7xx_ll_usb.o
                0x0800b782                USB_GetDevSpeed
 .text.USB_ActivateEndpoint
                0x0800b7cc      0x110 ./Drivers/STM32H7xx_HAL_Driver/Src/stm32h7xx_ll_usb.o
                0x0800b7cc                USB_ActivateEndpoint
 .text.USB_DeactivateEndpoint
                0x0800b8dc      0x1b8 ./Drivers/STM32H7xx_HAL_Driver/Src/stm32h7xx_ll_usb.o
                0x0800b8dc                USB_DeactivateEndpoint
 .text.USB_EPStartXfer
                0x0800ba94      0x540 ./Drivers/STM32H7xx_HAL_Driver/Src/stm32h7xx_ll_usb.o
                0x0800ba94                USB_EPStartXfer
 .text.USB_EPStopXfer
                0x0800bfd4      0x154 ./Drivers/STM32H7xx_HAL_Driver/Src/stm32h7xx_ll_usb.o
                0x0800bfd4                USB_EPStopXfer
 .text.USB_WritePacket
                0x0800c128       0x7c ./Drivers/STM32H7xx_HAL_Driver/Src/stm32h7xx_ll_usb.o
                0x0800c128                USB_WritePacket
 .text.USB_ReadPacket
                0x0800c1a4       0xb0 ./Drivers/STM32H7xx_HAL_Driver/Src/stm32h7xx_ll_usb.o
                0x0800c1a4                USB_ReadPacket
 .text.USB_EPSetStall
                0x0800c254       0xdc ./Drivers/STM32H7xx_HAL_Driver/Src/stm32h7xx_ll_usb.o
                0x0800c254                USB_EPSetStall
 .text.USB_EPClearStall
                0x0800c330       0xcc ./Drivers/STM32H7xx_HAL_Driver/Src/stm32h7xx_ll_usb.o
                0x0800c330                USB_EPClearStall
 .text.USB_SetDevAddress
                0x0800c3fc       0x4c ./Drivers/STM32H7xx_HAL_Driver/Src/stm32h7xx_ll_usb.o
                0x0800c3fc                USB_SetDevAddress
 .text.USB_DevConnect
                0x0800c448       0x42 ./Drivers/STM32H7xx_HAL_Driver/Src/stm32h7xx_ll_usb.o
                0x0800c448                USB_DevConnect
 .text.USB_DevDisconnect
                0x0800c48a       0x42 ./Drivers/STM32H7xx_HAL_Driver/Src/stm32h7xx_ll_usb.o
                0x0800c48a                USB_DevDisconnect
 .text.USB_ReadInterrupts
                0x0800c4cc       0x26 ./Drivers/STM32H7xx_HAL_Driver/Src/stm32h7xx_ll_usb.o
                0x0800c4cc                USB_ReadInterrupts
 .text.USB_ReadDevAllOutEpInterrupt
                0x0800c4f2       0x34 ./Drivers/STM32H7xx_HAL_Driver/Src/stm32h7xx_ll_usb.o
                0x0800c4f2                USB_ReadDevAllOutEpInterrupt
 .text.USB_ReadDevAllInEpInterrupt
                0x0800c526       0x34 ./Drivers/STM32H7xx_HAL_Driver/Src/stm32h7xx_ll_usb.o
                0x0800c526                USB_ReadDevAllInEpInterrupt
 .text.USB_ReadDevOutEPInterrupt
                0x0800c55a       0x3c ./Drivers/STM32H7xx_HAL_Driver/Src/stm32h7xx_ll_usb.o
                0x0800c55a                USB_ReadDevOutEPInterrupt
 .text.USB_ReadDevInEPInterrupt
                0x0800c596       0x5c ./Drivers/STM32H7xx_HAL_Driver/Src/stm32h7xx_ll_usb.o
                0x0800c596                USB_ReadDevInEPInterrupt
 .text.USB_GetMode
                0x0800c5f2       0x1c ./Drivers/STM32H7xx_HAL_Driver/Src/stm32h7xx_ll_usb.o
                0x0800c5f2                USB_GetMode
 *fill*         0x0800c60e        0x2 
 .text.USB_ActivateSetup
                0x0800c610       0x48 ./Drivers/STM32H7xx_HAL_Driver/Src/stm32h7xx_ll_usb.o
                0x0800c610                USB_ActivateSetup
 .text.USB_EP0_OutStart
                0x0800c658       0xbc ./Drivers/STM32H7xx_HAL_Driver/Src/stm32h7xx_ll_usb.o
                0x0800c658                USB_EP0_OutStart
 .text.USB_CoreReset
                0x0800c714       0x62 ./Drivers/STM32H7xx_HAL_Driver/Src/stm32h7xx_ll_usb.o
 *fill*         0x0800c776        0x2 
 .text.USBD_AUDIO_Init
                0x0800c778      0x13c ./Middlewares/ST/STM32_USB_Device_Library/Class/AUDIO/Src/usbd_audio.o
 .text.USBD_AUDIO_DeInit
                0x0800c8b4       0xb4 ./Middlewares/ST/STM32_USB_Device_Library/Class/AUDIO/Src/usbd_audio.o
 .text.USBD_AUDIO_Setup
                0x0800c968      0x1b8 ./Middlewares/ST/STM32_USB_Device_Library/Class/AUDIO/Src/usbd_audio.o
 .text.USBD_AUDIO_GetCfgDesc
                0x0800cb20       0x20 ./Middlewares/ST/STM32_USB_Device_Library/Class/AUDIO/Src/usbd_audio.o
 .text.USBD_AUDIO_DataIn
                0x0800cb40       0x1a ./Middlewares/ST/STM32_USB_Device_Library/Class/AUDIO/Src/usbd_audio.o
 .text.USBD_AUDIO_EP0_RxReady
                0x0800cb5a       0x80 ./Middlewares/ST/STM32_USB_Device_Library/Class/AUDIO/Src/usbd_audio.o
 .text.USBD_AUDIO_EP0_TxReady
                0x0800cbda       0x16 ./Middlewares/ST/STM32_USB_Device_Library/Class/AUDIO/Src/usbd_audio.o
 .text.USBD_AUDIO_SOF
                0x0800cbf0       0x16 ./Middlewares/ST/STM32_USB_Device_Library/Class/AUDIO/Src/usbd_audio.o
 .text.USBD_AUDIO_IsoINIncomplete
                0x0800cc06       0x1a ./Middlewares/ST/STM32_USB_Device_Library/Class/AUDIO/Src/usbd_audio.o
 .text.USBD_AUDIO_IsoOutIncomplete
                0x0800cc20       0x58 ./Middlewares/ST/STM32_USB_Device_Library/Class/AUDIO/Src/usbd_audio.o
 .text.USBD_AUDIO_DataOut
                0x0800cc78      0x12c ./Middlewares/ST/STM32_USB_Device_Library/Class/AUDIO/Src/usbd_audio.o
 .text.AUDIO_REQ_GetCurrent
                0x0800cda4       0x58 ./Middlewares/ST/STM32_USB_Device_Library/Class/AUDIO/Src/usbd_audio.o
 .text.AUDIO_REQ_SetCurrent
                0x0800cdfc       0x88 ./Middlewares/ST/STM32_USB_Device_Library/Class/AUDIO/Src/usbd_audio.o
 .text.USBD_AUDIO_GetDeviceQualifierDesc
                0x0800ce84       0x20 ./Middlewares/ST/STM32_USB_Device_Library/Class/AUDIO/Src/usbd_audio.o
 .text.USBD_AUDIO_RegisterInterface
                0x0800cea4       0x34 ./Middlewares/ST/STM32_USB_Device_Library/Class/AUDIO/Src/usbd_audio.o
                0x0800cea4                USBD_AUDIO_RegisterInterface
 .text.USBD_AUDIO_GetAudioHeaderDesc
                0x0800ced8       0x64 ./Middlewares/ST/STM32_USB_Device_Library/Class/AUDIO/Src/usbd_audio.o
 .text.USBD_Init
                0x0800cf3c       0x60 ./Middlewares/ST/STM32_USB_Device_Library/Core/Src/usbd_core.o
                0x0800cf3c                USBD_Init
 .text.USBD_RegisterClass
                0x0800cf9c       0x6c ./Middlewares/ST/STM32_USB_Device_Library/Core/Src/usbd_core.o
                0x0800cf9c                USBD_RegisterClass
 .text.USBD_Start
                0x0800d008       0x18 ./Middlewares/ST/STM32_USB_Device_Library/Core/Src/usbd_core.o
                0x0800d008                USBD_Start
 .text.USBD_RunTestMode
                0x0800d020       0x16 ./Middlewares/ST/STM32_USB_Device_Library/Core/Src/usbd_core.o
                0x0800d020                USBD_RunTestMode
 .text.USBD_SetClassConfig
                0x0800d036       0x38 ./Middlewares/ST/STM32_USB_Device_Library/Core/Src/usbd_core.o
                0x0800d036                USBD_SetClassConfig
 .text.USBD_ClrClassConfig
                0x0800d06e       0x34 ./Middlewares/ST/STM32_USB_Device_Library/Core/Src/usbd_core.o
                0x0800d06e                USBD_ClrClassConfig
 .text.USBD_LL_SetupStage
                0x0800d0a2       0xaa ./Middlewares/ST/STM32_USB_Device_Library/Core/Src/usbd_core.o
                0x0800d0a2                USBD_LL_SetupStage
 .text.USBD_LL_DataOutStage
                0x0800d14c      0x166 ./Middlewares/ST/STM32_USB_Device_Library/Core/Src/usbd_core.o
                0x0800d14c                USBD_LL_DataOutStage
 .text.USBD_LL_DataInStage
                0x0800d2b2      0x164 ./Middlewares/ST/STM32_USB_Device_Library/Core/Src/usbd_core.o
                0x0800d2b2                USBD_LL_DataInStage
 .text.USBD_LL_Reset
                0x0800d416       0xa4 ./Middlewares/ST/STM32_USB_Device_Library/Core/Src/usbd_core.o
                0x0800d416                USBD_LL_Reset
 .text.USBD_LL_SetSpeed
                0x0800d4ba       0x20 ./Middlewares/ST/STM32_USB_Device_Library/Core/Src/usbd_core.o
                0x0800d4ba                USBD_LL_SetSpeed
 .text.USBD_LL_Suspend
                0x0800d4da       0x38 ./Middlewares/ST/STM32_USB_Device_Library/Core/Src/usbd_core.o
                0x0800d4da                USBD_LL_Suspend
 .text.USBD_LL_Resume
                0x0800d512       0x30 ./Middlewares/ST/STM32_USB_Device_Library/Core/Src/usbd_core.o
                0x0800d512                USBD_LL_Resume
 .text.USBD_LL_SOF
                0x0800d542       0x40 ./Middlewares/ST/STM32_USB_Device_Library/Core/Src/usbd_core.o
                0x0800d542                USBD_LL_SOF
 .text.USBD_LL_IsoINIncomplete
                0x0800d582       0x64 ./Middlewares/ST/STM32_USB_Device_Library/Core/Src/usbd_core.o
                0x0800d582                USBD_LL_IsoINIncomplete
 .text.USBD_LL_IsoOUTIncomplete
                0x0800d5e6       0x64 ./Middlewares/ST/STM32_USB_Device_Library/Core/Src/usbd_core.o
                0x0800d5e6                USBD_LL_IsoOUTIncomplete
 .text.USBD_LL_DevConnected
                0x0800d64a       0x16 ./Middlewares/ST/STM32_USB_Device_Library/Core/Src/usbd_core.o
                0x0800d64a                USBD_LL_DevConnected
 .text.USBD_LL_DevDisconnected
                0x0800d660       0x46 ./Middlewares/ST/STM32_USB_Device_Library/Core/Src/usbd_core.o
                0x0800d660                USBD_LL_DevDisconnected
 .text.USBD_CoreFindIF
                0x0800d6a6       0x1a ./Middlewares/ST/STM32_USB_Device_Library/Core/Src/usbd_core.o
                0x0800d6a6                USBD_CoreFindIF
 .text.USBD_CoreFindEP
                0x0800d6c0       0x1a ./Middlewares/ST/STM32_USB_Device_Library/Core/Src/usbd_core.o
                0x0800d6c0                USBD_CoreFindEP
 .text.USBD_GetNextDesc
                0x0800d6da       0x38 ./Middlewares/ST/STM32_USB_Device_Library/Core/Src/usbd_core.o
                0x0800d6da                USBD_GetNextDesc
 .text.SWAPBYTE
                0x0800d712       0x3c ./Middlewares/ST/STM32_USB_Device_Library/Core/Src/usbd_ctlreq.o
 *fill*         0x0800d74e        0x2 
 .text.USBD_StdDevReq
                0x0800d750       0xe4 ./Middlewares/ST/STM32_USB_Device_Library/Core/Src/usbd_ctlreq.o
                0x0800d750                USBD_StdDevReq
 .text.USBD_StdItfReq
                0x0800d834       0xd8 ./Middlewares/ST/STM32_USB_Device_Library/Core/Src/usbd_ctlreq.o
                0x0800d834                USBD_StdItfReq
 .text.USBD_StdEPReq
                0x0800d90c      0x33a ./Middlewares/ST/STM32_USB_Device_Library/Core/Src/usbd_ctlreq.o
                0x0800d90c                USBD_StdEPReq
 *fill*         0x0800dc46        0x2 
 .text.USBD_GetDescriptor
                0x0800dc48      0x328 ./Middlewares/ST/STM32_USB_Device_Library/Core/Src/usbd_ctlreq.o
 .text.USBD_SetAddress
                0x0800df70       0x88 ./Middlewares/ST/STM32_USB_Device_Library/Core/Src/usbd_ctlreq.o
 .text.USBD_SetConfig
                0x0800dff8      0x154 ./Middlewares/ST/STM32_USB_Device_Library/Core/Src/usbd_ctlreq.o
 .text.USBD_GetConfig
                0x0800e14c       0x6c ./Middlewares/ST/STM32_USB_Device_Library/Core/Src/usbd_ctlreq.o
 .text.USBD_GetStatus
                0x0800e1b8       0x68 ./Middlewares/ST/STM32_USB_Device_Library/Core/Src/usbd_ctlreq.o
 .text.USBD_SetFeature
                0x0800e220       0x52 ./Middlewares/ST/STM32_USB_Device_Library/Core/Src/usbd_ctlreq.o
 .text.USBD_ClrFeature
                0x0800e272       0x44 ./Middlewares/ST/STM32_USB_Device_Library/Core/Src/usbd_ctlreq.o
 .text.USBD_ParseSetupRequest
                0x0800e2b6       0x74 ./Middlewares/ST/STM32_USB_Device_Library/Core/Src/usbd_ctlreq.o
                0x0800e2b6                USBD_ParseSetupRequest
 .text.USBD_CtlError
                0x0800e32a       0x22 ./Middlewares/ST/STM32_USB_Device_Library/Core/Src/usbd_ctlreq.o
                0x0800e32a                USBD_CtlError
 .text.USBD_GetString
                0x0800e34c       0xa4 ./Middlewares/ST/STM32_USB_Device_Library/Core/Src/usbd_ctlreq.o
                0x0800e34c                USBD_GetString
 .text.USBD_GetLen
                0x0800e3f0       0x34 ./Middlewares/ST/STM32_USB_Device_Library/Core/Src/usbd_ctlreq.o
 .text.USBD_CtlSendData
                0x0800e424       0x36 ./Middlewares/ST/STM32_USB_Device_Library/Core/Src/usbd_ioreq.o
                0x0800e424                USBD_CtlSendData
 .text.USBD_CtlContinueSendData
                0x0800e45a       0x22 ./Middlewares/ST/STM32_USB_Device_Library/Core/Src/usbd_ioreq.o
                0x0800e45a                USBD_CtlContinueSendData
 .text.USBD_CtlPrepareRx
                0x0800e47c       0x3a ./Middlewares/ST/STM32_USB_Device_Library/Core/Src/usbd_ioreq.o
                0x0800e47c                USBD_CtlPrepareRx
 .text.USBD_CtlContinueRx
                0x0800e4b6       0x22 ./Middlewares/ST/STM32_USB_Device_Library/Core/Src/usbd_ioreq.o
                0x0800e4b6                USBD_CtlContinueRx
 .text.USBD_CtlSendStatus
                0x0800e4d8       0x26 ./Middlewares/ST/STM32_USB_Device_Library/Core/Src/usbd_ioreq.o
                0x0800e4d8                USBD_CtlSendStatus
 .text.USBD_CtlReceiveStatus
                0x0800e4fe       0x26 ./Middlewares/ST/STM32_USB_Device_Library/Core/Src/usbd_ioreq.o
                0x0800e4fe                USBD_CtlReceiveStatus
 .text.MX_USB_DEVICE_Init
                0x0800e524       0x64 ./USB_DEVICE/App/usb_device.o
                0x0800e524                MX_USB_DEVICE_Init
 .text.AUDIO_Init_FS
                0x0800e588       0x1a ./USB_DEVICE/App/usbd_audio_if.o
 .text.AUDIO_DeInit_FS
                0x0800e5a2       0x16 ./USB_DEVICE/App/usbd_audio_if.o
 .text.AUDIO_AudioCmd_FS
                0x0800e5b8       0x28 ./USB_DEVICE/App/usbd_audio_if.o
 .text.AUDIO_VolumeCtl_FS
                0x0800e5e0       0x18 ./USB_DEVICE/App/usbd_audio_if.o
 .text.AUDIO_MuteCtl_FS
                0x0800e5f8       0x18 ./USB_DEVICE/App/usbd_audio_if.o
 .text.AUDIO_PeriodicTC_FS
                0x0800e610       0x1c ./USB_DEVICE/App/usbd_audio_if.o
 .text.AUDIO_GetState_FS
                0x0800e62c       0x10 ./USB_DEVICE/App/usbd_audio_if.o
 .text.USBD_FS_DeviceDescriptor
                0x0800e63c       0x24 ./USB_DEVICE/App/usbd_desc.o
                0x0800e63c                USBD_FS_DeviceDescriptor
 .text.USBD_FS_LangIDStrDescriptor
                0x0800e660       0x24 ./USB_DEVICE/App/usbd_desc.o
                0x0800e660                USBD_FS_LangIDStrDescriptor
 .text.USBD_FS_ProductStrDescriptor
                0x0800e684       0x3c ./USB_DEVICE/App/usbd_desc.o
                0x0800e684                USBD_FS_ProductStrDescriptor
 .text.USBD_FS_ManufacturerStrDescriptor
                0x0800e6c0       0x28 ./USB_DEVICE/App/usbd_desc.o
                0x0800e6c0                USBD_FS_ManufacturerStrDescriptor
 .text.USBD_FS_SerialStrDescriptor
                0x0800e6e8       0x24 ./USB_DEVICE/App/usbd_desc.o
                0x0800e6e8                USBD_FS_SerialStrDescriptor
 .text.USBD_FS_ConfigStrDescriptor
                0x0800e70c       0x3c ./USB_DEVICE/App/usbd_desc.o
                0x0800e70c                USBD_FS_ConfigStrDescriptor
 .text.USBD_FS_InterfaceStrDescriptor
                0x0800e748       0x3c ./USB_DEVICE/App/usbd_desc.o
                0x0800e748                USBD_FS_InterfaceStrDescriptor
 .text.Get_SerialNum
                0x0800e784       0x58 ./USB_DEVICE/App/usbd_desc.o
 .text.IntToUnicode
                0x0800e7dc       0x7e ./USB_DEVICE/App/usbd_desc.o
 *fill*         0x0800e85a        0x2 
 .text.HAL_PCD_MspInit
                0x0800e85c       0xe8 ./USB_DEVICE/Target/usbd_conf.o
                0x0800e85c                HAL_PCD_MspInit
 .text.HAL_PCD_SetupStageCallback
                0x0800e944       0x24 ./USB_DEVICE/Target/usbd_conf.o
                0x0800e944                HAL_PCD_SetupStageCallback
 .text.HAL_PCD_DataOutStageCallback
                0x0800e968       0x36 ./USB_DEVICE/Target/usbd_conf.o
                0x0800e968                HAL_PCD_DataOutStageCallback
 .text.HAL_PCD_DataInStageCallback
                0x0800e99e       0x34 ./USB_DEVICE/Target/usbd_conf.o
                0x0800e99e                HAL_PCD_DataInStageCallback
 .text.HAL_PCD_SOFCallback
                0x0800e9d2       0x1c ./USB_DEVICE/Target/usbd_conf.o
                0x0800e9d2                HAL_PCD_SOFCallback
 .text.HAL_PCD_ResetCallback
                0x0800e9ee       0x50 ./USB_DEVICE/Target/usbd_conf.o
                0x0800e9ee                HAL_PCD_ResetCallback
 *fill*         0x0800ea3e        0x2 
 .text.HAL_PCD_SuspendCallback
                0x0800ea40       0x4c ./USB_DEVICE/Target/usbd_conf.o
                0x0800ea40                HAL_PCD_SuspendCallback
 .text.HAL_PCD_ResumeCallback
                0x0800ea8c       0x1c ./USB_DEVICE/Target/usbd_conf.o
                0x0800ea8c                HAL_PCD_ResumeCallback
 .text.HAL_PCD_ISOOUTIncompleteCallback
                0x0800eaa8       0x24 ./USB_DEVICE/Target/usbd_conf.o
                0x0800eaa8                HAL_PCD_ISOOUTIncompleteCallback
 .text.HAL_PCD_ISOINIncompleteCallback
                0x0800eacc       0x24 ./USB_DEVICE/Target/usbd_conf.o
                0x0800eacc                HAL_PCD_ISOINIncompleteCallback
 .text.HAL_PCD_ConnectCallback
                0x0800eaf0       0x1c ./USB_DEVICE/Target/usbd_conf.o
                0x0800eaf0                HAL_PCD_ConnectCallback
 .text.HAL_PCD_DisconnectCallback
                0x0800eb0c       0x1c ./USB_DEVICE/Target/usbd_conf.o
                0x0800eb0c                HAL_PCD_DisconnectCallback
 .text.USBD_LL_Init
                0x0800eb28       0xa0 ./USB_DEVICE/Target/usbd_conf.o
                0x0800eb28                USBD_LL_Init
 .text.USBD_LL_Start
                0x0800ebc8       0x36 ./USB_DEVICE/Target/usbd_conf.o
                0x0800ebc8                USBD_LL_Start
 .text.USBD_LL_OpenEP
                0x0800ebfe       0x4c ./USB_DEVICE/Target/usbd_conf.o
                0x0800ebfe                USBD_LL_OpenEP
 .text.USBD_LL_CloseEP
                0x0800ec4a       0x3e ./USB_DEVICE/Target/usbd_conf.o
                0x0800ec4a                USBD_LL_CloseEP
 .text.USBD_LL_StallEP
                0x0800ec88       0x3e ./USB_DEVICE/Target/usbd_conf.o
                0x0800ec88                USBD_LL_StallEP
 .text.USBD_LL_ClearStallEP
                0x0800ecc6       0x3e ./USB_DEVICE/Target/usbd_conf.o
                0x0800ecc6                USBD_LL_ClearStallEP
 .text.USBD_LL_IsStallEP
                0x0800ed04       0x58 ./USB_DEVICE/Target/usbd_conf.o
                0x0800ed04                USBD_LL_IsStallEP
 .text.USBD_LL_SetUSBAddress
                0x0800ed5c       0x3e ./USB_DEVICE/Target/usbd_conf.o
                0x0800ed5c                USBD_LL_SetUSBAddress
 .text.USBD_LL_Transmit
                0x0800ed9a       0x42 ./USB_DEVICE/Target/usbd_conf.o
                0x0800ed9a                USBD_LL_Transmit
 .text.USBD_LL_PrepareReceive
                0x0800eddc       0x42 ./USB_DEVICE/Target/usbd_conf.o
                0x0800eddc                USBD_LL_PrepareReceive
 .text.USBD_LL_GetRxDataSize
                0x0800ee1e       0x26 ./USB_DEVICE/Target/usbd_conf.o
                0x0800ee1e                USBD_LL_GetRxDataSize
 .text.USBD_static_malloc
                0x0800ee44       0x1c ./USB_DEVICE/Target/usbd_conf.o
                0x0800ee44                USBD_static_malloc
 .text.USBD_static_free
                0x0800ee60       0x14 ./USB_DEVICE/Target/usbd_conf.o
                0x0800ee60                USBD_static_free
 .text.USBD_Get_USB_Status
                0x0800ee74       0x58 ./USB_DEVICE/Target/usbd_conf.o
                0x0800ee74                USBD_Get_USB_Status
 .text.memset   0x0800eecc       0x10 C:/ST/STM32CubeIDE_1.16.1/STM32CubeIDE/plugins/com.st.stm32cube.ide.mcu.externaltools.gnu-tools-for-stm32.12.3.rel1.win32_1.0.200.202406191623/tools/bin/../lib/gcc/arm-none-eabi/12.3.1/../../../../arm-none-eabi/lib/thumb/v7e-m+dp/hard\libc_nano.a(libc_a-memset.o)
                0x0800eecc                memset
 .text.__libc_init_array
                0x0800eedc       0x48 C:/ST/STM32CubeIDE_1.16.1/STM32CubeIDE/plugins/com.st.stm32cube.ide.mcu.externaltools.gnu-tools-for-stm32.12.3.rel1.win32_1.0.200.202406191623/tools/bin/../lib/gcc/arm-none-eabi/12.3.1/../../../../arm-none-eabi/lib/thumb/v7e-m+dp/hard\libc_nano.a(libc_a-init.o)
                0x0800eedc                __libc_init_array
 *(.glue_7)
 .glue_7        0x0800ef24        0x0 linker stubs
 *(.glue_7t)
 .glue_7t       0x0800ef24        0x0 linker stubs
 *(.eh_frame)
 .eh_frame      0x0800ef24        0x0 C:/ST/STM32CubeIDE_1.16.1/STM32CubeIDE/plugins/com.st.stm32cube.ide.mcu.externaltools.gnu-tools-for-stm32.12.3.rel1.win32_1.0.200.202406191623/tools/bin/../lib/gcc/arm-none-eabi/12.3.1/thumb/v7e-m+dp/hard/crtbegin.o
 *(.init)
 .init          0x0800ef24        0x4 C:/ST/STM32CubeIDE_1.16.1/STM32CubeIDE/plugins/com.st.stm32cube.ide.mcu.externaltools.gnu-tools-for-stm32.12.3.rel1.win32_1.0.200.202406191623/tools/bin/../lib/gcc/arm-none-eabi/12.3.1/thumb/v7e-m+dp/hard/crti.o
                0x0800ef24                _init
 .init          0x0800ef28        0x8 C:/ST/STM32CubeIDE_1.16.1/STM32CubeIDE/plugins/com.st.stm32cube.ide.mcu.externaltools.gnu-tools-for-stm32.12.3.rel1.win32_1.0.200.202406191623/tools/bin/../lib/gcc/arm-none-eabi/12.3.1/thumb/v7e-m+dp/hard/crtn.o
 *(.fini)
 .fini          0x0800ef30        0x4 C:/ST/STM32CubeIDE_1.16.1/STM32CubeIDE/plugins/com.st.stm32cube.ide.mcu.externaltools.gnu-tools-for-stm32.12.3.rel1.win32_1.0.200.202406191623/tools/bin/../lib/gcc/arm-none-eabi/12.3.1/thumb/v7e-m+dp/hard/crti.o
                0x0800ef30                _fini
 .fini          0x0800ef34        0x8 C:/ST/STM32CubeIDE_1.16.1/STM32CubeIDE/plugins/com.st.stm32cube.ide.mcu.externaltools.gnu-tools-for-stm32.12.3.rel1.win32_1.0.200.202406191623/tools/bin/../lib/gcc/arm-none-eabi/12.3.1/thumb/v7e-m+dp/hard/crtn.o
                0x0800ef3c                        . = ALIGN (0x4)
                0x0800ef3c                        _etext = .

.vfp11_veneer   0x0800ef3c        0x0
 .vfp11_veneer  0x0800ef3c        0x0 linker stubs

.v4_bx          0x0800ef3c        0x0
 .v4_bx         0x0800ef3c        0x0 linker stubs

.iplt           0x0800ef3c        0x0
 .iplt          0x0800ef3c        0x0 C:/ST/STM32CubeIDE_1.16.1/STM32CubeIDE/plugins/com.st.stm32cube.ide.mcu.externaltools.gnu-tools-for-stm32.12.3.rel1.win32_1.0.200.202406191623/tools/bin/../lib/gcc/arm-none-eabi/12.3.1/thumb/v7e-m+dp/hard/crtbegin.o

.rodata         0x0800ef3c       0x88
                0x0800ef3c                        . = ALIGN (0x4)
 *(.rodata)
 .rodata        0x0800ef3c       0x48 ./USB_DEVICE/App/usbd_desc.o
 *(.rodata*)
 .rodata.D1CorePrescTable
                0x0800ef84       0x10 ./Core/Src/system_stm32h7xx.o
                0x0800ef84                D1CorePrescTable
 .rodata.flagBitshiftOffset.0
                0x0800ef94        0x8 ./Drivers/STM32H7xx_HAL_Driver/Src/stm32h7xx_hal_dma.o
 .rodata.UARTPrescTable
                0x0800ef9c       0x18 ./Drivers/STM32H7xx_HAL_Driver/Src/stm32h7xx_hal_uart.o
                0x0800ef9c                UARTPrescTable
 .rodata.numerator.1
                0x0800efb4        0x8 ./Drivers/STM32H7xx_HAL_Driver/Src/stm32h7xx_hal_uart_ex.o
 .rodata.denominator.0
                0x0800efbc        0x8 ./Drivers/STM32H7xx_HAL_Driver/Src/stm32h7xx_hal_uart_ex.o
                0x0800efc4                        . = ALIGN (0x4)

.ARM.extab
 *(.ARM.extab* .gnu.linkonce.armextab.*)

.ARM            0x0800efc4        0x8
                0x0800efc4                        __exidx_start = .
 *(.ARM.exidx*)
 .ARM.exidx     0x0800efc4        0x8 C:/ST/STM32CubeIDE_1.16.1/STM32CubeIDE/plugins/com.st.stm32cube.ide.mcu.externaltools.gnu-tools-for-stm32.12.3.rel1.win32_1.0.200.202406191623/tools/bin/../lib/gcc/arm-none-eabi/12.3.1/thumb/v7e-m+dp/hard\libgcc.a(_udivmoddi4.o)
                0x0800efcc                        __exidx_end = .

.preinit_array  0x0800efcc        0x0
                0x0800efcc                        PROVIDE (__preinit_array_start = .)
 *(.preinit_array*)
                0x0800efcc                        PROVIDE (__preinit_array_end = .)

.init_array     0x0800efcc        0x4
                0x0800efcc                        PROVIDE (__init_array_start = .)
 *(SORT_BY_NAME(.init_array.*))
 *(.init_array*)
 .init_array    0x0800efcc        0x4 C:/ST/STM32CubeIDE_1.16.1/STM32CubeIDE/plugins/com.st.stm32cube.ide.mcu.externaltools.gnu-tools-for-stm32.12.3.rel1.win32_1.0.200.202406191623/tools/bin/../lib/gcc/arm-none-eabi/12.3.1/thumb/v7e-m+dp/hard/crtbegin.o
                0x0800efd0                        PROVIDE (__init_array_end = .)

.fini_array     0x0800efd0        0x4
                [!provide]                        PROVIDE (__fini_array_start = .)
 *(SORT_BY_NAME(.fini_array.*))
 *(.fini_array*)
 .fini_array    0x0800efd0        0x4 C:/ST/STM32CubeIDE_1.16.1/STM32CubeIDE/plugins/com.st.stm32cube.ide.mcu.externaltools.gnu-tools-for-stm32.12.3.rel1.win32_1.0.200.202406191623/tools/bin/../lib/gcc/arm-none-eabi/12.3.1/thumb/v7e-m+dp/hard/crtbegin.o
                [!provide]                        PROVIDE (__fini_array_end = .)
                0x0800efd4                        _sidata = LOADADDR (.data)

.rel.dyn        0x0800efd4        0x0
 .rel.iplt      0x0800efd4        0x0 C:/ST/STM32CubeIDE_1.16.1/STM32CubeIDE/plugins/com.st.stm32cube.ide.mcu.externaltools.gnu-tools-for-stm32.12.3.rel1.win32_1.0.200.202406191623/tools/bin/../lib/gcc/arm-none-eabi/12.3.1/thumb/v7e-m+dp/hard/crtbegin.o

.data           0x24000000      0x134 load address 0x0800efd4
                0x24000000                        . = ALIGN (0x4)
                0x24000000                        _sdata = .
 *(.data)
 *(.data*)
 .data.SystemCoreClock
                0x24000000        0x4 ./Core/Src/system_stm32h7xx.o
                0x24000000                SystemCoreClock
 .data.SystemD2Clock
                0x24000004        0x4 ./Core/Src/system_stm32h7xx.o
                0x24000004                SystemD2Clock
 .data.uwTickPrio
                0x24000008        0x4 ./Drivers/STM32H7xx_HAL_Driver/Src/stm32h7xx_hal.o
                0x24000008                uwTickPrio
 .data.uwTickFreq
                0x2400000c        0x1 ./Drivers/STM32H7xx_HAL_Driver/Src/stm32h7xx_hal.o
                0x2400000c                uwTickFreq
 *fill*         0x2400000d        0x3 
 .data.USBD_AUDIO
                0x24000010       0x38 ./Middlewares/ST/STM32_USB_Device_Library/Class/AUDIO/Src/usbd_audio.o
                0x24000010                USBD_AUDIO
 .data.USBD_AUDIO_CfgDesc
                0x24000048       0x6d ./Middlewares/ST/STM32_USB_Device_Library/Class/AUDIO/Src/usbd_audio.o
 *fill*         0x240000b5        0x3 
 .data.USBD_AUDIO_DeviceQualifierDesc
                0x240000b8        0xa ./Middlewares/ST/STM32_USB_Device_Library/Class/AUDIO/Src/usbd_audio.o
 .data.AUDIOOutEpAdd
                0x240000c2        0x1 ./Middlewares/ST/STM32_USB_Device_Library/Class/AUDIO/Src/usbd_audio.o
 *fill*         0x240000c3        0x1 
 .data.USBD_AUDIO_fops_FS
                0x240000c4       0x1c ./USB_DEVICE/App/usbd_audio_if.o
                0x240000c4                USBD_AUDIO_fops_FS
 .data.FS_Desc  0x240000e0       0x20 ./USB_DEVICE/App/usbd_desc.o
                0x240000e0                FS_Desc
 .data.USBD_FS_DeviceDesc
                0x24000100       0x12 ./USB_DEVICE/App/usbd_desc.o
                0x24000100                USBD_FS_DeviceDesc
 *fill*         0x24000112        0x2 
 .data.USBD_LangIDDesc
                0x24000114        0x4 ./USB_DEVICE/App/usbd_desc.o
                0x24000114                USBD_LangIDDesc
 .data.USBD_StringSerial
                0x24000118       0x1a ./USB_DEVICE/App/usbd_desc.o
                0x24000118                USBD_StringSerial
 *(.RamFunc)
 *(.RamFunc*)
                0x24000134                        . = ALIGN (0x4)
 *fill*         0x24000132        0x2 
                0x24000134                        _edata = .

.igot.plt       0x24000134        0x0 load address 0x0800f108
 .igot.plt      0x24000134        0x0 C:/ST/STM32CubeIDE_1.16.1/STM32CubeIDE/plugins/com.st.stm32cube.ide.mcu.externaltools.gnu-tools-for-stm32.12.3.rel1.win32_1.0.200.202406191623/tools/bin/../lib/gcc/arm-none-eabi/12.3.1/thumb/v7e-m+dp/hard/crtbegin.o

.RxDecripSection
                0x24000134       0x60 load address 0x0800f108
 .RxDecripSection
                0x24000134       0x60 ./Core/Src/main.o
                0x24000134                DMARxDscrTab

.TxDecripSection
                0x24000194       0x60 load address 0x0800f168
 .TxDecripSection
                0x24000194       0x60 ./Core/Src/main.o
                0x24000194                DMATxDscrTab
                0x240001f4                        . = ALIGN (0x4)

.bss            0x240001f4     0x49e0 load address 0x0800f1c8
                0x240001f4                        _sbss = .
                0x240001f4                        __bss_start__ = _sbss
 *(.bss)
 .bss           0x240001f4       0x1c C:/ST/STM32CubeIDE_1.16.1/STM32CubeIDE/plugins/com.st.stm32cube.ide.mcu.externaltools.gnu-tools-for-stm32.12.3.rel1.win32_1.0.200.202406191623/tools/bin/../lib/gcc/arm-none-eabi/12.3.1/thumb/v7e-m+dp/hard/crtbegin.o
 *(.bss*)
 .bss.TxConfig  0x24000210       0x38 ./Core/Src/main.o
                0x24000210                TxConfig
 .bss.heth      0x24000248       0xb0 ./Core/Src/main.o
                0x24000248                heth
 .bss.hsai_BlockA1
                0x240002f8       0x98 ./Core/Src/main.o
                0x240002f8                hsai_BlockA1
 .bss.hsai_BlockB1
                0x24000390       0x98 ./Core/Src/main.o
                0x24000390                hsai_BlockB1
 .bss.hdma_sai1_a
                0x24000428       0x78 ./Core/Src/main.o
                0x24000428                hdma_sai1_a
 .bss.hdma_sai1_b
                0x240004a0       0x78 ./Core/Src/main.o
                0x240004a0                hdma_sai1_b
 .bss.huart3    0x24000518       0x94 ./Core/Src/main.o
                0x24000518                huart3
 .bss.MACAddr.1
                0x240005ac        0x6 ./Core/Src/main.o
 *fill*         0x240005b2        0x2 
 .bss.SAI1_client
                0x240005b4        0x4 ./Core/Src/stm32h7xx_hal_msp.o
 .bss.uwTick    0x240005b8        0x4 ./Drivers/STM32H7xx_HAL_Driver/Src/stm32h7xx_hal.o
                0x240005b8                uwTick
 .bss.cfgidx.0  0x240005bc        0x1 ./Middlewares/ST/STM32_USB_Device_Library/Core/Src/usbd_ctlreq.o
 *fill*         0x240005bd        0x3 
 .bss.hUsbDeviceFS
                0x240005c0      0x2dc ./USB_DEVICE/App/usb_device.o
                0x240005c0                hUsbDeviceFS
 .bss.USBD_StrDesc
                0x2400089c      0x200 ./USB_DEVICE/App/usbd_desc.o
                0x2400089c                USBD_StrDesc
 .bss.hpcd_USB_OTG_FS
                0x24000a9c      0x4e4 ./USB_DEVICE/Target/usbd_conf.o
                0x24000a9c                hpcd_USB_OTG_FS
 .bss.mem.0     0x24000f80     0x3c54 ./USB_DEVICE/Target/usbd_conf.o
 *(COMMON)
                0x24004bd4                        . = ALIGN (0x4)
                0x24004bd4                        _ebss = .
                0x24004bd4                        __bss_end__ = _ebss

._user_heap_stack
                0x24004bd4      0x604 load address 0x0800f1c8
                0x24004bd8                        . = ALIGN (0x8)
 *fill*         0x24004bd4        0x4 
                [!provide]                        PROVIDE (end = .)
                0x24004bd8                        PROVIDE (_end = .)
                0x24004dd8                        . = (. + _Min_Heap_Size)
 *fill*         0x24004bd8      0x200 
                0x240051d8                        . = (. + _Min_Stack_Size)
 *fill*         0x24004dd8      0x400 
                0x240051d8                        . = ALIGN (0x8)

/DISCARD/
 libc.a(*)
 libm.a(*)
 libgcc.a(*)

.ARM.attributes
                0x00000000       0x2e
 *(.ARM.attributes)
 .ARM.attributes
                0x00000000       0x20 C:/ST/STM32CubeIDE_1.16.1/STM32CubeIDE/plugins/com.st.stm32cube.ide.mcu.externaltools.gnu-tools-for-stm32.12.3.rel1.win32_1.0.200.202406191623/tools/bin/../lib/gcc/arm-none-eabi/12.3.1/thumb/v7e-m+dp/hard/crti.o
 .ARM.attributes
                0x00000020       0x32 C:/ST/STM32CubeIDE_1.16.1/STM32CubeIDE/plugins/com.st.stm32cube.ide.mcu.externaltools.gnu-tools-for-stm32.12.3.rel1.win32_1.0.200.202406191623/tools/bin/../lib/gcc/arm-none-eabi/12.3.1/thumb/v7e-m+dp/hard/crtbegin.o
 .ARM.attributes
                0x00000052       0x32 ./Core/Src/main.o
 .ARM.attributes
                0x00000084       0x32 ./Core/Src/stm32h7xx_hal_msp.o
 .ARM.attributes
                0x000000b6       0x32 ./Core/Src/stm32h7xx_it.o
 .ARM.attributes
                0x000000e8       0x32 ./Core/Src/system_stm32h7xx.o
 .ARM.attributes
                0x0000011a       0x21 ./Core/Startup/startup_stm32h753zitx.o
 .ARM.attributes
                0x0000013b       0x32 ./Drivers/STM32H7xx_HAL_Driver/Src/stm32h7xx_hal.o
 .ARM.attributes
                0x0000016d       0x32 ./Drivers/STM32H7xx_HAL_Driver/Src/stm32h7xx_hal_cortex.o
 .ARM.attributes
                0x0000019f       0x32 ./Drivers/STM32H7xx_HAL_Driver/Src/stm32h7xx_hal_dma.o
 .ARM.attributes
                0x000001d1       0x32 ./Drivers/STM32H7xx_HAL_Driver/Src/stm32h7xx_hal_eth.o
 .ARM.attributes
                0x00000203       0x32 ./Drivers/STM32H7xx_HAL_Driver/Src/stm32h7xx_hal_gpio.o
 .ARM.attributes
                0x00000235       0x32 ./Drivers/STM32H7xx_HAL_Driver/Src/stm32h7xx_hal_pcd.o
 .ARM.attributes
                0x00000267       0x32 ./Drivers/STM32H7xx_HAL_Driver/Src/stm32h7xx_hal_pcd_ex.o
 .ARM.attributes
                0x00000299       0x32 ./Drivers/STM32H7xx_HAL_Driver/Src/stm32h7xx_hal_pwr_ex.o
 .ARM.attributes
                0x000002cb       0x32 ./Drivers/STM32H7xx_HAL_Driver/Src/stm32h7xx_hal_rcc.o
 .ARM.attributes
                0x000002fd       0x32 ./Drivers/STM32H7xx_HAL_Driver/Src/stm32h7xx_hal_rcc_ex.o
 .ARM.attributes
                0x0000032f       0x32 ./Drivers/STM32H7xx_HAL_Driver/Src/stm32h7xx_hal_sai.o
 .ARM.attributes
                0x00000361       0x32 ./Drivers/STM32H7xx_HAL_Driver/Src/stm32h7xx_hal_uart.o
 .ARM.attributes
                0x00000393       0x32 ./Drivers/STM32H7xx_HAL_Driver/Src/stm32h7xx_hal_uart_ex.o
 .ARM.attributes
                0x000003c5       0x32 ./Drivers/STM32H7xx_HAL_Driver/Src/stm32h7xx_ll_usb.o
 .ARM.attributes
                0x000003f7       0x32 ./Middlewares/ST/STM32_USB_Device_Library/Class/AUDIO/Src/usbd_audio.o
 .ARM.attributes
                0x00000429       0x32 ./Middlewares/ST/STM32_USB_Device_Library/Core/Src/usbd_core.o
 .ARM.attributes
                0x0000045b       0x32 ./Middlewares/ST/STM32_USB_Device_Library/Core/Src/usbd_ctlreq.o
 .ARM.attributes
                0x0000048d       0x32 ./Middlewares/ST/STM32_USB_Device_Library/Core/Src/usbd_ioreq.o
 .ARM.attributes
                0x000004bf       0x32 ./USB_DEVICE/App/usb_device.o
 .ARM.attributes
                0x000004f1       0x32 ./USB_DEVICE/App/usbd_audio_if.o
 .ARM.attributes
                0x00000523       0x32 ./USB_DEVICE/App/usbd_desc.o
 .ARM.attributes
                0x00000555       0x32 ./USB_DEVICE/Target/usbd_conf.o
 .ARM.attributes
                0x00000587       0x32 C:/ST/STM32CubeIDE_1.16.1/STM32CubeIDE/plugins/com.st.stm32cube.ide.mcu.externaltools.gnu-tools-for-stm32.12.3.rel1.win32_1.0.200.202406191623/tools/bin/../lib/gcc/arm-none-eabi/12.3.1/../../../../arm-none-eabi/lib/thumb/v7e-m+dp/hard\libc_nano.a(libc_a-memset.o)
 .ARM.attributes
                0x000005b9       0x32 C:/ST/STM32CubeIDE_1.16.1/STM32CubeIDE/plugins/com.st.stm32cube.ide.mcu.externaltools.gnu-tools-for-stm32.12.3.rel1.win32_1.0.200.202406191623/tools/bin/../lib/gcc/arm-none-eabi/12.3.1/../../../../arm-none-eabi/lib/thumb/v7e-m+dp/hard\libc_nano.a(libc_a-init.o)
 .ARM.attributes
                0x000005eb       0x20 C:/ST/STM32CubeIDE_1.16.1/STM32CubeIDE/plugins/com.st.stm32cube.ide.mcu.externaltools.gnu-tools-for-stm32.12.3.rel1.win32_1.0.200.202406191623/tools/bin/../lib/gcc/arm-none-eabi/12.3.1/thumb/v7e-m+dp/hard\libgcc.a(_aeabi_uldivmod.o)
 .ARM.attributes
                0x0000060b       0x32 C:/ST/STM32CubeIDE_1.16.1/STM32CubeIDE/plugins/com.st.stm32cube.ide.mcu.externaltools.gnu-tools-for-stm32.12.3.rel1.win32_1.0.200.202406191623/tools/bin/../lib/gcc/arm-none-eabi/12.3.1/thumb/v7e-m+dp/hard\libgcc.a(_udivmoddi4.o)
 .ARM.attributes
                0x0000063d       0x20 C:/ST/STM32CubeIDE_1.16.1/STM32CubeIDE/plugins/com.st.stm32cube.ide.mcu.externaltools.gnu-tools-for-stm32.12.3.rel1.win32_1.0.200.202406191623/tools/bin/../lib/gcc/arm-none-eabi/12.3.1/thumb/v7e-m+dp/hard\libgcc.a(_dvmd_tls.o)
 .ARM.attributes
                0x0000065d       0x20 C:/ST/STM32CubeIDE_1.16.1/STM32CubeIDE/plugins/com.st.stm32cube.ide.mcu.externaltools.gnu-tools-for-stm32.12.3.rel1.win32_1.0.200.202406191623/tools/bin/../lib/gcc/arm-none-eabi/12.3.1/thumb/v7e-m+dp/hard/crtn.o
OUTPUT(DAC_Single_753.elf elf32-littlearm)
LOAD linker stubs
LOAD C:/ST/STM32CubeIDE_1.16.1/STM32CubeIDE/plugins/com.st.stm32cube.ide.mcu.externaltools.gnu-tools-for-stm32.12.3.rel1.win32_1.0.200.202406191623/tools/bin/../lib/gcc/arm-none-eabi/12.3.1/../../../../arm-none-eabi/lib/thumb/v7e-m+dp/hard\libc.a
LOAD C:/ST/STM32CubeIDE_1.16.1/STM32CubeIDE/plugins/com.st.stm32cube.ide.mcu.externaltools.gnu-tools-for-stm32.12.3.rel1.win32_1.0.200.202406191623/tools/bin/../lib/gcc/arm-none-eabi/12.3.1/../../../../arm-none-eabi/lib/thumb/v7e-m+dp/hard\libm.a
LOAD C:/ST/STM32CubeIDE_1.16.1/STM32CubeIDE/plugins/com.st.stm32cube.ide.mcu.externaltools.gnu-tools-for-stm32.12.3.rel1.win32_1.0.200.202406191623/tools/bin/../lib/gcc/arm-none-eabi/12.3.1/thumb/v7e-m+dp/hard\libgcc.a

.debug_info     0x00000000    0x210d4
 .debug_info    0x00000000     0x2f6f ./Core/Src/main.o
 .debug_info    0x00002f6f     0x2181 ./Core/Src/stm32h7xx_hal_msp.o
 .debug_info    0x000050f0      0x9d1 ./Core/Src/stm32h7xx_it.o
 .debug_info    0x00005ac1      0xcef ./Core/Src/system_stm32h7xx.o
 .debug_info    0x000067b0       0x30 ./Core/Startup/startup_stm32h753zitx.o
 .debug_info    0x000067e0     0x1541 ./Drivers/STM32H7xx_HAL_Driver/Src/stm32h7xx_hal.o
 .debug_info    0x00007d21     0x10b2 ./Drivers/STM32H7xx_HAL_Driver/Src/stm32h7xx_hal_cortex.o
 .debug_info    0x00008dd3      0xc27 ./Drivers/STM32H7xx_HAL_Driver/Src/stm32h7xx_hal_dma.o
 .debug_info    0x000099fa     0x2a30 ./Drivers/STM32H7xx_HAL_Driver/Src/stm32h7xx_hal_eth.o
 .debug_info    0x0000c42a      0xc4b ./Drivers/STM32H7xx_HAL_Driver/Src/stm32h7xx_hal_gpio.o
 .debug_info    0x0000d075     0x1561 ./Drivers/STM32H7xx_HAL_Driver/Src/stm32h7xx_hal_pcd.o
 .debug_info    0x0000e5d6      0x8b3 ./Drivers/STM32H7xx_HAL_Driver/Src/stm32h7xx_hal_pcd_ex.o
 .debug_info    0x0000ee89     0x1008 ./Drivers/STM32H7xx_HAL_Driver/Src/stm32h7xx_hal_pwr_ex.o
 .debug_info    0x0000fe91      0xe5b ./Drivers/STM32H7xx_HAL_Driver/Src/stm32h7xx_hal_rcc.o
 .debug_info    0x00010cec     0x1216 ./Drivers/STM32H7xx_HAL_Driver/Src/stm32h7xx_hal_rcc_ex.o
 .debug_info    0x00011f02     0x13cd ./Drivers/STM32H7xx_HAL_Driver/Src/stm32h7xx_hal_sai.o
 .debug_info    0x000132cf     0x4b13 ./Drivers/STM32H7xx_HAL_Driver/Src/stm32h7xx_hal_uart.o
 .debug_info    0x00017de2      0xfbf ./Drivers/STM32H7xx_HAL_Driver/Src/stm32h7xx_hal_uart_ex.o
 .debug_info    0x00018da1     0x1a1e ./Drivers/STM32H7xx_HAL_Driver/Src/stm32h7xx_ll_usb.o
 .debug_info    0x0001a7bf      0xea6 ./Middlewares/ST/STM32_USB_Device_Library/Class/AUDIO/Src/usbd_audio.o
 .debug_info    0x0001b665      0xe20 ./Middlewares/ST/STM32_USB_Device_Library/Core/Src/usbd_core.o
 .debug_info    0x0001c485      0xaf9 ./Middlewares/ST/STM32_USB_Device_Library/Core/Src/usbd_ctlreq.o
 .debug_info    0x0001cf7e      0x770 ./Middlewares/ST/STM32_USB_Device_Library/Core/Src/usbd_ioreq.o
 .debug_info    0x0001d6ee      0x750 ./USB_DEVICE/App/usb_device.o
 .debug_info    0x0001de3e      0x87d ./USB_DEVICE/App/usbd_audio_if.o
 .debug_info    0x0001e6bb      0x48f ./USB_DEVICE/App/usbd_desc.o
 .debug_info    0x0001eb4a     0x258a ./USB_DEVICE/Target/usbd_conf.o

.debug_abbrev   0x00000000     0x4184
 .debug_abbrev  0x00000000      0x338 ./Core/Src/main.o
 .debug_abbrev  0x00000338      0x278 ./Core/Src/stm32h7xx_hal_msp.o
 .debug_abbrev  0x000005b0      0x1d2 ./Core/Src/stm32h7xx_it.o
 .debug_abbrev  0x00000782      0x14c ./Core/Src/system_stm32h7xx.o
 .debug_abbrev  0x000008ce       0x24 ./Core/Startup/startup_stm32h753zitx.o
 .debug_abbrev  0x000008f2      0x295 ./Drivers/STM32H7xx_HAL_Driver/Src/stm32h7xx_hal.o
 .debug_abbrev  0x00000b87      0x339 ./Drivers/STM32H7xx_HAL_Driver/Src/stm32h7xx_hal_cortex.o
 .debug_abbrev  0x00000ec0      0x248 ./Drivers/STM32H7xx_HAL_Driver/Src/stm32h7xx_hal_dma.o
 .debug_abbrev  0x00001108      0x347 ./Drivers/STM32H7xx_HAL_Driver/Src/stm32h7xx_hal_eth.o
 .debug_abbrev  0x0000144f      0x1fe ./Drivers/STM32H7xx_HAL_Driver/Src/stm32h7xx_hal_gpio.o
 .debug_abbrev  0x0000164d      0x2dc ./Drivers/STM32H7xx_HAL_Driver/Src/stm32h7xx_hal_pcd.o
 .debug_abbrev  0x00001929      0x256 ./Drivers/STM32H7xx_HAL_Driver/Src/stm32h7xx_hal_pcd_ex.o
 .debug_abbrev  0x00001b7f      0x2a7 ./Drivers/STM32H7xx_HAL_Driver/Src/stm32h7xx_hal_pwr_ex.o
 .debug_abbrev  0x00001e26      0x2c8 ./Drivers/STM32H7xx_HAL_Driver/Src/stm32h7xx_hal_rcc.o
 .debug_abbrev  0x000020ee      0x269 ./Drivers/STM32H7xx_HAL_Driver/Src/stm32h7xx_hal_rcc_ex.o
 .debug_abbrev  0x00002357      0x28b ./Drivers/STM32H7xx_HAL_Driver/Src/stm32h7xx_hal_sai.o
 .debug_abbrev  0x000025e2      0x33d ./Drivers/STM32H7xx_HAL_Driver/Src/stm32h7xx_hal_uart.o
 .debug_abbrev  0x0000291f      0x2d2 ./Drivers/STM32H7xx_HAL_Driver/Src/stm32h7xx_hal_uart_ex.o
 .debug_abbrev  0x00002bf1      0x2b3 ./Drivers/STM32H7xx_HAL_Driver/Src/stm32h7xx_ll_usb.o
 .debug_abbrev  0x00002ea4      0x316 ./Middlewares/ST/STM32_USB_Device_Library/Class/AUDIO/Src/usbd_audio.o
 .debug_abbrev  0x000031ba      0x27c ./Middlewares/ST/STM32_USB_Device_Library/Core/Src/usbd_core.o
 .debug_abbrev  0x00003436      0x26f ./Middlewares/ST/STM32_USB_Device_Library/Core/Src/usbd_ctlreq.o
 .debug_abbrev  0x000036a5      0x19a ./Middlewares/ST/STM32_USB_Device_Library/Core/Src/usbd_ioreq.o
 .debug_abbrev  0x0000383f      0x1e3 ./USB_DEVICE/App/usb_device.o
 .debug_abbrev  0x00003a22      0x217 ./USB_DEVICE/App/usbd_audio_if.o
 .debug_abbrev  0x00003c39      0x1f3 ./USB_DEVICE/App/usbd_desc.o
 .debug_abbrev  0x00003e2c      0x358 ./USB_DEVICE/Target/usbd_conf.o

.debug_aranges  0x00000000     0x15e0
 .debug_aranges
                0x00000000       0x68 ./Core/Src/main.o
 .debug_aranges
                0x00000068       0x50 ./Core/Src/stm32h7xx_hal_msp.o
 .debug_aranges
                0x000000b8       0x78 ./Core/Src/stm32h7xx_it.o
 .debug_aranges
                0x00000130       0x28 ./Core/Src/system_stm32h7xx.o
 .debug_aranges
                0x00000158       0x28 ./Core/Startup/startup_stm32h753zitx.o
 .debug_aranges
                0x00000180      0x198 ./Drivers/STM32H7xx_HAL_Driver/Src/stm32h7xx_hal.o
 .debug_aranges
                0x00000318      0x130 ./Drivers/STM32H7xx_HAL_Driver/Src/stm32h7xx_hal_cortex.o
 .debug_aranges
                0x00000448       0xa0 ./Drivers/STM32H7xx_HAL_Driver/Src/stm32h7xx_hal_dma.o
 .debug_aranges
                0x000004e8      0x1d8 ./Drivers/STM32H7xx_HAL_Driver/Src/stm32h7xx_hal_eth.o
 .debug_aranges
                0x000006c0       0x58 ./Drivers/STM32H7xx_HAL_Driver/Src/stm32h7xx_hal_gpio.o
 .debug_aranges
                0x00000718      0x140 ./Drivers/STM32H7xx_HAL_Driver/Src/stm32h7xx_hal_pcd.o
 .debug_aranges
                0x00000858       0x60 ./Drivers/STM32H7xx_HAL_Driver/Src/stm32h7xx_hal_pcd_ex.o
 .debug_aranges
                0x000008b8      0x158 ./Drivers/STM32H7xx_HAL_Driver/Src/stm32h7xx_hal_pwr_ex.o
 .debug_aranges
                0x00000a10       0x88 ./Drivers/STM32H7xx_HAL_Driver/Src/stm32h7xx_hal_rcc.o
 .debug_aranges
                0x00000a98       0xf8 ./Drivers/STM32H7xx_HAL_Driver/Src/stm32h7xx_hal_rcc_ex.o
 .debug_aranges
                0x00000b90      0x178 ./Drivers/STM32H7xx_HAL_Driver/Src/stm32h7xx_hal_sai.o
 .debug_aranges
                0x00000d08      0x248 ./Drivers/STM32H7xx_HAL_Driver/Src/stm32h7xx_hal_uart.o
 .debug_aranges
                0x00000f50       0xa8 ./Drivers/STM32H7xx_HAL_Driver/Src/stm32h7xx_hal_uart_ex.o
 .debug_aranges
                0x00000ff8      0x1a0 ./Drivers/STM32H7xx_HAL_Driver/Src/stm32h7xx_ll_usb.o
 .debug_aranges
                0x00001198       0xa0 ./Middlewares/ST/STM32_USB_Device_Library/Class/AUDIO/Src/usbd_audio.o
 .debug_aranges
                0x00001238       0xd8 ./Middlewares/ST/STM32_USB_Device_Library/Core/Src/usbd_core.o
 .debug_aranges
                0x00001310       0x90 ./Middlewares/ST/STM32_USB_Device_Library/Core/Src/usbd_ctlreq.o
 .debug_aranges
                0x000013a0       0x50 ./Middlewares/ST/STM32_USB_Device_Library/Core/Src/usbd_ioreq.o
 .debug_aranges
                0x000013f0       0x20 ./USB_DEVICE/App/usb_device.o
 .debug_aranges
                0x00001410       0x60 ./USB_DEVICE/App/usbd_audio_if.o
 .debug_aranges
                0x00001470       0x60 ./USB_DEVICE/App/usbd_desc.o
 .debug_aranges
                0x000014d0      0x110 ./USB_DEVICE/Target/usbd_conf.o

.debug_rnglists
                0x00000000     0x10d8
 .debug_rnglists
                0x00000000       0x4f ./Core/Src/main.o
 .debug_rnglists
                0x0000004f       0x3c ./Core/Src/stm32h7xx_hal_msp.o
 .debug_rnglists
                0x0000008b       0x55 ./Core/Src/stm32h7xx_it.o
 .debug_rnglists
                0x000000e0       0x1b ./Core/Src/system_stm32h7xx.o
 .debug_rnglists
                0x000000fb       0x19 ./Core/Startup/startup_stm32h753zitx.o
 .debug_rnglists
                0x00000114      0x131 ./Drivers/STM32H7xx_HAL_Driver/Src/stm32h7xx_hal.o
 .debug_rnglists
                0x00000245       0xe0 ./Drivers/STM32H7xx_HAL_Driver/Src/stm32h7xx_hal_cortex.o
 .debug_rnglists
                0x00000325       0x82 ./Drivers/STM32H7xx_HAL_Driver/Src/stm32h7xx_hal_dma.o
 .debug_rnglists
                0x000003a7      0x176 ./Drivers/STM32H7xx_HAL_Driver/Src/stm32h7xx_hal_eth.o
 .debug_rnglists
                0x0000051d       0x3f ./Drivers/STM32H7xx_HAL_Driver/Src/stm32h7xx_hal_gpio.o
 .debug_rnglists
                0x0000055c       0xf4 ./Drivers/STM32H7xx_HAL_Driver/Src/stm32h7xx_hal_pcd.o
 .debug_rnglists
                0x00000650       0x45 ./Drivers/STM32H7xx_HAL_Driver/Src/stm32h7xx_hal_pcd_ex.o
 .debug_rnglists
                0x00000695      0x103 ./Drivers/STM32H7xx_HAL_Driver/Src/stm32h7xx_hal_pwr_ex.o
 .debug_rnglists
                0x00000798       0x68 ./Drivers/STM32H7xx_HAL_Driver/Src/stm32h7xx_hal_rcc.o
 .debug_rnglists
                0x00000800       0xc0 ./Drivers/STM32H7xx_HAL_Driver/Src/stm32h7xx_hal_rcc_ex.o
 .debug_rnglists
                0x000008c0      0x136 ./Drivers/STM32H7xx_HAL_Driver/Src/stm32h7xx_hal_sai.o
 .debug_rnglists
                0x000009f6      0x1fa ./Drivers/STM32H7xx_HAL_Driver/Src/stm32h7xx_hal_uart.o
 .debug_rnglists
                0x00000bf0       0x7f ./Drivers/STM32H7xx_HAL_Driver/Src/stm32h7xx_hal_uart_ex.o
 .debug_rnglists
                0x00000c6f      0x147 ./Drivers/STM32H7xx_HAL_Driver/Src/stm32h7xx_ll_usb.o
 .debug_rnglists
                0x00000db6       0x7a ./Middlewares/ST/STM32_USB_Device_Library/Class/AUDIO/Src/usbd_audio.o
 .debug_rnglists
                0x00000e30       0xa1 ./Middlewares/ST/STM32_USB_Device_Library/Core/Src/usbd_core.o
 .debug_rnglists
                0x00000ed1       0x6e ./Middlewares/ST/STM32_USB_Device_Library/Core/Src/usbd_ctlreq.o
 .debug_rnglists
                0x00000f3f       0x37 ./Middlewares/ST/STM32_USB_Device_Library/Core/Src/usbd_ioreq.o
 .debug_rnglists
                0x00000f76       0x13 ./USB_DEVICE/App/usb_device.o
 .debug_rnglists
                0x00000f89       0x43 ./USB_DEVICE/App/usbd_audio_if.o
 .debug_rnglists
                0x00000fcc       0x43 ./USB_DEVICE/App/usbd_desc.o
 .debug_rnglists
                0x0000100f       0xc9 ./USB_DEVICE/Target/usbd_conf.o

.debug_macro    0x00000000    0x3af8c
 .debug_macro   0x00000000      0x3b9 ./Core/Src/main.o
 .debug_macro   0x000003b9      0xacc ./Core/Src/main.o
 .debug_macro   0x00000e85      0x244 ./Core/Src/main.o
 .debug_macro   0x000010c9       0x2e ./Core/Src/main.o
 .debug_macro   0x000010f7       0x3b ./Core/Src/main.o
 .debug_macro   0x00001132       0x22 ./Core/Src/main.o
 .debug_macro   0x00001154       0x8e ./Core/Src/main.o
 .debug_macro   0x000011e2       0x51 ./Core/Src/main.o
 .debug_macro   0x00001233      0x103 ./Core/Src/main.o
 .debug_macro   0x00001336       0x6a ./Core/Src/main.o
 .debug_macro   0x000013a0      0x1df ./Core/Src/main.o
 .debug_macro   0x0000157f       0x1c ./Core/Src/main.o
 .debug_macro   0x0000159b       0x22 ./Core/Src/main.o
 .debug_macro   0x000015bd       0xfb ./Core/Src/main.o
 .debug_macro   0x000016b8     0x1305 ./Core/Src/main.o
 .debug_macro   0x000029bd      0x11f ./Core/Src/main.o
 .debug_macro   0x00002adc       0x27 ./Core/Src/main.o
 .debug_macro   0x00002b03    0x25f24 ./Core/Src/main.o
 .debug_macro   0x00028a27       0x6d ./Core/Src/main.o
 .debug_macro   0x00028a94     0x3d79 ./Core/Src/main.o
 .debug_macro   0x0002c80d      0x189 ./Core/Src/main.o
 .debug_macro   0x0002c996       0x61 ./Core/Src/main.o
 .debug_macro   0x0002c9f7       0x29 ./Core/Src/main.o
 .debug_macro   0x0002ca20       0x43 ./Core/Src/main.o
 .debug_macro   0x0002ca63       0x34 ./Core/Src/main.o
 .debug_macro   0x0002ca97       0x16 ./Core/Src/main.o
 .debug_macro   0x0002caad       0x43 ./Core/Src/main.o
 .debug_macro   0x0002caf0       0x34 ./Core/Src/main.o
 .debug_macro   0x0002cb24       0x10 ./Core/Src/main.o
 .debug_macro   0x0002cb34       0x58 ./Core/Src/main.o
 .debug_macro   0x0002cb8c       0x8e ./Core/Src/main.o
 .debug_macro   0x0002cc1a       0x1c ./Core/Src/main.o
 .debug_macro   0x0002cc36      0x177 ./Core/Src/main.o
 .debug_macro   0x0002cdad      0x369 ./Core/Src/main.o
 .debug_macro   0x0002d116      0x19b ./Core/Src/main.o
 .debug_macro   0x0002d2b1       0x5d ./Core/Src/main.o
 .debug_macro   0x0002d30e     0x240e ./Core/Src/main.o
 .debug_macro   0x0002f71c     0x102c ./Core/Src/main.o
 .debug_macro   0x00030748      0x154 ./Core/Src/main.o
 .debug_macro   0x0003089c      0x114 ./Core/Src/main.o
 .debug_macro   0x000309b0      0x3b6 ./Core/Src/main.o
 .debug_macro   0x00030d66       0xac ./Core/Src/main.o
 .debug_macro   0x00030e12      0x72d ./Core/Src/main.o
 .debug_macro   0x0003153f      0x228 ./Core/Src/main.o
 .debug_macro   0x00031767       0x66 ./Core/Src/main.o
 .debug_macro   0x000317cd      0x3bb ./Core/Src/main.o
 .debug_macro   0x00031b88      0xa80 ./Core/Src/main.o
 .debug_macro   0x00032608      0x129 ./Core/Src/main.o
 .debug_macro   0x00032731      0x3e4 ./Core/Src/main.o
 .debug_macro   0x00032b15      0x275 ./Core/Src/main.o
 .debug_macro   0x00032d8a      0x3ca ./Core/Src/main.o
 .debug_macro   0x00033154      0x408 ./Core/Src/main.o
 .debug_macro   0x0003355c       0x51 ./Core/Src/main.o
 .debug_macro   0x000335ad       0x4a ./Core/Src/main.o
 .debug_macro   0x000335f7      0x22c ./Core/Src/main.o
 .debug_macro   0x00033823       0x67 ./Core/Src/main.o
 .debug_macro   0x0003388a       0xa5 ./Core/Src/main.o
 .debug_macro   0x0003392f      0x1c4 ./Core/Src/main.o
 .debug_macro   0x00033af3      0x25e ./Core/Src/main.o
 .debug_macro   0x00033d51       0x35 ./Core/Src/main.o
 .debug_macro   0x00033d86      0x3bb ./Core/Src/main.o
 .debug_macro   0x00034141       0x10 ./Core/Src/main.o
 .debug_macro   0x00034151       0xe4 ./Core/Src/main.o
 .debug_macro   0x00034235      0x693 ./Core/Src/main.o
 .debug_macro   0x000348c8       0xa6 ./Core/Src/main.o
 .debug_macro   0x0003496e      0x293 ./Core/Src/main.o
 .debug_macro   0x00034c01       0x90 ./Core/Src/main.o
 .debug_macro   0x00034c91      0x5a0 ./Core/Src/main.o
 .debug_macro   0x00035231       0x64 ./Core/Src/main.o
 .debug_macro   0x00035295       0x16 ./Core/Src/main.o
 .debug_macro   0x000352ab       0x35 ./Core/Src/main.o
 .debug_macro   0x000352e0       0x20 ./Core/Src/main.o
 .debug_macro   0x00035300       0x1c ./Core/Src/main.o
 .debug_macro   0x0003531c       0x10 ./Core/Src/main.o
 .debug_macro   0x0003532c       0x1c ./Core/Src/main.o
 .debug_macro   0x00035348       0x16 ./Core/Src/main.o
 .debug_macro   0x0003535e      0x146 ./Core/Src/main.o
 .debug_macro   0x000354a4       0x16 ./Core/Src/main.o
 .debug_macro   0x000354ba       0x16 ./Core/Src/main.o
 .debug_macro   0x000354d0       0x29 ./Core/Src/main.o
 .debug_macro   0x000354f9       0x6b ./Core/Src/main.o
 .debug_macro   0x00035564      0x20f ./Core/Src/main.o
 .debug_macro   0x00035773      0x2f3 ./Core/Src/stm32h7xx_hal_msp.o
 .debug_macro   0x00035a66      0x2fd ./Core/Src/stm32h7xx_it.o
 .debug_macro   0x00035d63      0x2e4 ./Core/Src/system_stm32h7xx.o
 .debug_macro   0x00036047      0x30e ./Drivers/STM32H7xx_HAL_Driver/Src/stm32h7xx_hal.o
 .debug_macro   0x00036355      0x2e4 ./Drivers/STM32H7xx_HAL_Driver/Src/stm32h7xx_hal_cortex.o
 .debug_macro   0x00036639      0x338 ./Drivers/STM32H7xx_HAL_Driver/Src/stm32h7xx_hal_dma.o
 .debug_macro   0x00036971      0x378 ./Drivers/STM32H7xx_HAL_Driver/Src/stm32h7xx_hal_eth.o
 .debug_macro   0x00036ce9      0x2eb ./Drivers/STM32H7xx_HAL_Driver/Src/stm32h7xx_hal_gpio.o
 .debug_macro   0x00036fd4      0x2f0 ./Drivers/STM32H7xx_HAL_Driver/Src/stm32h7xx_hal_pcd.o
 .debug_macro   0x000372c4      0x2e4 ./Drivers/STM32H7xx_HAL_Driver/Src/stm32h7xx_hal_pcd_ex.o
 .debug_macro   0x000375a8      0x31d ./Drivers/STM32H7xx_HAL_Driver/Src/stm32h7xx_hal_pwr_ex.o
 .debug_macro   0x000378c5      0x308 ./Drivers/STM32H7xx_HAL_Driver/Src/stm32h7xx_hal_rcc.o
 .debug_macro   0x00037bcd      0x302 ./Drivers/STM32H7xx_HAL_Driver/Src/stm32h7xx_hal_rcc_ex.o
 .debug_macro   0x00037ecf      0x301 ./Drivers/STM32H7xx_HAL_Driver/Src/stm32h7xx_hal_sai.o
 .debug_macro   0x000381d0      0x30f ./Drivers/STM32H7xx_HAL_Driver/Src/stm32h7xx_hal_uart.o
 .debug_macro   0x000384df      0x2f0 ./Drivers/STM32H7xx_HAL_Driver/Src/stm32h7xx_hal_uart_ex.o
 .debug_macro   0x000387cf      0x2e4 ./Drivers/STM32H7xx_HAL_Driver/Src/stm32h7xx_ll_usb.o
 .debug_macro   0x00038ab3      0x3f6 ./Middlewares/ST/STM32_USB_Device_Library/Class/AUDIO/Src/usbd_audio.o
 .debug_macro   0x00038ea9       0x16 ./Middlewares/ST/STM32_USB_Device_Library/Class/AUDIO/Src/usbd_audio.o
 .debug_macro   0x00038ebf       0x9e ./Middlewares/ST/STM32_USB_Device_Library/Class/AUDIO/Src/usbd_audio.o
 .debug_macro   0x00038f5d      0x10b ./Middlewares/ST/STM32_USB_Device_Library/Class/AUDIO/Src/usbd_audio.o
 .debug_macro   0x00039068       0x16 ./Middlewares/ST/STM32_USB_Device_Library/Class/AUDIO/Src/usbd_audio.o
 .debug_macro   0x0003907e       0xe9 ./Middlewares/ST/STM32_USB_Device_Library/Class/AUDIO/Src/usbd_audio.o
 .debug_macro   0x00039167      0x3d1 ./Middlewares/ST/STM32_USB_Device_Library/Core/Src/usbd_core.o
 .debug_macro   0x00039538      0x215 ./Middlewares/ST/STM32_USB_Device_Library/Core/Src/usbd_core.o
 .debug_macro   0x0003974d      0x3db ./Middlewares/ST/STM32_USB_Device_Library/Core/Src/usbd_ctlreq.o
 .debug_macro   0x00039b28      0x3d7 ./Middlewares/ST/STM32_USB_Device_Library/Core/Src/usbd_ioreq.o
 .debug_macro   0x00039eff      0x3ff ./USB_DEVICE/App/usb_device.o
 .debug_macro   0x0003a2fe       0x6a ./USB_DEVICE/App/usb_device.o
 .debug_macro   0x0003a368       0x22 ./USB_DEVICE/App/usb_device.o
 .debug_macro   0x0003a38a      0x3f0 ./USB_DEVICE/App/usbd_audio_if.o
 .debug_macro   0x0003a77a      0x414 ./USB_DEVICE/App/usbd_desc.o
 .debug_macro   0x0003ab8e       0x1c ./USB_DEVICE/App/usbd_desc.o
 .debug_macro   0x0003abaa      0x3e2 ./USB_DEVICE/Target/usbd_conf.o

.debug_line     0x00000000    0x202e9
 .debug_line    0x00000000      0xcf0 ./Core/Src/main.o
 .debug_line    0x00000cf0      0xb2a ./Core/Src/stm32h7xx_hal_msp.o
 .debug_line    0x0000181a      0xa67 ./Core/Src/stm32h7xx_it.o
 .debug_line    0x00002281      0xb18 ./Core/Src/system_stm32h7xx.o
 .debug_line    0x00002d99       0x7a ./Core/Startup/startup_stm32h753zitx.o
 .debug_line    0x00002e13      0xf0d ./Drivers/STM32H7xx_HAL_Driver/Src/stm32h7xx_hal.o
 .debug_line    0x00003d20      0xf3c ./Drivers/STM32H7xx_HAL_Driver/Src/stm32h7xx_hal_cortex.o
 .debug_line    0x00004c5c     0x2870 ./Drivers/STM32H7xx_HAL_Driver/Src/stm32h7xx_hal_dma.o
 .debug_line    0x000074cc     0x1ca6 ./Drivers/STM32H7xx_HAL_Driver/Src/stm32h7xx_hal_eth.o