Archive member included to satisfy reference by file (symbol)

G:/STM32_CUBEIDE/STM32CubeIDE_1.16.1/STM32CubeIDE/plugins/com.st.stm32cube.ide.mcu.externaltools.gnu-tools-for-stm32.12.3.rel1.win32_1.0.200.202406191623/tools/bin/../lib/gcc/arm-none-eabi/12.3.1/../../../../arm-none-eabi/lib/thumb/v7e-m+dp/hard\libc_nano.a(libc_a-exit.o)
                              G:/STM32_CUBEIDE/STM32CubeIDE_1.16.1/STM32CubeIDE/plugins/com.st.stm32cube.ide.mcu.externaltools.gnu-tools-for-stm32.12.3.rel1.win32_1.0.200.202406191623/tools/bin/../lib/gcc/arm-none-eabi/12.3.1/../../../../arm-none-eabi/lib/thumb/v7e-m+dp/hard/crt0.o (exit)
G:/STM32_CUBEIDE/STM32CubeIDE_1.16.1/STM32CubeIDE/plugins/com.st.stm32cube.ide.mcu.externaltools.gnu-tools-for-stm32.12.3.rel1.win32_1.0.200.202406191623/tools/bin/../lib/gcc/arm-none-eabi/12.3.1/../../../../arm-none-eabi/lib/thumb/v7e-m+dp/hard\libc_nano.a(libc_a-findfp.o)
                              G:/STM32_CUBEIDE/STM32CubeIDE_1.16.1/STM32CubeIDE/plugins/com.st.stm32cube.ide.mcu.externaltools.gnu-tools-for-stm32.12.3.rel1.win32_1.0.200.202406191623/tools/bin/../lib/gcc/arm-none-eabi/12.3.1/../../../../arm-none-eabi/lib/thumb/v7e-m+dp/hard\libc_nano.a(libc_a-exit.o) (__stdio_exit_handler)
G:/STM32_CUBEIDE/STM32CubeIDE_1.16.1/STM32CubeIDE/plugins/com.st.stm32cube.ide.mcu.externaltools.gnu-tools-for-stm32.12.3.rel1.win32_1.0.200.202406191623/tools/bin/../lib/gcc/arm-none-eabi/12.3.1/../../../../arm-none-eabi/lib/thumb/v7e-m+dp/hard\libc_nano.a(libc_a-fwalk.o)
                              G:/STM32_CUBEIDE/STM32CubeIDE_1.16.1/STM32CubeIDE/plugins/com.st.stm32cube.ide.mcu.externaltools.gnu-tools-for-stm32.12.3.rel1.win32_1.0.200.202406191623/tools/bin/../lib/gcc/arm-none-eabi/12.3.1/../../../../arm-none-eabi/lib/thumb/v7e-m+dp/hard\libc_nano.a(libc_a-findfp.o) (_fwalk_sglue)
G:/STM32_CUBEIDE/STM32CubeIDE_1.16.1/STM32CubeIDE/plugins/com.st.stm32cube.ide.mcu.externaltools.gnu-tools-for-stm32.12.3.rel1.win32_1.0.200.202406191623/tools/bin/../lib/gcc/arm-none-eabi/12.3.1/../../../../arm-none-eabi/lib/thumb/v7e-m+dp/hard\libc_nano.a(libc_a-stdio.o)
                              G:/STM32_CUBEIDE/STM32CubeIDE_1.16.1/STM32CubeIDE/plugins/com.st.stm32cube.ide.mcu.externaltools.gnu-tools-for-stm32.12.3.rel1.win32_1.0.200.202406191623/tools/bin/../lib/gcc/arm-none-eabi/12.3.1/../../../../arm-none-eabi/lib/thumb/v7e-m+dp/hard\libc_nano.a(libc_a-findfp.o) (__sread)
G:/STM32_CUBEIDE/STM32CubeIDE_1.16.1/STM32CubeIDE/plugins/com.st.stm32cube.ide.mcu.externaltools.gnu-tools-for-stm32.12.3.rel1.win32_1.0.200.202406191623/tools/bin/../lib/gcc/arm-none-eabi/12.3.1/../../../../arm-none-eabi/lib/thumb/v7e-m+dp/hard\libc_nano.a(libc_a-memset.o)
                              G:/STM32_CUBEIDE/STM32CubeIDE_1.16.1/STM32CubeIDE/plugins/com.st.stm32cube.ide.mcu.externaltools.gnu-tools-for-stm32.12.3.rel1.win32_1.0.200.202406191623/tools/bin/../lib/gcc/arm-none-eabi/12.3.1/../../../../arm-none-eabi/lib/thumb/v7e-m+dp/hard/crt0.o (memset)
G:/STM32_CUBEIDE/STM32CubeIDE_1.16.1/STM32CubeIDE/plugins/com.st.stm32cube.ide.mcu.externaltools.gnu-tools-for-stm32.12.3.rel1.win32_1.0.200.202406191623/tools/bin/../lib/gcc/arm-none-eabi/12.3.1/../../../../arm-none-eabi/lib/thumb/v7e-m+dp/hard\libc_nano.a(libc_a-closer.o)
                              G:/STM32_CUBEIDE/STM32CubeIDE_1.16.1/STM32CubeIDE/plugins/com.st.stm32cube.ide.mcu.externaltools.gnu-tools-for-stm32.12.3.rel1.win32_1.0.200.202406191623/tools/bin/../lib/gcc/arm-none-eabi/12.3.1/../../../../arm-none-eabi/lib/thumb/v7e-m+dp/hard\libc_nano.a(libc_a-stdio.o) (_close_r)
G:/STM32_CUBEIDE/STM32CubeIDE_1.16.1/STM32CubeIDE/plugins/com.st.stm32cube.ide.mcu.externaltools.gnu-tools-for-stm32.12.3.rel1.win32_1.0.200.202406191623/tools/bin/../lib/gcc/arm-none-eabi/12.3.1/../../../../arm-none-eabi/lib/thumb/v7e-m+dp/hard\libc_nano.a(libc_a-reent.o)
                              G:/STM32_CUBEIDE/STM32CubeIDE_1.16.1/STM32CubeIDE/plugins/com.st.stm32cube.ide.mcu.externaltools.gnu-tools-for-stm32.12.3.rel1.win32_1.0.200.202406191623/tools/bin/../lib/gcc/arm-none-eabi/12.3.1/../../../../arm-none-eabi/lib/thumb/v7e-m+dp/hard\libc_nano.a(libc_a-closer.o) (errno)
G:/STM32_CUBEIDE/STM32CubeIDE_1.16.1/STM32CubeIDE/plugins/com.st.stm32cube.ide.mcu.externaltools.gnu-tools-for-stm32.12.3.rel1.win32_1.0.200.202406191623/tools/bin/../lib/gcc/arm-none-eabi/12.3.1/../../../../arm-none-eabi/lib/thumb/v7e-m+dp/hard\libc_nano.a(libc_a-impure.o)
                              G:/STM32_CUBEIDE/STM32CubeIDE_1.16.1/STM32CubeIDE/plugins/com.st.stm32cube.ide.mcu.externaltools.gnu-tools-for-stm32.12.3.rel1.win32_1.0.200.202406191623/tools/bin/../lib/gcc/arm-none-eabi/12.3.1/../../../../arm-none-eabi/lib/thumb/v7e-m+dp/hard\libc_nano.a(libc_a-reent.o) (_impure_ptr)
[...]
Memory Configuration

Name             Origin             Length             Attributes
FLASH            0x08000000         0x00200000         xr
DTCMRAM          0x20000000         0x00020000         xrw
RAM_D1           0x24000000         0x00080000         xrw
RAM_D2           0x30000000         0x00048000         xrw
RAM_D3           0x38000000         0x00010000         xrw
ITCMRAM          0x00000000         0x00010000         xrw
*default*        0x00000000         0xffffffff

Linker script and memory map

LOAD G:/STM32_CUBEIDE/STM32CubeIDE_1.16.1/STM32CubeIDE/plugins/com.st.stm32cube.ide.mcu.externaltools.gnu-tools-for-stm32.12.3.rel1.win32_1.0.200.202406191623/tools/bin/../lib/gcc/arm-none-eabi/12.3.1/thumb/v7e-m+dp/hard/crti.o
LOAD G:/STM32_CUBEIDE/STM32CubeIDE_1.16.1/STM32CubeIDE/plugins/com.st.stm32cube.ide.mcu.externaltools.gnu-tools-for-stm32.12.3.rel1.win32_1.0.200.202406191623/tools/bin/../lib/gcc/arm-none-eabi/12.3.1/thumb/v7e-m+dp/hard/crtbegin.o
LOAD G:/STM32_CUBEIDE/STM32CubeIDE_1.16.1/STM32CubeIDE/plugins/com.st.stm32cube.ide.mcu.externaltools.gnu-tools-for-stm32.12.3.rel1.win32_1.0.200.202406191623/tools/bin/../lib/gcc/arm-none-eabi/12.3.1/../../../../arm-none-eabi/lib/thumb/v7e-m+dp/hard/crt0.o
LOAD ./Core/Src/main.o
LOAD ./Core/Src/stm32h7xx_hal_msp.o
LOAD ./Core/Src/stm32h7xx_it.o
LOAD ./Core/Src/syscalls.o
LOAD ./Core/Src/sysmem.o
LOAD ./Core/Src/system_stm32h7xx.o
LOAD ./Core/Startup/startup_stm32h753zitx.o
LOAD ./Drivers/STM32H7xx_HAL_Driver/Src/stm32h7xx_hal.o
LOAD ./Drivers/STM32H7xx_HAL_Driver/Src/stm32h7xx_hal_cortex.o
LOAD ./Drivers/STM32H7xx_HAL_Driver/Src/stm32h7xx_hal_dma.o
LOAD ./Drivers/STM32H7xx_HAL_Driver/Src/stm32h7xx_hal_dma_ex.o
LOAD ./Drivers/STM32H7xx_HAL_Driver/Src/stm32h7xx_hal_exti.o
LOAD ./Drivers/STM32H7xx_HAL_Driver/Src/stm32h7xx_hal_flash.o
LOAD ./Drivers/STM32H7xx_HAL_Driver/Src/stm32h7xx_hal_flash_ex.o
LOAD ./Drivers/STM32H7xx_HAL_Driver/Src/stm32h7xx_hal_gpio.o
LOAD ./Drivers/STM32H7xx_HAL_Driver/Src/stm32h7xx_hal_hsem.o
LOAD ./Drivers/STM32H7xx_HAL_Driver/Src/stm32h7xx_hal_i2c.o
LOAD ./Drivers/STM32H7xx_HAL_Driver/Src/stm32h7xx_hal_i2c_ex.o
LOAD ./Drivers/STM32H7xx_HAL_Driver/Src/stm32h7xx_hal_i2s.o
LOAD ./Drivers/STM32H7xx_HAL_Driver/Src/stm32h7xx_hal_i2s_ex.o
LOAD ./Drivers/STM32H7xx_HAL_Driver/Src/stm32h7xx_hal_mdma.o
LOAD ./Drivers/STM32H7xx_HAL_Driver/Src/stm32h7xx_hal_pcd.o
LOAD ./Drivers/STM32H7xx_HAL_Driver/Src/stm32h7xx_hal_pcd_ex.o
LOAD ./Drivers/STM32H7xx_HAL_Driver/Src/stm32h7xx_hal_pwr.o
LOAD ./Drivers/STM32H7xx_HAL_Driver/Src/stm32h7xx_hal_pwr_ex.o
LOAD ./Drivers/STM32H7xx_HAL_Driver/Src/stm32h7xx_hal_rcc.o
LOAD ./Drivers/STM32H7xx_HAL_Driver/Src/stm32h7xx_hal_rcc_ex.o
LOAD ./Drivers/STM32H7xx_HAL_Driver/Src/stm32h7xx_hal_sai.o
LOAD ./Drivers/STM32H7xx_HAL_Driver/Src/stm32h7xx_hal_sai_ex.o
LOAD ./Drivers/STM32H7xx_HAL_Driver/Src/stm32h7xx_hal_tim.o
LOAD ./Drivers/STM32H7xx_HAL_Driver/Src/stm32h7xx_hal_tim_ex.o
LOAD ./Drivers/STM32H7xx_HAL_Driver/Src/stm32h7xx_hal_uart.o
LOAD ./Drivers/STM32H7xx_HAL_Driver/Src/stm32h7xx_hal_uart_ex.o
LOAD ./Drivers/STM32H7xx_HAL_Driver/Src/stm32h7xx_ll_usb.o
LOAD ./Middlewares/ST/STM32_USB_Device_Library/Class/AUDIO/Src/usbd_audio.o
LOAD ./Middlewares/ST/STM32_USB_Device_Library/Core/Src/usbd_core.o
LOAD ./Middlewares/ST/STM32_USB_Device_Library/Core/Src/usbd_ctlreq.o
LOAD ./Middlewares/ST/STM32_USB_Device_Library/Core/Src/usbd_ioreq.o
LOAD ./USB_DEVICE/App/usb_device.o
LOAD ./USB_DEVICE/App/usbd_audio_if.o
LOAD ./USB_DEVICE/App/usbd_desc.o
LOAD ./USB_DEVICE/Target/usbd_conf.o
START GROUP
LOAD G:/STM32_CUBEIDE/STM32CubeIDE_1.16.1/STM32CubeIDE/plugins/com.st.stm32cube.ide.mcu.externaltools.gnu-tools-for-stm32.12.3.rel1.win32_1.0.200.202406191623/tools/bin/../lib/gcc/arm-none-eabi/12.3.1/../../../../arm-none-eabi/lib/thumb/v7e-m+dp/hard\libc_nano.a
LOAD G:/STM32_CUBEIDE/STM32CubeIDE_1.16.1/STM32CubeIDE/plugins/com.st.stm32cube.ide.mcu.externaltools.gnu-tools-for-stm32.12.3.rel1.win32_1.0.200.202406191623/tools/bin/../lib/gcc/arm-none-eabi/12.3.1/../../../../arm-none-eabi/lib/thumb/v7e-m+dp/hard\libm.a
END GROUP
START GROUP
LOAD G:/STM32_CUBEIDE/STM32CubeIDE_1.16.1/STM32CubeIDE/plugins/com.st.stm32cube.ide.mcu.externaltools.gnu-tools-for-stm32.12.3.rel1.win32_1.0.200.202406191623/tools/bin/../lib/gcc/arm-none-eabi/12.3.1/thumb/v7e-m+dp/hard\libgcc.a
LOAD G:/STM32_CUBEIDE/STM32CubeIDE_1.16.1/STM32CubeIDE/plugins/com.st.stm32cube.ide.mcu.externaltools.gnu-tools-for-stm32.12.3.rel1.win32_1.0.200.202406191623/tools/bin/../lib/gcc/arm-none-eabi/12.3.1/../../../../arm-none-eabi/lib/thumb/v7e-m+dp/hard\libc_nano.a
END GROUP
START GROUP
LOAD G:/STM32_CUBEIDE/STM32CubeIDE_1.16.1/STM32CubeIDE/plugins/com.st.stm32cube.ide.mcu.externaltools.gnu-tools-for-stm32.12.3.rel1.win32_1.0.200.202406191623/tools/bin/../lib/gcc/arm-none-eabi/12.3.1/thumb/v7e-m+dp/hard\libgcc.a
LOAD G:/STM32_CUBEIDE/STM32CubeIDE_1.16.1/STM32CubeIDE/plugins/com.st.stm32cube.ide.mcu.externaltools.gnu-tools-for-stm32.12.3.rel1.win32_1.0.200.202406191623/tools/bin/../lib/gcc/arm-none-eabi/12.3.1/../../../../arm-none-eabi/lib/thumb/v7e-m+dp/hard\libc_nano.a
LOAD G:/STM32_CUBEIDE/STM32CubeIDE_1.16.1/STM32CubeIDE/plugins/com.st.stm32cube.ide.mcu.externaltools.gnu-tools-for-stm32.12.3.rel1.win32_1.0.200.202406191623/tools/bin/../lib/gcc/arm-none-eabi/12.3.1/../../../../arm-none-eabi/lib/thumb/v7e-m+dp/hard\libnosys.a
END GROUP
START GROUP
LOAD G:/STM32_CUBEIDE/STM32CubeIDE_1.16.1/STM32CubeIDE/plugins/com.st.stm32cube.ide.mcu.externaltools.gnu-tools-for-stm32.12.3.rel1.win32_1.0.200.202406191623/tools/bin/../lib/gcc/arm-none-eabi/12.3.1/thumb/v7e-m+dp/hard\libgcc.a
LOAD G:/STM32_CUBEIDE/STM32CubeIDE_1.16.1/STM32CubeIDE/plugins/com.st.stm32cube.ide.mcu.externaltools.gnu-tools-for-stm32.12.3.rel1.win32_1.0.200.202406191623/tools/bin/../lib/gcc/arm-none-eabi/12.3.1/../../../../arm-none-eabi/lib/thumb/v7e-m+dp/hard\libc_nano.a
LOAD G:/STM32_CUBEIDE/STM32CubeIDE_1.16.1/STM32CubeIDE/plugins/com.st.stm32cube.ide.mcu.externaltools.gnu-tools-for-stm32.12.3.rel1.win32_1.0.200.202406191623/tools/bin/../lib/gcc/arm-none-eabi/12.3.1/../../../../arm-none-eabi/lib/thumb/v7e-m+dp/hard\libnosys.a
END GROUP
LOAD G:/STM32_CUBEIDE/STM32CubeIDE_1.16.1/STM32CubeIDE/plugins/com.st.stm32cube.ide.mcu.externaltools.gnu-tools-for-stm32.12.3.rel1.win32_1.0.200.202406191623/tools/bin/../lib/gcc/arm-none-eabi/12.3.1/thumb/v7e-m+dp/hard/crtend.o
LOAD G:/STM32_CUBEIDE/STM32CubeIDE_1.16.1/STM32CubeIDE/plugins/com.st.stm32cube.ide.mcu.externaltools.gnu-tools-for-stm32.12.3.rel1.win32_1.0.200.202406191623/tools/bin/../lib/gcc/arm-none-eabi/12.3.1/thumb/v7e-m+dp/hard/crtn.o
                0x24080000                        _estack = (ORIGIN (RAM_D1) + LENGTH (RAM_D1))
                0x00000200                        _Min_Heap_Size = 0x200
                0x00000400                        _Min_Stack_Size = 0x400

.isr_vector     0x08000000      0x298
                0x08000000                        . = ALIGN (0x4)
 *(.isr_vector)
 .isr_vector    0x08000000      0x298 ./Core/Startup/startup_stm32h753zitx.o
                0x08000000                g_pfnVectors
                0x08000298                        . = ALIGN (0x4)

.text           0x08000298     0xea44
                0x08000298                        . = ALIGN (0x4)
 *(.text)
 .text          0x08000298       0x40 G:/STM32_CUBEIDE/STM32CubeIDE_1.16.1/STM32CubeIDE/plugins/com.st.stm32cube.ide.mcu.externaltools.gnu-tools-for-stm32.12.3.rel1.win32_1.0.200.202406191623/tools/bin/../lib/gcc/arm-none-eabi/12.3.1/thumb/v7e-m+dp/hard/crtbegin.o
 .text          0x080002d8       0x30 G:/STM32_CUBEIDE/STM32CubeIDE_1.16.1/STM32CubeIDE/plugins/com.st.stm32cube.ide.mcu.externaltools.gnu-tools-for-stm32.12.3.rel1.win32_1.0.200.202406191623/tools/bin/../lib/gcc/arm-none-eabi/12.3.1/thumb/v7e-m+dp/hard\libgcc.a(_aeabi_uldivmod.o)
                0x080002d8                __aeabi_uldivmod
 .text          0x08000308      0x2bc G:/STM32_CUBEIDE/STM32CubeIDE_1.16.1/STM32CubeIDE/plugins/com.st.stm32cube.ide.mcu.externaltools.gnu-tools-for-stm32.12.3.rel1.win32_1.0.200.202406191623/tools/bin/../lib/gcc/arm-none-eabi/12.3.1/thumb/v7e-m+dp/hard\libgcc.a(_udivmoddi4.o)
                0x08000308                __udivmoddi4
 .text          0x080005c4        0x4 G:/STM32_CUBEIDE/STM32CubeIDE_1.16.1/STM32CubeIDE/plugins/com.st.stm32cube.ide.mcu.externaltools.gnu-tools-for-stm32.12.3.rel1.win32_1.0.200.202406191623/tools/bin/../lib/gcc/arm-none-eabi/12.3.1/thumb/v7e-m+dp/hard\libgcc.a(_dvmd_tls.o)
                0x080005c4                __aeabi_idiv0
                0x080005c4                __aeabi_ldiv0
 *(.text*)
 .text.transmitAudioData.0
                0x080005c8       0x2c ./Core/Src/main.o
 .text.main     0x080005f4      0x12c ./Core/Src/main.o
                0x080005f4                main
 .text.SystemClock_Config
                0x08000720       0xf8 ./Core/Src/main.o
                0x08000720                SystemClock_Config
 .text.PeriphCommonClock_Config
                0x08000818       0x64 ./Core/Src/main.o
                0x08000818                PeriphCommonClock_Config
 .text.MX_I2S1_Init
                0x0800087c       0x68 ./Core/Src/main.o
 .text.MX_I2S2_Init
                0x080008e4       0x68 ./Core/Src/main.o
 .text.MX_SAI1_Init
                0x0800094c       0xdc ./Core/Src/main.o
 .text.MX_SAI2_Init
                0x08000a28       0xa4 ./Core/Src/main.o
 .text.MX_USART3_UART_Init
                0x08000acc       0x98 ./Core/Src/main.o
 .text.MX_DMA_Init
                0x08000b64       0x70 ./Core/Src/main.o
 .text.MX_GPIO_Init
                0x08000bd4      0x1b8 ./Core/Src/main.o
 .text.Error_Handler
                0x08000d8c       0x18 ./Core/Src/main.o
                0x08000d8c                Error_Handler
 .text.HAL_MspInit
                0x08000da4       0x34 ./Core/Src/stm32h7xx_hal_msp.o
                0x08000da4                HAL_MspInit
 .text.HAL_I2S_MspInit
                0x08000dd8      0x20c ./Core/Src/stm32h7xx_hal_msp.o
                0x08000dd8                HAL_I2S_MspInit
 .text.HAL_UART_MspInit
                0x08000fe4       0x94 ./Core/Src/stm32h7xx_hal_msp.o
                0x08000fe4                HAL_UART_MspInit
 .text.HAL_SAI_MspInit
                0x08001078      0x3b4 ./Core/Src/stm32h7xx_hal_msp.o
                0x08001078                HAL_SAI_MspInit
 .text.NMI_Handler
                0x0800142c        0x8 ./Core/Src/stm32h7xx_it.o
                0x0800142c                NMI_Handler
 .text.HardFault_Handler
                0x08001434        0x8 ./Core/Src/stm32h7xx_it.o
                0x08001434                HardFault_Handler
 .text.MemManage_Handler
                0x0800143c        0x8 ./Core/Src/stm32h7xx_it.o
                0x0800143c                MemManage_Handler
 .text.BusFault_Handler
                0x08001444        0x8 ./Core/Src/stm32h7xx_it.o
                0x08001444                BusFault_Handler
 .text.UsageFault_Handler
                0x0800144c        0x8 ./Core/Src/stm32h7xx_it.o
                0x0800144c                UsageFault_Handler
 .text.SVC_Handler
                0x08001454        0xe ./Core/Src/stm32h7xx_it.o
                0x08001454                SVC_Handler
 .text.DebugMon_Handler
                0x08001462        0xe ./Core/Src/stm32h7xx_it.o
                0x08001462                DebugMon_Handler
 .text.PendSV_Handler
                0x08001470        0xe ./Core/Src/stm32h7xx_it.o
                0x08001470                PendSV_Handler
 .text.SysTick_Handler
                0x0800147e        0xc ./Core/Src/stm32h7xx_it.o
                0x0800147e                SysTick_Handler
 *fill*         0x0800148a        0x2 
 .text.DMA1_Stream0_IRQHandler
                0x0800148c       0x14 ./Core/Src/stm32h7xx_it.o
                0x0800148c                DMA1_Stream0_IRQHandler
 .text.DMA1_Stream1_IRQHandler
                0x080014a0       0x14 ./Core/Src/stm32h7xx_it.o
                0x080014a0                DMA1_Stream1_IRQHandler
 .text.DMA1_Stream2_IRQHandler
                0x080014b4       0x14 ./Core/Src/stm32h7xx_it.o
                0x080014b4                DMA1_Stream2_IRQHandler
 .text.DMA1_Stream3_IRQHandler
                0x080014c8       0x14 ./Core/Src/stm32h7xx_it.o
                0x080014c8                DMA1_Stream3_IRQHandler
 .text.OTG_FS_IRQHandler
                0x080014dc       0x14 ./Core/Src/stm32h7xx_it.o
                0x080014dc                OTG_FS_IRQHandler
 .text.SystemInit
                0x080014f0      0x110 ./Core/Src/system_stm32h7xx.o
                0x080014f0                SystemInit
 .text.Reset_Handler
                0x08001600       0x50 ./Core/Startup/startup_stm32h753zitx.o
                0x08001600                Reset_Handler
 .text.Default_Handler
                0x08001650        0x2 ./Core/Startup/startup_stm32h753zitx.o
                0x08001650                RTC_Alarm_IRQHandler
                0x08001650                HASH_RNG_IRQHandler
                0x08001650                EXTI2_IRQHandler
                0x08001650                TIM8_CC_IRQHandler
                0x08001650                HRTIM1_Master_IRQHandler
                0x08001650                UART8_IRQHandler
                0x08001650                SPI4_IRQHandler
                0x08001650                TIM1_CC_IRQHandler
                0x08001650                BDMA_Channel6_IRQHandler
                0x08001650                DMA2_Stream5_IRQHandler
                0x08001650                HRTIM1_FLT_IRQHandler
                0x08001650                JPEG_IRQHandler
                0x08001650                DMA1_Stream5_IRQHandler
                0x08001650                BDMA_Channel1_IRQHandler
                0x08001650                HRTIM1_TIMD_IRQHandler
                0x08001650                TAMP_STAMP_IRQHandler
                0x08001650                EXTI3_IRQHandler
                0x08001650                LPTIM4_IRQHandler
                0x08001650                TIM8_TRG_COM_TIM14_IRQHandler
                0x08001650                LPTIM2_IRQHandler
                0x08001650                DFSDM1_FLT1_IRQHandler
                0x08001650                DMAMUX2_OVR_IRQHandler
                0x08001650                TIM8_UP_TIM13_IRQHandler
                0x08001650                I2C3_ER_IRQHandler
                0x08001650                DFSDM1_FLT2_IRQHandler
                0x08001650                MDMA_IRQHandler
                0x08001650                LPTIM3_IRQHandler
                0x08001650                HSEM1_IRQHandler
                0x08001650                EXTI0_IRQHandler
                0x08001650                I2C2_EV_IRQHandler
                0x08001650                FPU_IRQHandler
                0x08001650                OTG_HS_WKUP_IRQHandler
                0x08001650                FDCAN1_IT1_IRQHandler
                0x08001650                LTDC_ER_IRQHandler
                0x08001650                DMA2_Stream2_IRQHandler
                0x08001650                HRTIM1_TIME_IRQHandler
                0x08001650                SPI1_IRQHandler
                0x08001650                TIM6_DAC_IRQHandler
                0x08001650                DCMI_IRQHandler
                0x08001650                HRTIM1_TIMC_IRQHandler
                0x08001650                DMA2_Stream3_IRQHandler
                0x08001650                SAI2_IRQHandler
                0x08001650                DFSDM1_FLT3_IRQHandler
                0x08001650                USART6_IRQHandler
                0x08001650                TIM17_IRQHandler
                0x08001650                USART3_IRQHandler
                0x08001650                BDMA_Channel7_IRQHandler
                0x08001650                CRYP_IRQHandler
                0x08001650                LPTIM5_IRQHandler
                0x08001650                UART5_IRQHandler
                0x08001650                ADC3_IRQHandler
                0x08001650                DMA2_Stream0_IRQHandler
                0x08001650                TIM4_IRQHandler
                0x08001650                BDMA_Channel2_IRQHandler
                0x08001650                QUADSPI_IRQHandler
                0x08001650                I2C1_EV_IRQHandler
                0x08001650                DMA1_Stream6_IRQHandler
                0x08001650                DMAMUX1_OVR_IRQHandler
                0x08001650                TIM16_IRQHandler
                0x08001650                UART4_IRQHandler
                0x08001650                BDMA_Channel5_IRQHandler
                0x08001650                TIM3_IRQHandler
                0x08001650                RCC_IRQHandler
                0x08001650                TIM8_BRK_TIM12_IRQHandler
                0x08001650                TIM1_TRG_COM_IRQHandler
                0x08001650                Default_Handler
                0x08001650                ECC_IRQHandler
                0x08001650                CEC_IRQHandler
                0x08001650                EXTI15_10_IRQHandler
                0x08001650                BDMA_Channel0_IRQHandler
                0x08001650                ADC_IRQHandler
                0x08001650                DMA1_Stream7_IRQHandler
                0x08001650                HRTIM1_TIMA_IRQHandler
                0x08001650                SPI5_IRQHandler
                0x08001650                TIM7_IRQHandler
                0x08001650                SDMMC1_IRQHandler
                0x08001650                TIM5_IRQHandler
                0x08001650                DMA2_Stream7_IRQHandler
                0x08001650                TIM15_IRQHandler
                0x08001650                PVD_AVD_IRQHandler
                0x08001650                I2C3_EV_IRQHandler
                0x08001650                EXTI9_5_IRQHandler
                0x08001650                RTC_WKUP_IRQHandler
                0x08001650                LTDC_IRQHandler
                0x08001650                SAI3_IRQHandler
                0x08001650                ETH_WKUP_IRQHandler
                0x08001650                SPDIF_RX_IRQHandler
                0x08001650                SPI2_IRQHandler
                0x08001650                OTG_HS_EP1_IN_IRQHandler
                0x08001650                CRS_IRQHandler
                0x08001650                EXTI4_IRQHandler
                0x08001650                HRTIM1_TIMB_IRQHandler
                0x08001650                FDCAN2_IT1_IRQHandler
                0x08001650                ETH_IRQHandler
                0x08001650                TIM1_UP_IRQHandler
                0x08001650                BDMA_Channel4_IRQHandler
                0x08001650                OTG_HS_EP1_OUT_IRQHandler
                0x08001650                WWDG_IRQHandler
                0x08001650                SPI6_IRQHandler
                0x08001650                MDIOS_IRQHandler
                0x08001650                I2C4_EV_IRQHandler
                0x08001650                FDCAN2_IT0_IRQHandler
                0x08001650                LPUART1_IRQHandler
                0x08001650                FDCAN1_IT0_IRQHandler
                0x08001650                TIM2_IRQHandler
                0x08001650                OTG_FS_WKUP_IRQHandler
                0x08001650                OTG_HS_IRQHandler
                0x08001650                DMA2D_IRQHandler
                0x08001650                TIM1_BRK_IRQHandler
                0x08001650                EXTI1_IRQHandler
                0x08001650                SDMMC2_IRQHandler
                0x08001650                OTG_FS_EP1_OUT_IRQHandler
                0x08001650                BDMA_Channel3_IRQHandler
                0x08001650                UART7_IRQHandler
                0x08001650                MDIOS_WKUP_IRQHandler
                0x08001650                USART2_IRQHandler
                0x08001650                DFSDM1_FLT0_IRQHandler
                0x08001650                SAI4_IRQHandler
                0x08001650                I2C2_ER_IRQHandler
                0x08001650                DMA2_Stream1_IRQHandler
                0x08001650                FLASH_IRQHandler
                0x08001650                DMA2_Stream4_IRQHandler
                0x08001650                USART1_IRQHandler
                0x08001650                SPI3_IRQHandler
                0x08001650                WAKEUP_PIN_IRQHandler
                0x08001650                DMA1_Stream4_IRQHandler
                0x08001650                OTG_FS_EP1_IN_IRQHandler
                0x08001650                I2C1_ER_IRQHandler
                0x08001650                FMC_IRQHandler
                0x08001650                FDCAN_CAL_IRQHandler
                0x08001650                SWPMI1_IRQHandler
                0x08001650                COMP1_IRQHandler
                0x08001650                LPTIM1_IRQHandler
                0x08001650                I2C4_ER_IRQHandler
                0x08001650                DMA2_Stream6_IRQHandler
                0x08001650                SAI1_IRQHandler
 *fill*         0x08001652        0x2 
 .text.HAL_Init
                0x08001654       0x78 ./Drivers/STM32H7xx_HAL_Driver/Src/stm32h7xx_hal.o
                0x08001654                HAL_Init
 .text.HAL_InitTick
                0x080016cc       0x6c ./Drivers/STM32H7xx_HAL_Driver/Src/stm32h7xx_hal.o
                0x080016cc                HAL_InitTick
 .text.HAL_IncTick
                0x08001738       0x28 ./Drivers/STM32H7xx_HAL_Driver/Src/stm32h7xx_hal.o
                0x08001738                HAL_IncTick
 .text.HAL_GetTick
                0x08001760       0x18 ./Drivers/STM32H7xx_HAL_Driver/Src/stm32h7xx_hal.o
                0x08001760                HAL_GetTick
 .text.HAL_Delay
                0x08001778       0x48 ./Drivers/STM32H7xx_HAL_Driver/Src/stm32h7xx_hal.o
                0x08001778                HAL_Delay
 .text.HAL_GetREVID
                0x080017c0       0x18 ./Drivers/STM32H7xx_HAL_Driver/Src/stm32h7xx_hal.o
                0x080017c0                HAL_GetREVID
 .text.__NVIC_SetPriorityGrouping
                0x080017d8       0x48 ./Drivers/STM32H7xx_HAL_Driver/Src/stm32h7xx_hal_cortex.o
 .text.__NVIC_GetPriorityGrouping
                0x08001820       0x1c ./Drivers/STM32H7xx_HAL_Driver/Src/stm32h7xx_hal_cortex.o
 .text.__NVIC_EnableIRQ
                0x0800183c       0x3c ./Drivers/STM32H7xx_HAL_Driver/Src/stm32h7xx_hal_cortex.o
 .text.__NVIC_SetPriority
                0x08001878       0x54 ./Drivers/STM32H7xx_HAL_Driver/Src/stm32h7xx_hal_cortex.o
 .text.NVIC_EncodePriority
                0x080018cc       0x66 ./Drivers/STM32H7xx_HAL_Driver/Src/stm32h7xx_hal_cortex.o
 *fill*         0x08001932        0x2 
 .text.SysTick_Config
                0x08001934       0x44 ./Drivers/STM32H7xx_HAL_Driver/Src/stm32h7xx_hal_cortex.o
 .text.HAL_NVIC_SetPriorityGrouping
                0x08001978       0x16 ./Drivers/STM32H7xx_HAL_Driver/Src/stm32h7xx_hal_cortex.o
                0x08001978                HAL_NVIC_SetPriorityGrouping
 .text.HAL_NVIC_SetPriority
                0x0800198e       0x34 ./Drivers/STM32H7xx_HAL_Driver/Src/stm32h7xx_hal_cortex.o
                0x0800198e                HAL_NVIC_SetPriority
 .text.HAL_NVIC_EnableIRQ
                0x080019c2       0x1c ./Drivers/STM32H7xx_HAL_Driver/Src/stm32h7xx_hal_cortex.o
                0x080019c2                HAL_NVIC_EnableIRQ
 .text.HAL_SYSTICK_Config
                0x080019de       0x18 ./Drivers/STM32H7xx_HAL_Driver/Src/stm32h7xx_hal_cortex.o
                0x080019de                HAL_SYSTICK_Config
 *fill*         0x080019f6        0x2 
 .text.HAL_DMA_Init
                0x080019f8      0x6b8 ./Drivers/STM32H7xx_HAL_Driver/Src/stm32h7xx_hal_dma.o
                0x080019f8                HAL_DMA_Init
 .text.HAL_DMA_Start_IT
                0x080020b0      0x4d4 ./Drivers/STM32H7xx_HAL_Driver/Src/stm32h7xx_hal_dma.o
                0x080020b0                HAL_DMA_Start_IT
 .text.HAL_DMA_IRQHandler
                0x08002584      0xe54 ./Drivers/STM32H7xx_HAL_Driver/Src/stm32h7xx_hal_dma.o
                0x08002584                HAL_DMA_IRQHandler
 .text.HAL_DMA_GetError
                0x080033d8       0x18 ./Drivers/STM32H7xx_HAL_Driver/Src/stm32h7xx_hal_dma.o
                0x080033d8                HAL_DMA_GetError
 .text.DMA_SetConfig
                0x080033f0      0x358 ./Drivers/STM32H7xx_HAL_Driver/Src/stm32h7xx_hal_dma.o
 .text.DMA_CalcBaseAndBitshift
                0x08003748      0x164 ./Drivers/STM32H7xx_HAL_Driver/Src/stm32h7xx_hal_dma.o
 .text.DMA_CheckFifoParam
                0x080038ac       0xf8 ./Drivers/STM32H7xx_HAL_Driver/Src/stm32h7xx_hal_dma.o
 .text.DMA_CalcDMAMUXChannelBaseAndMask
                0x080039a4      0x134 ./Drivers/STM32H7xx_HAL_Driver/Src/stm32h7xx_hal_dma.o
 .text.DMA_CalcDMAMUXRequestGenBaseAndMask
                0x08003ad8       0xe8 ./Drivers/STM32H7xx_HAL_Driver/Src/stm32h7xx_hal_dma.o
 .text.HAL_GPIO_Init
                0x08003bc0      0x360 ./Drivers/STM32H7xx_HAL_Driver/Src/stm32h7xx_hal_gpio.o
                0x08003bc0                HAL_GPIO_Init
 .text.HAL_GPIO_WritePin
                0x08003f20       0x32 ./Drivers/STM32H7xx_HAL_Driver/Src/stm32h7xx_hal_gpio.o
                0x08003f20                HAL_GPIO_WritePin
 *fill*         0x08003f52        0x2 
 .text.HAL_I2S_Init
                0x08003f54      0x244 ./Drivers/STM32H7xx_HAL_Driver/Src/stm32h7xx_hal_i2s.o
                0x08003f54                HAL_I2S_Init
 .text.HAL_PCD_Init
                0x08004198      0x218 ./Drivers/STM32H7xx_HAL_Driver/Src/stm32h7xx_hal_pcd.o
                0x08004198                HAL_PCD_Init
 .text.HAL_PCD_Start
                0x080043b0       0x6a ./Drivers/STM32H7xx_HAL_Driver/Src/stm32h7xx_hal_pcd.o
                0x080043b0                HAL_PCD_Start
 .text.HAL_PCD_IRQHandler
                0x0800441a      0x99c ./Drivers/STM32H7xx_HAL_Driver/Src/stm32h7xx_hal_pcd.o
                0x0800441a                HAL_PCD_IRQHandler
 .text.HAL_PCD_SetAddress
                0x08004db6       0x48 ./Drivers/STM32H7xx_HAL_Driver/Src/stm32h7xx_hal_pcd.o
                0x08004db6                HAL_PCD_SetAddress
 .text.HAL_PCD_EP_Open
                0x08004dfe       0xd0 ./Drivers/STM32H7xx_HAL_Driver/Src/stm32h7xx_hal_pcd.o
                0x08004dfe                HAL_PCD_EP_Open
 .text.HAL_PCD_EP_Close
                0x08004ece       0x94 ./Drivers/STM32H7xx_HAL_Driver/Src/stm32h7xx_hal_pcd.o
                0x08004ece                HAL_PCD_EP_Close
 .text.HAL_PCD_EP_Receive
                0x08004f62       0x76 ./Drivers/STM32H7xx_HAL_Driver/Src/stm32h7xx_hal_pcd.o
                0x08004f62                HAL_PCD_EP_Receive
 .text.HAL_PCD_EP_GetRxCount
                0x08004fd8       0x30 ./Drivers/STM32H7xx_HAL_Driver/Src/stm32h7xx_hal_pcd.o
                0x08004fd8                HAL_PCD_EP_GetRxCount
 .text.HAL_PCD_EP_Transmit
                0x08005008       0x74 ./Drivers/STM32H7xx_HAL_Driver/Src/stm32h7xx_hal_pcd.o
                0x08005008                HAL_PCD_EP_Transmit
 .text.HAL_PCD_EP_SetStall
                0x0800507c       0xc6 ./Drivers/STM32H7xx_HAL_Driver/Src/stm32h7xx_hal_pcd.o
                0x0800507c                HAL_PCD_EP_SetStall
 .text.HAL_PCD_EP_ClrStall
                0x08005142       0xac ./Drivers/STM32H7xx_HAL_Driver/Src/stm32h7xx_hal_pcd.o
                0x08005142                HAL_PCD_EP_ClrStall
 .text.HAL_PCD_EP_Abort
                0x080051ee       0x62 ./Drivers/STM32H7xx_HAL_Driver/Src/stm32h7xx_hal_pcd.o
                0x080051ee                HAL_PCD_EP_Abort
 .text.PCD_WriteEmptyTxFifo
                0x08005250      0x118 ./Drivers/STM32H7xx_HAL_Driver/Src/stm32h7xx_hal_pcd.o
 .text.PCD_EP_OutXfrComplete_int
                0x08005368      0x1d0 ./Drivers/STM32H7xx_HAL_Driver/Src/stm32h7xx_hal_pcd.o
 .text.PCD_EP_OutSetupPacket_int
                0x08005538       0x8c ./Drivers/STM32H7xx_HAL_Driver/Src/stm32h7xx_hal_pcd.o
 .text.HAL_PCDEx_SetTxFiFo
                0x080055c4       0x8e ./Drivers/STM32H7xx_HAL_Driver/Src/stm32h7xx_hal_pcd_ex.o
                0x080055c4                HAL_PCDEx_SetTxFiFo
 .text.HAL_PCDEx_SetRxFiFo
                0x08005652       0x22 ./Drivers/STM32H7xx_HAL_Driver/Src/stm32h7xx_hal_pcd_ex.o
                0x08005652                HAL_PCDEx_SetRxFiFo
 .text.HAL_PCDEx_ActivateLPM
                0x08005674       0x48 ./Drivers/STM32H7xx_HAL_Driver/Src/stm32h7xx_hal_pcd_ex.o
                0x08005674                HAL_PCDEx_ActivateLPM
 .text.HAL_PCDEx_LPM_Callback
                0x080056bc       0x18 ./Drivers/STM32H7xx_HAL_Driver/Src/stm32h7xx_hal_pcd_ex.o
                0x080056bc                HAL_PCDEx_LPM_Callback
 .text.HAL_PWREx_ConfigSupply
                0x080056d4       0x74 ./Drivers/STM32H7xx_HAL_Driver/Src/stm32h7xx_hal_pwr_ex.o
                0x080056d4                HAL_PWREx_ConfigSupply
 .text.HAL_PWREx_EnableUSBVoltageDetector
                0x08005748       0x20 ./Drivers/STM32H7xx_HAL_Driver/Src/stm32h7xx_hal_pwr_ex.o
                0x08005748                HAL_PWREx_EnableUSBVoltageDetector
 .text.HAL_RCC_OscConfig
                0x08005768      0x8b4 ./Drivers/STM32H7xx_HAL_Driver/Src/stm32h7xx_hal_rcc.o
                0x08005768                HAL_RCC_OscConfig
 .text.HAL_RCC_ClockConfig
                0x0800601c      0x36c ./Drivers/STM32H7xx_HAL_Driver/Src/stm32h7xx_hal_rcc.o
                0x0800601c                HAL_RCC_ClockConfig
 .text.HAL_RCC_GetSysClockFreq
                0x08006388      0x2f4 ./Drivers/STM32H7xx_HAL_Driver/Src/stm32h7xx_hal_rcc.o
                0x08006388                HAL_RCC_GetSysClockFreq
 .text.HAL_RCC_GetHCLKFreq
                0x0800667c       0x60 ./Drivers/STM32H7xx_HAL_Driver/Src/stm32h7xx_hal_rcc.o
                0x0800667c                HAL_RCC_GetHCLKFreq
 .text.HAL_RCC_GetPCLK1Freq
                0x080066dc       0x2c ./Drivers/STM32H7xx_HAL_Driver/Src/stm32h7xx_hal_rcc.o
                0x080066dc                HAL_RCC_GetPCLK1Freq
 .text.HAL_RCC_GetPCLK2Freq
                0x08006708       0x2c ./Drivers/STM32H7xx_HAL_Driver/Src/stm32h7xx_hal_rcc.o
                0x08006708                HAL_RCC_GetPCLK2Freq
 .text.HAL_RCCEx_PeriphCLKConfig
                0x08006734     0x1414 ./Drivers/STM32H7xx_HAL_Driver/Src/stm32h7xx_hal_rcc_ex.o
                0x08006734                HAL_RCCEx_PeriphCLKConfig
 .text.HAL_RCCEx_GetPeriphCLKFreq
                0x08007b48      0xb00 ./Drivers/STM32H7xx_HAL_Driver/Src/stm32h7xx_hal_rcc_ex.o
                0x08007b48                HAL_RCCEx_GetPeriphCLKFreq
 .text.HAL_RCCEx_GetD3PCLK1Freq
                0x08008648       0x2c ./Drivers/STM32H7xx_HAL_Driver/Src/stm32h7xx_hal_rcc_ex.o
                0x08008648                HAL_RCCEx_GetD3PCLK1Freq
 .text.HAL_RCCEx_GetPLL2ClockFreq
                0x08008674      0x2a8 ./Drivers/STM32H7xx_HAL_Driver/Src/stm32h7xx_hal_rcc_ex.o
                0x08008674                HAL_RCCEx_GetPLL2ClockFreq
 .text.HAL_RCCEx_GetPLL3ClockFreq
                0x0800891c      0x2a8 ./Drivers/STM32H7xx_HAL_Driver/Src/stm32h7xx_hal_rcc_ex.o
                0x0800891c                HAL_RCCEx_GetPLL3ClockFreq
 .text.HAL_RCCEx_GetPLL1ClockFreq
                0x08008bc4      0x2a4 ./Drivers/STM32H7xx_HAL_Driver/Src/stm32h7xx_hal_rcc_ex.o
                0x08008bc4                HAL_RCCEx_GetPLL1ClockFreq
 .text.RCCEx_PLL2_Config
                0x08008e68      0x164 ./Drivers/STM32H7xx_HAL_Driver/Src/stm32h7xx_hal_rcc_ex.o
 .text.RCCEx_PLL3_Config
                0x08008fcc      0x164 ./Drivers/STM32H7xx_HAL_Driver/Src/stm32h7xx_hal_rcc_ex.o
 .text.HAL_SAI_InitProtocol
                0x08009130       0x62 ./Drivers/STM32H7xx_HAL_Driver/Src/stm32h7xx_hal_sai.o
                0x08009130                HAL_SAI_InitProtocol
 *fill*         0x08009192        0x2 
 .text.HAL_SAI_Init
                0x08009194      0x554 ./Drivers/STM32H7xx_HAL_Driver/Src/stm32h7xx_hal_sai.o
                0x08009194                HAL_SAI_Init
 .text.HAL_SAI_Transmit_DMA
                0x080096e8      0x16c ./Drivers/STM32H7xx_HAL_Driver/Src/stm32h7xx_hal_sai.o
                0x080096e8                HAL_SAI_Transmit_DMA
 .text.HAL_SAI_TxCpltCallback
                0x08009854       0x14 ./Drivers/STM32H7xx_HAL_Driver/Src/stm32h7xx_hal_sai.o
                0x08009854                HAL_SAI_TxCpltCallback
 .text.HAL_SAI_TxHalfCpltCallback
                0x08009868       0x14 ./Drivers/STM32H7xx_HAL_Driver/Src/stm32h7xx_hal_sai.o
                0x08009868                HAL_SAI_TxHalfCpltCallback
 .text.HAL_SAI_ErrorCallback
                0x0800987c       0x14 ./Drivers/STM32H7xx_HAL_Driver/Src/stm32h7xx_hal_sai.o
                0x0800987c                HAL_SAI_ErrorCallback
 .text.SAI_InitI2S
                0x08009890      0x164 ./Drivers/STM32H7xx_HAL_Driver/Src/stm32h7xx_hal_sai.o
 .text.SAI_InitPCM
                0x080099f4      0x104 ./Drivers/STM32H7xx_HAL_Driver/Src/stm32h7xx_hal_sai.o
 .text.SAI_InterruptFlag
                0x08009af8       0x6e ./Drivers/STM32H7xx_HAL_Driver/Src/stm32h7xx_hal_sai.o
 *fill*         0x08009b66        0x2 
 .text.SAI_Disable
                0x08009b68       0x74 ./Drivers/STM32H7xx_HAL_Driver/Src/stm32h7xx_hal_sai.o
 .text.SAI_DMATxCplt
                0x08009bdc       0x60 ./Drivers/STM32H7xx_HAL_Driver/Src/stm32h7xx_hal_sai.o
 .text.SAI_DMATxHalfCplt
                0x08009c3c       0x1c ./Drivers/STM32H7xx_HAL_Driver/Src/stm32h7xx_hal_sai.o
 .text.SAI_DMAError
                0x08009c58       0x5e ./Drivers/STM32H7xx_HAL_Driver/Src/stm32h7xx_hal_sai.o
 .text.HAL_UART_Init
                0x08009cb6       0xa0 ./Drivers/STM32H7xx_HAL_Driver/Src/stm32h7xx_hal_uart.o
                0x08009cb6                HAL_UART_Init
 *fill*         0x08009d56        0x2 
 .text.UART_SetConfig
                0x08009d58      0xad0 ./Drivers/STM32H7xx_HAL_Driver/Src/stm32h7xx_hal_uart.o
                0x08009d58                UART_SetConfig
 .text.UART_AdvFeatureConfig
                0x0800a828      0x144 ./Drivers/STM32H7xx_HAL_Driver/Src/stm32h7xx_hal_uart.o
                0x0800a828                UART_AdvFeatureConfig
 .text.UART_CheckIdleState
                0x0800a96c      0x154 ./Drivers/STM32H7xx_HAL_Driver/Src/stm32h7xx_hal_uart.o
                0x0800a96c                UART_CheckIdleState
 .text.UART_WaitOnFlagUntilTimeout
                0x0800aac0       0xda ./Drivers/STM32H7xx_HAL_Driver/Src/stm32h7xx_hal_uart.o
                0x0800aac0                UART_WaitOnFlagUntilTimeout
 *fill*         0x0800ab9a        0x2 
 .text.UART_EndRxTransfer
                0x0800ab9c       0xcc ./Drivers/STM32H7xx_HAL_Driver/Src/stm32h7xx_hal_uart.o
 .text.HAL_UARTEx_DisableFifoMode
                0x0800ac68       0x72 ./Drivers/STM32H7xx_HAL_Driver/Src/stm32h7xx_hal_uart_ex.o
                0x0800ac68                HAL_UARTEx_DisableFifoMode
 .text.HAL_UARTEx_SetTxFifoThreshold
                0x0800acda       0x7c ./Drivers/STM32H7xx_HAL_Driver/Src/stm32h7xx_hal_uart_ex.o
                0x0800acda                HAL_UARTEx_SetTxFifoThreshold
 .text.HAL_UARTEx_SetRxFifoThreshold
                0x0800ad56       0x7c ./Drivers/STM32H7xx_HAL_Driver/Src/stm32h7xx_hal_uart_ex.o
                0x0800ad56                HAL_UARTEx_SetRxFifoThreshold
 *fill*         0x0800add2        0x2 
 .text.UARTEx_SetNbDataToProcess
                0x0800add4       0x9c ./Drivers/STM32H7xx_HAL_Driver/Src/stm32h7xx_hal_uart_ex.o
 .text.USB_CoreInit
                0x0800ae70       0xe4 ./Drivers/STM32H7xx_HAL_Driver/Src/stm32h7xx_ll_usb.o
                0x0800ae70                USB_CoreInit
 .text.USB_SetTurnaroundTime
                0x0800af54      0x144 ./Drivers/STM32H7xx_HAL_Driver/Src/stm32h7xx_ll_usb.o
                0x0800af54                USB_SetTurnaroundTime
 .text.USB_EnableGlobalInt
                0x0800b098       0x22 ./Drivers/STM32H7xx_HAL_Driver/Src/stm32h7xx_ll_usb.o
                0x0800b098                USB_EnableGlobalInt
 .text.USB_DisableGlobalInt
                0x0800b0ba       0x22 ./Drivers/STM32H7xx_HAL_Driver/Src/stm32h7xx_ll_usb.o
                0x0800b0ba                USB_DisableGlobalInt
 .text.USB_SetCurrentMode
                0x0800b0dc       0x98 ./Drivers/STM32H7xx_HAL_Driver/Src/stm32h7xx_ll_usb.o
                0x0800b0dc                USB_SetCurrentMode
 .text.USB_DevInit
                0x0800b174      0x2bc ./Drivers/STM32H7xx_HAL_Driver/Src/stm32h7xx_ll_usb.o
                0x0800b174                USB_DevInit
 .text.USB_FlushTxFifo
                0x0800b430       0x64 ./Drivers/STM32H7xx_HAL_Driver/Src/stm32h7xx_ll_usb.o
                0x0800b430                USB_FlushTxFifo
 .text.USB_FlushRxFifo
                0x0800b494       0x5c ./Drivers/STM32H7xx_HAL_Driver/Src/stm32h7xx_ll_usb.o
                0x0800b494                USB_FlushRxFifo
 .text.USB_SetDevSpeed
                0x0800b4f0       0x32 ./Drivers/STM32H7xx_HAL_Driver/Src/stm32h7xx_ll_usb.o
                0x0800b4f0                USB_SetDevSpeed
 .text.USB_GetDevSpeed
                0x0800b522       0x4a ./Drivers/STM32H7xx_HAL_Driver/Src/stm32h7xx_ll_usb.o
                0x0800b522                USB_GetDevSpeed
 .text.USB_ActivateEndpoint
                0x0800b56c      0x110 ./Drivers/STM32H7xx_HAL_Driver/Src/stm32h7xx_ll_usb.o
                0x0800b56c                USB_ActivateEndpoint
 .text.USB_DeactivateEndpoint
                0x0800b67c      0x1b8 ./Drivers/STM32H7xx_HAL_Driver/Src/stm32h7xx_ll_usb.o
                0x0800b67c                USB_DeactivateEndpoint
 .text.USB_EPStartXfer
                0x0800b834      0x540 ./Drivers/STM32H7xx_HAL_Driver/Src/stm32h7xx_ll_usb.o
                0x0800b834                USB_EPStartXfer
 .text.USB_EPStopXfer
                0x0800bd74      0x154 ./Drivers/STM32H7xx_HAL_Driver/Src/stm32h7xx_ll_usb.o
                0x0800bd74                USB_EPStopXfer
 .text.USB_WritePacket
                0x0800bec8       0x7c ./Drivers/STM32H7xx_HAL_Driver/Src/stm32h7xx_ll_usb.o
                0x0800bec8                USB_WritePacket
 .text.USB_ReadPacket
                0x0800bf44       0xb0 ./Drivers/STM32H7xx_HAL_Driver/Src/stm32h7xx_ll_usb.o
                0x0800bf44                USB_ReadPacket
 .text.USB_EPSetStall
                0x0800bff4       0xdc ./Drivers/STM32H7xx_HAL_Driver/Src/stm32h7xx_ll_usb.o
                0x0800bff4                USB_EPSetStall
 .text.USB_EPClearStall
                0x0800c0d0       0xcc ./Drivers/STM32H7xx_HAL_Driver/Src/stm32h7xx_ll_usb.o
                0x0800c0d0                USB_EPClearStall
 .text.USB_SetDevAddress
                0x0800c19c       0x4c ./Drivers/STM32H7xx_HAL_Driver/Src/stm32h7xx_ll_usb.o
                0x0800c19c                USB_SetDevAddress
 .text.USB_DevConnect
                0x0800c1e8       0x42 ./Drivers/STM32H7xx_HAL_Driver/Src/stm32h7xx_ll_usb.o
                0x0800c1e8                USB_DevConnect
 .text.USB_DevDisconnect
                0x0800c22a       0x42 ./Drivers/STM32H7xx_HAL_Driver/Src/stm32h7xx_ll_usb.o
                0x0800c22a                USB_DevDisconnect
 .text.USB_ReadInterrupts
                0x0800c26c       0x26 ./Drivers/STM32H7xx_HAL_Driver/Src/stm32h7xx_ll_usb.o
                0x0800c26c                USB_ReadInterrupts
 .text.USB_ReadDevAllOutEpInterrupt
                0x0800c292       0x34 ./Drivers/STM32H7xx_HAL_Driver/Src/stm32h7xx_ll_usb.o
                0x0800c292                USB_ReadDevAllOutEpInterrupt
 .text.USB_ReadDevAllInEpInterrupt
                0x0800c2c6       0x34 ./Drivers/STM32H7xx_HAL_Driver/Src/stm32h7xx_ll_usb.o
                0x0800c2c6                USB_ReadDevAllInEpInterrupt
 .text.USB_ReadDevOutEPInterrupt
                0x0800c2fa       0x3c ./Drivers/STM32H7xx_HAL_Driver/Src/stm32h7xx_ll_usb.o
                0x0800c2fa                USB_ReadDevOutEPInterrupt
 .text.USB_ReadDevInEPInterrupt
                0x0800c336       0x5c ./Drivers/STM32H7xx_HAL_Driver/Src/stm32h7xx_ll_usb.o
                0x0800c336                USB_ReadDevInEPInterrupt
 .text.USB_GetMode
                0x0800c392       0x1c ./Drivers/STM32H7xx_HAL_Driver/Src/stm32h7xx_ll_usb.o
                0x0800c392                USB_GetMode
 *fill*         0x0800c3ae        0x2 
 .text.USB_ActivateSetup
                0x0800c3b0       0x48 ./Drivers/STM32H7xx_HAL_Driver/Src/stm32h7xx_ll_usb.o
                0x0800c3b0                USB_ActivateSetup
 .text.USB_EP0_OutStart
                0x0800c3f8       0xbc ./Drivers/STM32H7xx_HAL_Driver/Src/stm32h7xx_ll_usb.o
                0x0800c3f8                USB_EP0_OutStart
 .text.USB_CoreReset
                0x0800c4b4       0x62 ./Drivers/STM32H7xx_HAL_Driver/Src/stm32h7xx_ll_usb.o
 *fill*         0x0800c516        0x2 
 .text.USBD_AUDIO_Init
                0x0800c518      0x13c ./Middlewares/ST/STM32_USB_Device_Library/Class/AUDIO/Src/usbd_audio.o
 .text.USBD_AUDIO_DeInit
                0x0800c654       0xb4 ./Middlewares/ST/STM32_USB_Device_Library/Class/AUDIO/Src/usbd_audio.o
 .text.USBD_AUDIO_Setup
                0x0800c708      0x1b8 ./Middlewares/ST/STM32_USB_Device_Library/Class/AUDIO/Src/usbd_audio.o
 .text.USBD_AUDIO_GetCfgDesc
                0x0800c8c0       0x20 ./Middlewares/ST/STM32_USB_Device_Library/Class/AUDIO/Src/usbd_audio.o
 .text.USBD_AUDIO_DataIn
                0x0800c8e0       0x1a ./Middlewares/ST/STM32_USB_Device_Library/Class/AUDIO/Src/usbd_audio.o
 .text.USBD_AUDIO_EP0_RxReady
                0x0800c8fa       0x80 ./Middlewares/ST/STM32_USB_Device_Library/Class/AUDIO/Src/usbd_audio.o
 .text.USBD_AUDIO_EP0_TxReady
                0x0800c97a       0x16 ./Middlewares/ST/STM32_USB_Device_Library/Class/AUDIO/Src/usbd_audio.o
 .text.USBD_AUDIO_SOF
                0x0800c990       0x16 ./Middlewares/ST/STM32_USB_Device_Library/Class/AUDIO/Src/usbd_audio.o
 .text.USBD_AUDIO_IsoINIncomplete
                0x0800c9a6       0x1a ./Middlewares/ST/STM32_USB_Device_Library/Class/AUDIO/Src/usbd_audio.o
 .text.USBD_AUDIO_IsoOutIncomplete
                0x0800c9c0       0x58 ./Middlewares/ST/STM32_USB_Device_Library/Class/AUDIO/Src/usbd_audio.o
 .text.USBD_AUDIO_DataOut
                0x0800ca18      0x12c ./Middlewares/ST/STM32_USB_Device_Library/Class/AUDIO/Src/usbd_audio.o
 .text.AUDIO_REQ_GetCurrent
                0x0800cb44       0x58 ./Middlewares/ST/STM32_USB_Device_Library/Class/AUDIO/Src/usbd_audio.o
 .text.AUDIO_REQ_SetCurrent
                0x0800cb9c       0x88 ./Middlewares/ST/STM32_USB_Device_Library/Class/AUDIO/Src/usbd_audio.o
 .text.USBD_AUDIO_GetDeviceQualifierDesc
                0x0800cc24       0x20 ./Middlewares/ST/STM32_USB_Device_Library/Class/AUDIO/Src/usbd_audio.o
 .text.USBD_AUDIO_RegisterInterface
                0x0800cc44       0x34 ./Middlewares/ST/STM32_USB_Device_Library/Class/AUDIO/Src/usbd_audio.o
                0x0800cc44                USBD_AUDIO_RegisterInterface
 .text.USBD_AUDIO_GetAudioHeaderDesc
                0x0800cc78       0x64 ./Middlewares/ST/STM32_USB_Device_Library/Class/AUDIO/Src/usbd_audio.o
 .text.USBD_Init
                0x0800ccdc       0x60 ./Middlewares/ST/STM32_USB_Device_Library/Core/Src/usbd_core.o
                0x0800ccdc                USBD_Init
 .text.USBD_RegisterClass
                0x0800cd3c       0x6c ./Middlewares/ST/STM32_USB_Device_Library/Core/Src/usbd_core.o
                0x0800cd3c                USBD_RegisterClass
 .text.USBD_Start
                0x0800cda8       0x18 ./Middlewares/ST/STM32_USB_Device_Library/Core/Src/usbd_core.o
                0x0800cda8                USBD_Start
 .text.USBD_RunTestMode
                0x0800cdc0       0x16 ./Middlewares/ST/STM32_USB_Device_Library/Core/Src/usbd_core.o
                0x0800cdc0                USBD_RunTestMode
 .text.USBD_SetClassConfig
                0x0800cdd6       0x38 ./Middlewares/ST/STM32_USB_Device_Library/Core/Src/usbd_core.o
                0x0800cdd6                USBD_SetClassConfig
 .text.USBD_ClrClassConfig
                0x0800ce0e       0x34 ./Middlewares/ST/STM32_USB_Device_Library/Core/Src/usbd_core.o
                0x0800ce0e                USBD_ClrClassConfig
 .text.USBD_LL_SetupStage
                0x0800ce42       0xaa ./Middlewares/ST/STM32_USB_Device_Library/Core/Src/usbd_core.o
                0x0800ce42                USBD_LL_SetupStage
 .text.USBD_LL_DataOutStage
                0x0800ceec      0x166 ./Middlewares/ST/STM32_USB_Device_Library/Core/Src/usbd_core.o
                0x0800ceec                USBD_LL_DataOutStage
 .text.USBD_LL_DataInStage
                0x0800d052      0x164 ./Middlewares/ST/STM32_USB_Device_Library/Core/Src/usbd_core.o
                0x0800d052                USBD_LL_DataInStage
 .text.USBD_LL_Reset
                0x0800d1b6       0xa4 ./Middlewares/ST/STM32_USB_Device_Library/Core/Src/usbd_core.o
                0x0800d1b6                USBD_LL_Reset
 .text.USBD_LL_SetSpeed
                0x0800d25a       0x20 ./Middlewares/ST/STM32_USB_Device_Library/Core/Src/usbd_core.o
                0x0800d25a                USBD_LL_SetSpeed
 .text.USBD_LL_Suspend
                0x0800d27a       0x38 ./Middlewares/ST/STM32_USB_Device_Library/Core/Src/usbd_core.o
                0x0800d27a                USBD_LL_Suspend
 .text.USBD_LL_Resume
                0x0800d2b2       0x30 ./Middlewares/ST/STM32_USB_Device_Library/Core/Src/usbd_core.o
                0x0800d2b2                USBD_LL_Resume
 .text.USBD_LL_SOF
                0x0800d2e2       0x40 ./Middlewares/ST/STM32_USB_Device_Library/Core/Src/usbd_core.o
                0x0800d2e2                USBD_LL_SOF
 .text.USBD_LL_IsoINIncomplete
                0x0800d322       0x64 ./Middlewares/ST/STM32_USB_Device_Library/Core/Src/usbd_core.o
                0x0800d322                USBD_LL_IsoINIncomplete
 .text.USBD_LL_IsoOUTIncomplete
                0x0800d386       0x64 ./Middlewares/ST/STM32_USB_Device_Library/Core/Src/usbd_core.o
                0x0800d386                USBD_LL_IsoOUTIncomplete
 .text.USBD_LL_DevConnected
                0x0800d3ea       0x16 ./Middlewares/ST/STM32_USB_Device_Library/Core/Src/usbd_core.o
                0x0800d3ea                USBD_LL_DevConnected
 .text.USBD_LL_DevDisconnected
                0x0800d400       0x46 ./Middlewares/ST/STM32_USB_Device_Library/Core/Src/usbd_core.o
                0x0800d400                USBD_LL_DevDisconnected
 .text.USBD_CoreFindIF
                0x0800d446       0x1a ./Middlewares/ST/STM32_USB_Device_Library/Core/Src/usbd_core.o
                0x0800d446                USBD_CoreFindIF
 .text.USBD_CoreFindEP
                0x0800d460       0x1a ./Middlewares/ST/STM32_USB_Device_Library/Core/Src/usbd_core.o
                0x0800d460                USBD_CoreFindEP
 .text.USBD_GetNextDesc
                0x0800d47a       0x38 ./Middlewares/ST/STM32_USB_Device_Library/Core/Src/usbd_core.o
                0x0800d47a                USBD_GetNextDesc
 .text.SWAPBYTE
                0x0800d4b2       0x3c ./Middlewares/ST/STM32_USB_Device_Library/Core/Src/usbd_ctlreq.o
 *fill*         0x0800d4ee        0x2 
 .text.USBD_StdDevReq
                0x0800d4f0       0xe4 ./Middlewares/ST/STM32_USB_Device_Library/Core/Src/usbd_ctlreq.o
                0x0800d4f0                USBD_StdDevReq
 .text.USBD_StdItfReq
                0x0800d5d4       0xd8 ./Middlewares/ST/STM32_USB_Device_Library/Core/Src/usbd_ctlreq.o
                0x0800d5d4                USBD_StdItfReq
 .text.USBD_StdEPReq
                0x0800d6ac      0x33a ./Middlewares/ST/STM32_USB_Device_Library/Core/Src/usbd_ctlreq.o
                0x0800d6ac                USBD_StdEPReq
 *fill*         0x0800d9e6        0x2 
 .text.USBD_GetDescriptor
                0x0800d9e8      0x328 ./Middlewares/ST/STM32_USB_Device_Library/Core/Src/usbd_ctlreq.o
 .text.USBD_SetAddress
                0x0800dd10       0x88 ./Middlewares/ST/STM32_USB_Device_Library/Core/Src/usbd_ctlreq.o
 .text.USBD_SetConfig
                0x0800dd98      0x154 ./Middlewares/ST/STM32_USB_Device_Library/Core/Src/usbd_ctlreq.o
 .text.USBD_GetConfig
                0x0800deec       0x6c ./Middlewares/ST/STM32_USB_Device_Library/Core/Src/usbd_ctlreq.o
 .text.USBD_GetStatus
                0x0800df58       0x68 ./Middlewares/ST/STM32_USB_Device_Library/Core/Src/usbd_ctlreq.o
 .text.USBD_SetFeature
                0x0800dfc0       0x52 ./Middlewares/ST/STM32_USB_Device_Library/Core/Src/usbd_ctlreq.o
 .text.USBD_ClrFeature
                0x0800e012       0x44 ./Middlewares/ST/STM32_USB_Device_Library/Core/Src/usbd_ctlreq.o
 .text.USBD_ParseSetupRequest
                0x0800e056       0x74 ./Middlewares/ST/STM32_USB_Device_Library/Core/Src/usbd_ctlreq.o
                0x0800e056                USBD_ParseSetupRequest
 .text.USBD_CtlError
                0x0800e0ca       0x22 ./Middlewares/ST/STM32_USB_Device_Library/Core/Src/usbd_ctlreq.o
                0x0800e0ca                USBD_CtlError
 .text.USBD_GetString
                0x0800e0ec       0xa4 ./Middlewares/ST/STM32_USB_Device_Library/Core/Src/usbd_ctlreq.o
                0x0800e0ec                USBD_GetString
 .text.USBD_GetLen
                0x0800e190       0x34 ./Middlewares/ST/STM32_USB_Device_Library/Core/Src/usbd_ctlreq.o
 .text.USBD_CtlSendData
                0x0800e1c4       0x36 ./Middlewares/ST/STM32_USB_Device_Library/Core/Src/usbd_ioreq.o
                0x0800e1c4                USBD_CtlSendData
 .text.USBD_CtlContinueSendData
                0x0800e1fa       0x22 ./Middlewares/ST/STM32_USB_Device_Library/Core/Src/usbd_ioreq.o
                0x0800e1fa                USBD_CtlContinueSendData
 .text.USBD_CtlPrepareRx
                0x0800e21c       0x3a ./Middlewares/ST/STM32_USB_Device_Library/Core/Src/usbd_ioreq.o
                0x0800e21c                USBD_CtlPrepareRx
 .text.USBD_CtlContinueRx
                0x0800e256       0x22 ./Middlewares/ST/STM32_USB_Device_Library/Core/Src/usbd_ioreq.o
                0x0800e256                USBD_CtlContinueRx
 .text.USBD_CtlSendStatus
                0x0800e278       0x26 ./Middlewares/ST/STM32_USB_Device_Library/Core/Src/usbd_ioreq.o
                0x0800e278                USBD_CtlSendStatus
 .text.USBD_CtlReceiveStatus
                0x0800e29e       0x26 ./Middlewares/ST/STM32_USB_Device_Library/Core/Src/usbd_ioreq.o
                0x0800e29e                USBD_CtlReceiveStatus
 .text.MX_USB_DEVICE_Init
                0x0800e2c4       0x64 ./USB_DEVICE/App/usb_device.o
                0x0800e2c4                MX_USB_DEVICE_Init
 .text.AUDIO_Init_FS
                0x0800e328       0x1a ./USB_DEVICE/App/usbd_audio_if.o
 .text.AUDIO_DeInit_FS
                0x0800e342       0x16 ./USB_DEVICE/App/usbd_audio_if.o
 .text.AUDIO_AudioCmd_FS
                0x0800e358       0x28 ./USB_DEVICE/App/usbd_audio_if.o
 .text.AUDIO_VolumeCtl_FS
                0x0800e380       0x18 ./USB_DEVICE/App/usbd_audio_if.o
 .text.AUDIO_MuteCtl_FS
                0x0800e398       0x18 ./USB_DEVICE/App/usbd_audio_if.o
 .text.AUDIO_PeriodicTC_FS
                0x0800e3b0       0x1c ./USB_DEVICE/App/usbd_audio_if.o
 .text.AUDIO_GetState_FS
                0x0800e3cc       0x10 ./USB_DEVICE/App/usbd_audio_if.o
 .text.USBD_FS_DeviceDescriptor
                0x0800e3dc       0x24 ./USB_DEVICE/App/usbd_desc.o
                0x0800e3dc                USBD_FS_DeviceDescriptor
 .text.USBD_FS_LangIDStrDescriptor
                0x0800e400       0x24 ./USB_DEVICE/App/usbd_desc.o
                0x0800e400                USBD_FS_LangIDStrDescriptor
 .text.USBD_FS_ProductStrDescriptor
                0x0800e424       0x3c ./USB_DEVICE/App/usbd_desc.o
                0x0800e424                USBD_FS_ProductStrDescriptor
 .text.USBD_FS_ManufacturerStrDescriptor
                0x0800e460       0x28 ./USB_DEVICE/App/usbd_desc.o
                0x0800e460                USBD_FS_ManufacturerStrDescriptor
 .text.USBD_FS_SerialStrDescriptor
                0x0800e488       0x24 ./USB_DEVICE/App/usbd_desc.o
                0x0800e488                USBD_FS_SerialStrDescriptor
 .text.USBD_FS_ConfigStrDescriptor
                0x0800e4ac       0x3c ./USB_DEVICE/App/usbd_desc.o
                0x0800e4ac                USBD_FS_ConfigStrDescriptor
 .text.USBD_FS_InterfaceStrDescriptor
                0x0800e4e8       0x3c ./USB_DEVICE/App/usbd_desc.o
                0x0800e4e8                USBD_FS_InterfaceStrDescriptor
 .text.Get_SerialNum
                0x0800e524       0x58 ./USB_DEVICE/App/usbd_desc.o
 .text.IntToUnicode
                0x0800e57c       0x7e ./USB_DEVICE/App/usbd_desc.o
 *fill*         0x0800e5fa        0x2 
 .text.HAL_PCD_MspInit
                0x0800e5fc       0xe8 ./USB_DEVICE/Target/usbd_conf.o
                0x0800e5fc                HAL_PCD_MspInit
 .text.HAL_PCD_SetupStageCallback
                0x0800e6e4       0x24 ./USB_DEVICE/Target/usbd_conf.o
                0x0800e6e4                HAL_PCD_SetupStageCallback
 .text.HAL_PCD_DataOutStageCallback
                0x0800e708       0x36 ./USB_DEVICE/Target/usbd_conf.o
                0x0800e708                HAL_PCD_DataOutStageCallback
 .text.HAL_PCD_DataInStageCallback
                0x0800e73e       0x34 ./USB_DEVICE/Target/usbd_conf.o
                0x0800e73e                HAL_PCD_DataInStageCallback
 .text.HAL_PCD_SOFCallback
                0x0800e772       0x1c ./USB_DEVICE/Target/usbd_conf.o
                0x0800e772                HAL_PCD_SOFCallback
 .text.HAL_PCD_ResetCallback
                0x0800e78e       0x50 ./USB_DEVICE/Target/usbd_conf.o
                0x0800e78e                HAL_PCD_ResetCallback
 *fill*         0x0800e7de        0x2 
 .text.HAL_PCD_SuspendCallback
                0x0800e7e0       0x4c ./USB_DEVICE/Target/usbd_conf.o
                0x0800e7e0                HAL_PCD_SuspendCallback
 .text.HAL_PCD_ResumeCallback
                0x0800e82c       0x1c ./USB_DEVICE/Target/usbd_conf.o
                0x0800e82c                HAL_PCD_ResumeCallback
 .text.HAL_PCD_ISOOUTIncompleteCallback
                0x0800e848       0x24 ./USB_DEVICE/Target/usbd_conf.o
                0x0800e848                HAL_PCD_ISOOUTIncompleteCallback
 .text.HAL_PCD_ISOINIncompleteCallback
                0x0800e86c       0x24 ./USB_DEVICE/Target/usbd_conf.o
                0x0800e86c                HAL_PCD_ISOINIncompleteCallback
 .text.HAL_PCD_ConnectCallback
                0x0800e890       0x1c ./USB_DEVICE/Target/usbd_conf.o
                0x0800e890                HAL_PCD_ConnectCallback
 .text.HAL_PCD_DisconnectCallback
                0x0800e8ac       0x1c ./USB_DEVICE/Target/usbd_conf.o
                0x0800e8ac                HAL_PCD_DisconnectCallback
 .text.USBD_LL_Init
                0x0800e8c8       0xa0 ./USB_DEVICE/Target/usbd_conf.o
                0x0800e8c8                USBD_LL_Init
 .text.USBD_LL_Start
                0x0800e968       0x36 ./USB_DEVICE/Target/usbd_conf.o
                0x0800e968                USBD_LL_Start
 .text.USBD_LL_OpenEP
                0x0800e99e       0x4c ./USB_DEVICE/Target/usbd_conf.o
                0x0800e99e                USBD_LL_OpenEP
 .text.USBD_LL_CloseEP
                0x0800e9ea       0x3e ./USB_DEVICE/Target/usbd_conf.o
                0x0800e9ea                USBD_LL_CloseEP
 .text.USBD_LL_StallEP
                0x0800ea28       0x3e ./USB_DEVICE/Target/usbd_conf.o
                0x0800ea28                USBD_LL_StallEP
 .text.USBD_LL_ClearStallEP
                0x0800ea66       0x3e ./USB_DEVICE/Target/usbd_conf.o
                0x0800ea66                USBD_LL_ClearStallEP
 .text.USBD_LL_IsStallEP
                0x0800eaa4       0x58 ./USB_DEVICE/Target/usbd_conf.o
                0x0800eaa4                USBD_LL_IsStallEP
 .text.USBD_LL_SetUSBAddress
                0x0800eafc       0x3e ./USB_DEVICE/Target/usbd_conf.o
                0x0800eafc                USBD_LL_SetUSBAddress
 .text.USBD_LL_Transmit
                0x0800eb3a       0x42 ./USB_DEVICE/Target/usbd_conf.o
                0x0800eb3a                USBD_LL_Transmit
 .text.USBD_LL_PrepareReceive
                0x0800eb7c       0x42 ./USB_DEVICE/Target/usbd_conf.o
                0x0800eb7c                USBD_LL_PrepareReceive
 .text.USBD_LL_GetRxDataSize
                0x0800ebbe       0x26 ./USB_DEVICE/Target/usbd_conf.o
                0x0800ebbe                USBD_LL_GetRxDataSize
 .text.USBD_static_malloc
                0x0800ebe4       0x1c ./USB_DEVICE/Target/usbd_conf.o
                0x0800ebe4                USBD_static_malloc
 .text.USBD_static_free
                0x0800ec00       0x14 ./USB_DEVICE/Target/usbd_conf.o
                0x0800ec00                USBD_static_free
 .text.USBD_Get_USB_Status
                0x0800ec14       0x58 ./USB_DEVICE/Target/usbd_conf.o
                0x0800ec14                USBD_Get_USB_Status
 .text.memset   0x0800ec6c       0x10 G:/STM32_CUBEIDE/STM32CubeIDE_1.16.1/STM32CubeIDE/plugins/com.st.stm32cube.ide.mcu.externaltools.gnu-tools-for-stm32.12.3.rel1.win32_1.0.200.202406191623/tools/bin/../lib/gcc/arm-none-eabi/12.3.1/../../../../arm-none-eabi/lib/thumb/v7e-m+dp/hard\libc_nano.a(libc_a-memset.o)
                0x0800ec6c                memset
 .text.__libc_init_array
                0x0800ec7c       0x48 G:/STM32_CUBEIDE/STM32CubeIDE_1.16.1/STM32CubeIDE/plugins/com.st.stm32cube.ide.mcu.externaltools.gnu-tools-for-stm32.12.3.rel1.win32_1.0.200.202406191623/tools/bin/../lib/gcc/arm-none-eabi/12.3.1/../../../../arm-none-eabi/lib/thumb/v7e-m+dp/hard\libc_nano.a(libc_a-init.o)
                0x0800ec7c                __libc_init_array
 *(.glue_7)
 .glue_7        0x0800ecc4        0x0 linker stubs
 *(.glue_7t)
 .glue_7t       0x0800ecc4        0x0 linker stubs
 *(.eh_frame)
 .eh_frame      0x0800ecc4        0x0 G:/STM32_CUBEIDE/STM32CubeIDE_1.16.1/STM32CubeIDE/plugins/com.st.stm32cube.ide.mcu.externaltools.gnu-tools-for-stm32.12.3.rel1.win32_1.0.200.202406191623/tools/bin/../lib/gcc/arm-none-eabi/12.3.1/thumb/v7e-m+dp/hard/crtbegin.o
 *(.init)
 .init          0x0800ecc4        0x4 G:/STM32_CUBEIDE/STM32CubeIDE_1.16.1/STM32CubeIDE/plugins/com.st.stm32cube.ide.mcu.externaltools.gnu-tools-for-stm32.12.3.rel1.win32_1.0.200.202406191623/tools/bin/../lib/gcc/arm-none-eabi/12.3.1/thumb/v7e-m+dp/hard/crti.o
                0x0800ecc4                _init
 .init          0x0800ecc8        0x8 G:/STM32_CUBEIDE/STM32CubeIDE_1.16.1/STM32CubeIDE/plugins/com.st.stm32cube.ide.mcu.externaltools.gnu-tools-for-stm32.12.3.rel1.win32_1.0.200.202406191623/tools/bin/../lib/gcc/arm-none-eabi/12.3.1/thumb/v7e-m+dp/hard/crtn.o
 *(.fini)
 .fini          0x0800ecd0        0x4 G:/STM32_CUBEIDE/STM32CubeIDE_1.16.1/STM32CubeIDE/plugins/com.st.stm32cube.ide.mcu.externaltools.gnu-tools-for-stm32.12.3.rel1.win32_1.0.200.202406191623/tools/bin/../lib/gcc/arm-none-eabi/12.3.1/thumb/v7e-m+dp/hard/crti.o
                0x0800ecd0                _fini
 .fini          0x0800ecd4        0x8 G:/STM32_CUBEIDE/STM32CubeIDE_1.16.1/STM32CubeIDE/plugins/com.st.stm32cube.ide.mcu.externaltools.gnu-tools-for-stm32.12.3.rel1.win32_1.0.200.202406191623/tools/bin/../lib/gcc/arm-none-eabi/12.3.1/thumb/v7e-m+dp/hard/crtn.o
                0x0800ecdc                        . = ALIGN (0x4)
                0x0800ecdc                        _etext = .

.vfp11_veneer   0x0800ecdc        0x0
 .vfp11_veneer  0x0800ecdc        0x0 linker stubs

.v4_bx          0x0800ecdc        0x0
 .v4_bx         0x0800ecdc        0x0 linker stubs

.iplt           0x0800ecdc        0x0
 .iplt          0x0800ecdc        0x0 G:/STM32_CUBEIDE/STM32CubeIDE_1.16.1/STM32CubeIDE/plugins/com.st.stm32cube.ide.mcu.externaltools.gnu-tools-for-stm32.12.3.rel1.win32_1.0.200.202406191623/tools/bin/../lib/gcc/arm-none-eabi/12.3.1/thumb/v7e-m+dp/hard/crtbegin.o

.rodata         0x0800ecdc       0x88
                0x0800ecdc                        . = ALIGN (0x4)
 *(.rodata)
 .rodata        0x0800ecdc       0x48 ./USB_DEVICE/App/usbd_desc.o
 *(.rodata*)
 .rodata.D1CorePrescTable
                0x0800ed24       0x10 ./Core/Src/system_stm32h7xx.o
                0x0800ed24                D1CorePrescTable
 .rodata.flagBitshiftOffset.0
                0x0800ed34        0x8 ./Drivers/STM32H7xx_HAL_Driver/Src/stm32h7xx_hal_dma.o
 .rodata.UARTPrescTable
                0x0800ed3c       0x18 ./Drivers/STM32H7xx_HAL_Driver/Src/stm32h7xx_hal_uart.o
                0x0800ed3c                UARTPrescTable
 .rodata.numerator.1
                0x0800ed54        0x8 ./Drivers/STM32H7xx_HAL_Driver/Src/stm32h7xx_hal_uart_ex.o
 .rodata.denominator.0
                0x0800ed5c        0x8 ./Drivers/STM32H7xx_HAL_Driver/Src/stm32h7xx_hal_uart_ex.o
                0x0800ed64                        . = ALIGN (0x4)

.ARM.extab
 *(.ARM.extab* .gnu.linkonce.armextab.*)

.ARM            0x0800ed64        0x8
                0x0800ed64                        __exidx_start = .
 *(.ARM.exidx*)
 .ARM.exidx     0x0800ed64        0x8 G:/STM32_CUBEIDE/STM32CubeIDE_1.16.1/STM32CubeIDE/plugins/com.st.stm32cube.ide.mcu.externaltools.gnu-tools-for-stm32.12.3.rel1.win32_1.0.200.202406191623/tools/bin/../lib/gcc/arm-none-eabi/12.3.1/thumb/v7e-m+dp/hard\libgcc.a(_udivmoddi4.o)
                0x0800ed6c                        __exidx_end = .

.preinit_array  0x0800ed6c        0x0
                0x0800ed6c                        PROVIDE (__preinit_array_start = .)
 *(.preinit_array*)
                0x0800ed6c                        PROVIDE (__preinit_array_end = .)

.init_array     0x0800ed6c        0x4
                0x0800ed6c                        PROVIDE (__init_array_start = .)
 *(SORT_BY_NAME(.init_array.*))
 *(.init_array*)
 .init_array    0x0800ed6c        0x4 G:/STM32_CUBEIDE/STM32CubeIDE_1.16.1/STM32CubeIDE/plugins/com.st.stm32cube.ide.mcu.externaltools.gnu-tools-for-stm32.12.3.rel1.win32_1.0.200.202406191623/tools/bin/../lib/gcc/arm-none-eabi/12.3.1/thumb/v7e-m+dp/hard/crtbegin.o
                0x0800ed70                        PROVIDE (__init_array_end = .)

.fini_array     0x0800ed70        0x4
                [!provide]                        PROVIDE (__fini_array_start = .)
 *(SORT_BY_NAME(.fini_array.*))
 *(.fini_array*)
 .fini_array    0x0800ed70        0x4 G:/STM32_CUBEIDE/STM32CubeIDE_1.16.1/STM32CubeIDE/plugins/com.st.stm32cube.ide.mcu.externaltools.gnu-tools-for-stm32.12.3.rel1.win32_1.0.200.202406191623/tools/bin/../lib/gcc/arm-none-eabi/12.3.1/thumb/v7e-m+dp/hard/crtbegin.o
                [!provide]                        PROVIDE (__fini_array_end = .)
                0x0800ed74                        _sidata = LOADADDR (.data)

.rel.dyn        0x0800ed74        0x0
 .rel.iplt      0x0800ed74        0x0 G:/STM32_CUBEIDE/STM32CubeIDE_1.16.1/STM32CubeIDE/plugins/com.st.stm32cube.ide.mcu.externaltools.gnu-tools-for-stm32.12.3.rel1.win32_1.0.200.202406191623/tools/bin/../lib/gcc/arm-none-eabi/12.3.1/thumb/v7e-m+dp/hard/crtbegin.o

.data           0x24000000      0x134 load address 0x0800ed74
                0x24000000                        . = ALIGN (0x4)
                0x24000000                        _sdata = .
 *(.data)
 *(.data*)
 .data.SystemCoreClock
                0x24000000        0x4 ./Core/Src/system_stm32h7xx.o
                0x24000000                SystemCoreClock
 .data.SystemD2Clock
                0x24000004        0x4 ./Core/Src/system_stm32h7xx.o
                0x24000004                SystemD2Clock
 .data.uwTickPrio
                0x24000008        0x4 ./Drivers/STM32H7xx_HAL_Driver/Src/stm32h7xx_hal.o
                0x24000008                uwTickPrio
 .data.uwTickFreq
                0x2400000c        0x1 ./Drivers/STM32H7xx_HAL_Driver/Src/stm32h7xx_hal.o
                0x2400000c                uwTickFreq
 *fill*         0x2400000d        0x3 
 .data.USBD_AUDIO
                0x24000010       0x38 ./Middlewares/ST/STM32_USB_Device_Library/Class/AUDIO/Src/usbd_audio.o
                0x24000010                USBD_AUDIO
 .data.USBD_AUDIO_CfgDesc
                0x24000048       0x6d ./Middlewares/ST/STM32_USB_Device_Library/Class/AUDIO/Src/usbd_audio.o
 *fill*         0x240000b5        0x3 
 .data.USBD_AUDIO_DeviceQualifierDesc
                0x240000b8        0xa ./Middlewares/ST/STM32_USB_Device_Library/Class/AUDIO/Src/usbd_audio.o
 .data.AUDIOOutEpAdd
                0x240000c2        0x1 ./Middlewares/ST/STM32_USB_Device_Library/Class/AUDIO/Src/usbd_audio.o
 *fill*         0x240000c3        0x1 
 .data.USBD_AUDIO_fops_FS
                0x240000c4       0x1c ./USB_DEVICE/App/usbd_audio_if.o
                0x240000c4                USBD_AUDIO_fops_FS
 .data.FS_Desc  0x240000e0       0x20 ./USB_DEVICE/App/usbd_desc.o
                0x240000e0                FS_Desc
 .data.USBD_FS_DeviceDesc
                0x24000100       0x12 ./USB_DEVICE/App/usbd_desc.o
                0x24000100                USBD_FS_DeviceDesc
 *fill*         0x24000112        0x2 
 .data.USBD_LangIDDesc
                0x24000114        0x4 ./USB_DEVICE/App/usbd_desc.o
                0x24000114                USBD_LangIDDesc
 .data.USBD_StringSerial
                0x24000118       0x1a ./USB_DEVICE/App/usbd_desc.o
                0x24000118                USBD_StringSerial
 *(.RamFunc)
 *(.RamFunc*)
                0x24000134                        . = ALIGN (0x4)
 *fill*         0x24000132        0x2 
                0x24000134                        _edata = .

.igot.plt       0x24000134        0x0 load address 0x0800eea8
 .igot.plt      0x24000134        0x0 G:/STM32_CUBEIDE/STM32CubeIDE_1.16.1/STM32CubeIDE/plugins/com.st.stm32cube.ide.mcu.externaltools.gnu-tools-for-stm32.12.3.rel1.win32_1.0.200.202406191623/tools/bin/../lib/gcc/arm-none-eabi/12.3.1/thumb/v7e-m+dp/hard/crtbegin.o
                0x24000134                        . = ALIGN (0x4)

.bss            0x24000134     0x4bbc load address 0x0800eea8
                0x24000134                        _sbss = .
                0x24000134                        __bss_start__ = _sbss
 *(.bss)
 .bss           0x24000134       0x1c G:/STM32_CUBEIDE/STM32CubeIDE_1.16.1/STM32CubeIDE/plugins/com.st.stm32cube.ide.mcu.externaltools.gnu-tools-for-stm32.12.3.rel1.win32_1.0.200.202406191623/tools/bin/../lib/gcc/arm-none-eabi/12.3.1/thumb/v7e-m+dp/hard/crtbegin.o
 *(.bss*)
 .bss.hi2s1     0x24000150       0x54 ./Core/Src/main.o
                0x24000150                hi2s1
 .bss.hi2s2     0x240001a4       0x54 ./Core/Src/main.o
                0x240001a4                hi2s2
 .bss.hsai_BlockA1
                0x240001f8       0x98 ./Core/Src/main.o
                0x240001f8                hsai_BlockA1
 .bss.hsai_BlockB1
                0x24000290       0x98 ./Core/Src/main.o
                0x24000290                hsai_BlockB1
 .bss.hsai_BlockA2
                0x24000328       0x98 ./Core/Src/main.o
                0x24000328                hsai_BlockA2
 .bss.hsai_BlockB2
                0x240003c0       0x98 ./Core/Src/main.o
                0x240003c0                hsai_BlockB2
 .bss.hdma_sai1_a
                0x24000458       0x78 ./Core/Src/main.o
                0x24000458                hdma_sai1_a
 .bss.hdma_sai1_b
                0x240004d0       0x78 ./Core/Src/main.o
                0x240004d0                hdma_sai1_b
 .bss.hdma_sai2_a
                0x24000548       0x78 ./Core/Src/main.o
                0x24000548                hdma_sai2_a
 .bss.hdma_sai2_b
                0x240005c0       0x78 ./Core/Src/main.o
                0x240005c0                hdma_sai2_b
 .bss.huart3    0x24000638       0x94 ./Core/Src/main.o
                0x24000638                huart3
 .bss.SAI1_client
                0x240006cc        0x4 ./Core/Src/stm32h7xx_hal_msp.o
 .bss.SAI2_client
                0x240006d0        0x4 ./Core/Src/stm32h7xx_hal_msp.o
 .bss.uwTick    0x240006d4        0x4 ./Drivers/STM32H7xx_HAL_Driver/Src/stm32h7xx_hal.o
                0x240006d4                uwTick
 .bss.cfgidx.0  0x240006d8        0x1 ./Middlewares/ST/STM32_USB_Device_Library/Core/Src/usbd_ctlreq.o
 *fill*         0x240006d9        0x3 
 .bss.hUsbDeviceFS
                0x240006dc      0x2dc ./USB_DEVICE/App/usb_device.o
                0x240006dc                hUsbDeviceFS
 .bss.USBD_StrDesc
                0x240009b8      0x200 ./USB_DEVICE/App/usbd_desc.o
                0x240009b8                USBD_StrDesc
 .bss.hpcd_USB_OTG_FS
                0x24000bb8      0x4e4 ./USB_DEVICE/Target/usbd_conf.o
                0x24000bb8                hpcd_USB_OTG_FS
 .bss.mem.0     0x2400109c     0x3c54 ./USB_DEVICE/Target/usbd_conf.o
 *(COMMON)
                0x24004cf0                        . = ALIGN (0x4)
                0x24004cf0                        _ebss = .
                0x24004cf0                        __bss_end__ = _ebss

._user_heap_stack
                0x24004cf0      0x600 load address 0x0800eea8
                0x24004cf0                        . = ALIGN (0x8)
                [!provide]                        PROVIDE (end = .)
                0x24004cf0                        PROVIDE (_end = .)
                0x24004ef0                        . = (. + _Min_Heap_Size)
 *fill*         0x24004cf0      0x200 
                0x240052f0                        . = (. + _Min_Stack_Size)
 *fill*         0x24004ef0      0x400 
                0x240052f0                        . = ALIGN (0x8)

/DISCARD/
 libc.a(*)
 libm.a(*)
 libgcc.a(*)

.ARM.attributes
                0x00000000       0x2e
 *(.ARM.attributes)
 .ARM.attributes
                0x00000000       0x20 G:/STM32_CUBEIDE/STM32CubeIDE_1.16.1/STM32CubeIDE/plugins/com.st.stm32cube.ide.mcu.externaltools.gnu-tools-for-stm32.12.3.rel1.win32_1.0.200.202406191623/tools/bin/../lib/gcc/arm-none-eabi/12.3.1/thumb/v7e-m+dp/hard/crti.o
 .ARM.attributes
                0x00000020       0x32 G:/STM32_CUBEIDE/STM32CubeIDE_1.16.1/STM32CubeIDE/plugins/com.st.stm32cube.ide.mcu.externaltools.gnu-tools-for-stm32.12.3.rel1.win32_1.0.200.202406191623/tools/bin/../lib/gcc/arm-none-eabi/12.3.1/thumb/v7e-m+dp/hard/crtbegin.o
 .ARM.attributes
                0x00000052       0x32 ./Core/Src/main.o
 .ARM.attributes
                0x00000084       0x32 ./Core/Src/stm32h7xx_hal_msp.o
 .ARM.attributes
                0x000000b6       0x32 ./Core/Src/stm32h7xx_it.o
 .ARM.attributes
                0x000000e8       0x32 ./Core/Src/system_stm32h7xx.o
 .ARM.attributes
                0x0000011a       0x21 ./Core/Startup/startup_stm32h753zitx.o
 .ARM.attributes
                0x0000013b       0x32 ./Drivers/STM32H7xx_HAL_Driver/Src/stm32h7xx_hal.o
 .ARM.attributes
                0x0000016d       0x32 ./Drivers/STM32H7xx_HAL_Driver/Src/stm32h7xx_hal_cortex.o
 .ARM.attributes
                0x0000019f       0x32 ./Drivers/STM32H7xx_HAL_Driver/Src/stm32h7xx_hal_dma.o
 .ARM.attributes
                0x000001d1       0x32 ./Drivers/STM32H7xx_HAL_Driver/Src/stm32h7xx_hal_gpio.o
 .ARM.attributes
                0x00000203       0x32 ./Drivers/STM32H7xx_HAL_Driver/Src/stm32h7xx_hal_i2s.o
 .ARM.attributes
                0x00000235       0x32 ./Drivers/STM32H7xx_HAL_Driver/Src/stm32h7xx_hal_pcd.o
 .ARM.attributes
                0x00000267       0x32 ./Drivers/STM32H7xx_HAL_Driver/Src/stm32h7xx_hal_pcd_ex.o
 .ARM.attributes
                0x00000299       0x32 ./Drivers/STM32H7xx_HAL_Driver/Src/stm32h7xx_hal_pwr_ex.o
 .ARM.attributes
                0x000002cb       0x32 ./Drivers/STM32H7xx_HAL_Driver/Src/stm32h7xx_hal_rcc.o
 .ARM.attributes
                0x000002fd       0x32 ./Drivers/STM32H7xx_HAL_Driver/Src/stm32h7xx_hal_rcc_ex.o
 .ARM.attributes
                0x0000032f       0x32 ./Drivers/STM32H7xx_HAL_Driver/Src/stm32h7xx_hal_sai.o
 .ARM.attributes
                0x00000361       0x32 ./Drivers/STM32H7xx_HAL_Driver/Src/stm32h7xx_hal_uart.o
 .ARM.attributes
                0x00000393       0x32 ./Drivers/STM32H7xx_HAL_Driver/Src/stm32h7xx_hal_uart_ex.o
 .ARM.attributes
                0x000003c5       0x32 ./Drivers/STM32H7xx_HAL_Driver/Src/stm32h7xx_ll_usb.o
 .ARM.attributes
                0x000003f7       0x32 ./Middlewares/ST/STM32_USB_Device_Library/Class/AUDIO/Src/usbd_audio.o
 .ARM.attributes
                0x00000429       0x32 ./Middlewares/ST/STM32_USB_Device_Library/Core/Src/usbd_core.o
 .ARM.attributes
                0x0000045b       0x32 ./Middlewares/ST/STM32_USB_Device_Library/Core/Src/usbd_ctlreq.o
 .ARM.attributes
                0x0000048d       0x32 ./Middlewares/ST/STM32_USB_Device_Library/Core/Src/usbd_ioreq.o
 .ARM.attributes
                0x000004bf       0x32 ./USB_DEVICE/App/usb_device.o
 .ARM.attributes
                0x000004f1       0x32 ./USB_DEVICE/App/usbd_audio_if.o
 .ARM.attributes
                0x00000523       0x32 ./USB_DEVICE/App/usbd_desc.o
 .ARM.attributes
                0x00000555       0x32 ./USB_DEVICE/Target/usbd_conf.o
 .ARM.attributes
                0x00000587       0x32 G:/STM32_CUBEIDE/STM32CubeIDE_1.16.1/STM32CubeIDE/plugins/com.st.stm32cube.ide.mcu.externaltools.gnu-tools-for-stm32.12.3.rel1.win32_1.0.200.202406191623/tools/bin/../lib/gcc/arm-none-eabi/12.3.1/../../../../arm-none-eabi/lib/thumb/v7e-m+dp/hard\libc_nano.a(libc_a-memset.o)
 .ARM.attributes
                0x000005b9       0x32 G:/STM32_CUBEIDE/STM32CubeIDE_1.16.1/STM32CubeIDE/plugins/com.st.stm32cube.ide.mcu.externaltools.gnu-tools-for-stm32.12.3.rel1.win32_1.0.200.202406191623/tools/bin/../lib/gcc/arm-none-eabi/12.3.1/../../../../arm-none-eabi/lib/thumb/v7e-m+dp/hard\libc_nano.a(libc_a-init.o)
 .ARM.attributes
                0x000005eb       0x20 G:/STM32_CUBEIDE/STM32CubeIDE_1.16.1/STM32CubeIDE/plugins/com.st.stm32cube.ide.mcu.externaltools.gnu-tools-for-stm32.12.3.rel1.win32_1.0.200.202406191623/tools/bin/../lib/gcc/arm-none-eabi/12.3.1/thumb/v7e-m+dp/hard\libgcc.a(_aeabi_uldivmod.o)
 .ARM.attributes
                0x0000060b       0x32 G:/STM32_CUBEIDE/STM32CubeIDE_1.16.1/STM32CubeIDE/plugins/com.st.stm32cube.ide.mcu.externaltools.gnu-tools-for-stm32.12.3.rel1.win32_1.0.200.202406191623/tools/bin/../lib/gcc/arm-none-eabi/12.3.1/thumb/v7e-m+dp/hard\libgcc.a(_udivmoddi4.o)
 .ARM.attributes
                0x0000063d       0x20 G:/STM32_CUBEIDE/STM32CubeIDE_1.16.1/STM32CubeIDE/plugins/com.st.stm32cube.ide.mcu.externaltools.gnu-tools-for-stm32.12.3.rel1.win32_1.0.200.202406191623/tools/bin/../lib/gcc/arm-none-eabi/12.3.1/thumb/v7e-m+dp/hard\libgcc.a(_dvmd_tls.o)
 .ARM.attributes
                0x0000065d       0x20 G:/STM32_CUBEIDE/STM32CubeIDE_1.16.1/STM32CubeIDE/plugins/com.st.stm32cube.ide.mcu.externaltools.gnu-tools-for-stm32.12.3.rel1.win32_1.0.200.202406191623/tools/bin/../lib/gcc/arm-none-eabi/12.3.1/thumb/v7e-m+dp/hard/crtn.o
OUTPUT(DAC_Single_753.elf elf32-littlearm)
LOAD linker stubs
LOAD G:/STM32_CUBEIDE/STM32CubeIDE_1.16.1/STM32CubeIDE/plugins/com.st.stm32cube.ide.mcu.externaltools.gnu-tools-for-stm32.12.3.rel1.win32_1.0.200.202406191623/tools/bin/../lib/gcc/arm-none-eabi/12.3.1/../../../../arm-none-eabi/lib/thumb/v7e-m+dp/hard\libc.a
LOAD G:/STM32_CUBEIDE/STM32CubeIDE_1.16.1/STM32CubeIDE/plugins/com.st.stm32cube.ide.mcu.externaltools.gnu-tools-for-stm32.12.3.rel1.win32_1.0.200.202406191623/tools/bin/../lib/gcc/arm-none-eabi/12.3.1/../../../../arm-none-eabi/lib/thumb/v7e-m+dp/hard\libm.a
LOAD G:/STM32_CUBEIDE/STM32CubeIDE_1.16.1/STM32CubeIDE/plugins/com.st.stm32cube.ide.mcu.externaltools.gnu-tools-for-stm32.12.3.rel1.win32_1.0.200.202406191623/tools/bin/../lib/gcc/arm-none-eabi/12.3.1/thumb/v7e-m+dp/hard\libgcc.a

.debug_info     0x00000000    0x1e3ad
 .debug_info    0x00000000     0x2327 ./Core/Src/main.o
 .debug_info    0x00002327     0x19b6 ./Core/Src/stm32h7xx_hal_msp.o
 .debug_info    0x00003cdd      0xa08 ./Core/Src/stm32h7xx_it.o
 .debug_info    0x000046e5      0xcef ./Core/Src/system_stm32h7xx.o
 .debug_info    0x000053d4       0x30 ./Core/Startup/startup_stm32h753zitx.o
 .debug_info    0x00005404     0x1541 ./Drivers/STM32H7xx_HAL_Driver/Src/stm32h7xx_hal.o
 .debug_info    0x00006945     0x10b2 ./Drivers/STM32H7xx_HAL_Driver/Src/stm32h7xx_hal_cortex.o
 .debug_info    0x000079f7      0xc27 ./Drivers/STM32H7xx_HAL_Driver/Src/stm32h7xx_hal_dma.o
 .debug_info    0x0000861e      0xc4b ./Drivers/STM32H7xx_HAL_Driver/Src/stm32h7xx_hal_gpio.o
 .debug_info    0x00009269     0x10e5 ./Drivers/STM32H7xx_HAL_Driver/Src/stm32h7xx_hal_i2s.o
 .debug_info    0x0000a34e     0x1561 ./Drivers/STM32H7xx_HAL_Driver/Src/stm32h7xx_hal_pcd.o
 .debug_info    0x0000b8af      0x8b3 ./Drivers/STM32H7xx_HAL_Driver/Src/stm32h7xx_hal_pcd_ex.o
 .debug_info    0x0000c162     0x1008 ./Drivers/STM32H7xx_HAL_Driver/Src/stm32h7xx_hal_pwr_ex.o
 .debug_info    0x0000d16a      0xe5b ./Drivers/STM32H7xx_HAL_Driver/Src/stm32h7xx_hal_rcc.o
 .debug_info    0x0000dfc5     0x1216 ./Drivers/STM32H7xx_HAL_Driver/Src/stm32h7xx_hal_rcc_ex.o
 .debug_info    0x0000f1db     0x13cd ./Drivers/STM32H7xx_HAL_Driver/Src/stm32h7xx_hal_sai.o
 .debug_info    0x000105a8     0x4b13 ./Drivers/STM32H7xx_HAL_Driver/Src/stm32h7xx_hal_uart.o
 .debug_info    0x000150bb      0xfbf ./Drivers/STM32H7xx_HAL_Driver/Src/stm32h7xx_hal_uart_ex.o
 .debug_info    0x0001607a     0x1a1e ./Drivers/STM32H7xx_HAL_Driver/Src/stm32h7xx_ll_usb.o
 .debug_info    0x00017a98      0xea6 ./Middlewares/ST/STM32_USB_Device_Library/Class/AUDIO/Src/usbd_audio.o
 .debug_info    0x0001893e      0xe20 ./Middlewares/ST/STM32_USB_Device_Library/Core/Src/usbd_core.o
 .debug_info    0x0001975e      0xaf9 ./Middlewares/ST/STM32_USB_Device_Library/Core/Src/usbd_ctlreq.o
 .debug_info    0x0001a257      0x770 ./Middlewares/ST/STM32_USB_Device_Library/Core/Src/usbd_ioreq.o
 .debug_info    0x0001a9c7      0x750 ./USB_DEVICE/App/usb_device.o
 .debug_info    0x0001b117      0x87d ./USB_DEVICE/App/usbd_audio_if.o
 .debug_info    0x0001b994      0x48f ./USB_DEVICE/App/usbd_desc.o
 .debug_info    0x0001be23     0x258a ./USB_DEVICE/Target/usbd_conf.o

.debug_abbrev   0x00000000     0x4074
 .debug_abbrev  0x00000000      0x328 ./Core/Src/main.o
 .debug_abbrev  0x00000328      0x263 ./Core/Src/stm32h7xx_hal_msp.o
 .debug_abbrev  0x0000058b      0x1eb ./Core/Src/stm32h7xx_it.o
 .debug_abbrev  0x00000776      0x14c ./Core/Src/system_stm32h7xx.o
 .debug_abbrev  0x000008c2       0x24 ./Core/Startup/startup_stm32h753zitx.o
 .debug_abbrev  0x000008e6      0x295 ./Drivers/STM32H7xx_HAL_Driver/Src/stm32h7xx_hal.o
 .debug_abbrev  0x00000b7b      0x339 ./Drivers/STM32H7xx_HAL_Driver/Src/stm32h7xx_hal_cortex.o
 .debug_abbrev  0x00000eb4      0x248 ./Drivers/STM32H7xx_HAL_Driver/Src/stm32h7xx_hal_dma.o
 .debug_abbrev  0x000010fc      0x1fe ./Drivers/STM32H7xx_HAL_Driver/Src/stm32h7xx_hal_gpio.o
 .debug_abbrev  0x000012fa      0x243 ./Drivers/STM32H7xx_HAL_Driver/Src/stm32h7xx_hal_i2s.o
 .debug_abbrev  0x0000153d      0x2dc ./Drivers/STM32H7xx_HAL_Driver/Src/stm32h7xx_hal_pcd.o
 .debug_abbrev  0x00001819      0x256 ./Drivers/STM32H7xx_HAL_Driver/Src/stm32h7xx_hal_pcd_ex.o
 .debug_abbrev  0x00001a6f      0x2a7 ./Drivers/STM32H7xx_HAL_Driver/Src/stm32h7xx_hal_pwr_ex.o
 .debug_abbrev  0x00001d16      0x2c8 ./Drivers/STM32H7xx_HAL_Driver/Src/stm32h7xx_hal_rcc.o
 .debug_abbrev  0x00001fde      0x269 ./Drivers/STM32H7xx_HAL_Driver/Src/stm32h7xx_hal_rcc_ex.o
 .debug_abbrev  0x00002247      0x28b ./Drivers/STM32H7xx_HAL_Driver/Src/stm32h7xx_hal_sai.o
 .debug_abbrev  0x000024d2      0x33d ./Drivers/STM32H7xx_HAL_Driver/Src/stm32h7xx_hal_uart.o
 .debug_abbrev  0x0000280f      0x2d2 ./Drivers/STM32H7xx_HAL_Driver/Src/stm32h7xx_hal_uart_ex.o
 .debug_abbrev  0x00002ae1      0x2b3 ./Drivers/STM32H7xx_HAL_Driver/Src/stm32h7xx_ll_usb.o
 .debug_abbrev  0x00002d94      0x316 ./Middlewares/ST/STM32_USB_Device_Library/Class/AUDIO/Src/usbd_audio.o
 .debug_abbrev  0x000030aa      0x27c ./Middlewares/ST/STM32_USB_Device_Library/Core/Src/usbd_core.o
 .debug_abbrev  0x00003326      0x26f ./Middlewares/ST/STM32_USB_Device_Library/Core/Src/usbd_ctlreq.o
 .debug_abbrev  0x00003595      0x19a ./Middlewares/ST/STM32_USB_Device_Library/Core/Src/usbd_ioreq.o
 .debug_abbrev  0x0000372f      0x1e3 ./USB_DEVICE/App/usb_device.o
 .debug_abbrev  0x00003912      0x217 ./USB_DEVICE/App/usbd_audio_if.o
 .debug_abbrev  0x00003b29      0x1f3 ./USB_DEVICE/App/usbd_desc.o
 .debug_abbrev  0x00003d1c      0x358 ./USB_DEVICE/Target/usbd_conf.o

.debug_aranges  0x00000000     0x1570
 .debug_aranges
                0x00000000       0x78 ./Core/Src/main.o
 .debug_aranges
                0x00000078       0x50 ./Core/Src/stm32h7xx_hal_msp.o
 .debug_aranges
                0x000000c8       0x88 ./Core/Src/stm32h7xx_it.o
 .debug_aranges
                0x00000150       0x28 ./Core/Src/system_stm32h7xx.o
 .debug_aranges
                0x00000178       0x28 ./Core/Startup/startup_stm32h753zitx.o
 .debug_aranges
                0x000001a0      0x198 ./Drivers/STM32H7xx_HAL_Driver/Src/stm32h7xx_hal.o
 .debug_aranges
                0x00000338      0x130 ./Drivers/STM32H7xx_HAL_Driver/Src/stm32h7xx_hal_cortex.o
 .debug_aranges
                0x00000468       0xa0 ./Drivers/STM32H7xx_HAL_Driver/Src/stm32h7xx_hal_dma.o
 .debug_aranges
                0x00000508       0x58 ./Drivers/STM32H7xx_HAL_Driver/Src/stm32h7xx_hal_gpio.o
 .debug_aranges
                0x00000560      0x148 ./Drivers/STM32H7xx_HAL_Driver/Src/stm32h7xx_hal_i2s.o
 .debug_aranges
                0x000006a8      0x140 ./Drivers/STM32H7xx_HAL_Driver/Src/stm32h7xx_hal_pcd.o
 .debug_aranges
                0x000007e8       0x60 ./Drivers/STM32H7xx_HAL_Driver/Src/stm32h7xx_hal_pcd_ex.o
 .debug_aranges
                0x00000848      0x158 ./Drivers/STM32H7xx_HAL_Driver/Src/stm32h7xx_hal_pwr_ex.o
 .debug_aranges
                0x000009a0       0x88 ./Drivers/STM32H7xx_HAL_Driver/Src/stm32h7xx_hal_rcc.o
 .debug_aranges
                0x00000a28       0xf8 ./Drivers/STM32H7xx_HAL_Driver/Src/stm32h7xx_hal_rcc_ex.o
 .debug_aranges
                0x00000b20      0x178 ./Drivers/STM32H7xx_HAL_Driver/Src/stm32h7xx_hal_sai.o
 .debug_aranges
                0x00000c98      0x248 ./Drivers/STM32H7xx_HAL_Driver/Src/stm32h7xx_hal_uart.o
 .debug_aranges
                0x00000ee0       0xa8 ./Drivers/STM32H7xx_HAL_Driver/Src/stm32h7xx_hal_uart_ex.o
 .debug_aranges
                0x00000f88      0x1a0 ./Drivers/STM32H7xx_HAL_Driver/Src/stm32h7xx_ll_usb.o
 .debug_aranges
                0x00001128       0xa0 ./Middlewares/ST/STM32_USB_Device_Library/Class/AUDIO/Src/usbd_audio.o
 .debug_aranges
                0x000011c8       0xd8 ./Middlewares/ST/STM32_USB_Device_Library/Core/Src/usbd_core.o
 .debug_aranges
                0x000012a0       0x90 ./Middlewares/ST/STM32_USB_Device_Library/Core/Src/usbd_ctlreq.o
 .debug_aranges
                0x00001330       0x50 ./Middlewares/ST/STM32_USB_Device_Library/Core/Src/usbd_ioreq.o
 .debug_aranges
                0x00001380       0x20 ./USB_DEVICE/App/usb_device.o
 .debug_aranges
                0x000013a0       0x60 ./USB_DEVICE/App/usbd_audio_if.o
 .debug_aranges
                0x00001400       0x60 ./USB_DEVICE/App/usbd_desc.o
 .debug_aranges
                0x00001460      0x110 ./USB_DEVICE/Target/usbd_conf.o

.debug_rnglists
                0x00000000     0x107b
 .debug_rnglists
                0x00000000       0x5b ./Core/Src/main.o
 .debug_rnglists
                0x0000005b       0x3c ./Core/Src/stm32h7xx_hal_msp.o
 .debug_rnglists
                0x00000097       0x61 ./Core/Src/stm32h7xx_it.o
 .debug_rnglists
                0x000000f8       0x1b ./Core/Src/system_stm32h7xx.o
 .debug_rnglists
                0x00000113       0x19 ./Core/Startup/startup_stm32h753zitx.o
 .debug_rnglists
                0x0000012c      0x131 ./Drivers/STM32H7xx_HAL_Driver/Src/stm32h7xx_hal.o
 .debug_rnglists
                0x0000025d       0xe0 ./Drivers/STM32H7xx_HAL_Driver/Src/stm32h7xx_hal_cortex.o
 .debug_rnglists
                0x0000033d       0x82 ./Drivers/STM32H7xx_HAL_Driver/Src/stm32h7xx_hal_dma.o
 .debug_rnglists
                0x000003bf       0x3f ./Drivers/STM32H7xx_HAL_Driver/Src/stm32h7xx_hal_gpio.o
 .debug_rnglists
                0x000003fe      0x101 ./Drivers/STM32H7xx_HAL_Driver/Src/stm32h7xx_hal_i2s.o
 .debug_rnglists
                0x000004ff       0xf4 ./Drivers/STM32H7xx_HAL_Driver/Src/stm32h7xx_hal_pcd.o
 .debug_rnglists
                0x000005f3       0x45 ./Drivers/STM32H7xx_HAL_Driver/Src/stm32h7xx_hal_pcd_ex.o
 .debug_rnglists
                0x00000638      0x103 ./Drivers/STM32H7xx_HAL_Driver/Src/stm32h7xx_hal_pwr_ex.o
 .debug_rnglists
                0x0000073b       0x68 ./Drivers/STM32H7xx_HAL_Driver/Src/stm32h7xx_hal_rcc.o
 .debug_rnglists
                0x000007a3       0xc0 ./Drivers/STM32H7xx_HAL_Driver/Src/stm32h7xx_hal_rcc_ex.o
 .debug_rnglists
                0x00000863      0x136 ./Drivers/STM32H7xx_HAL_Driver/Src/stm32h7xx_hal_sai.o
 .debug_rnglists
                0x00000999      0x1fa ./Drivers/STM32H7xx_HAL_Driver/Src/stm32h7xx_hal_uart.o
 .debug_rnglists
                0x00000b93       0x7f ./Drivers/STM32H7xx_HAL_Driver/Src/stm32h7xx_hal_uart_ex.o
 .debug_rnglists
                0x00000c12      0x147 ./Drivers/STM32H7xx_HAL_Driver/Src/stm32h7xx_ll_usb.o
 .debug_rnglists
                0x00000d59       0x7a ./Middlewares/ST/STM32_USB_Device_Library/Class/AUDIO/Src/usbd_audio.o
 .debug_rnglists
                0x00000dd3       0xa1 ./Middlewares/ST/STM32_USB_Device_Library/Core/Src/usbd_core.o
 .debug_rnglists
                0x00000e74       0x6e ./Middlewares/ST/STM32_USB_Device_Library/Core/Src/usbd_ctlreq.o
 .debug_rnglists
                0x00000ee2       0x37 ./Middlewares/ST/STM32_USB_Device_Library/Core/Src/usbd_ioreq.o
 .debug_rnglists
                0x00000f19       0x13 ./USB_DEVICE/App/usb_device.o
 .debug_rnglists
                0x00000f2c       0x43 ./USB_DEVICE/App/usbd_audio_if.o
 .debug_rnglists
                0x00000f6f       0x43 ./USB_DEVICE/App/usbd_desc.o
 .debug_rnglists
                0x00000fb2       0xc9 ./USB_DEVICE/Target/usbd_conf.o

.debug_macro    0x00000000    0x3a4b0
 .debug_macro   0x00000000      0x3af ./Core/Src/main.o
 .debug_macro   0x000003af      0xacc ./Core/Src/main.o
 .debug_macro   0x00000e7b      0x244 ./Core/Src/main.o
 .debug_macro   0x000010bf       0x2e ./Core/Src/main.o
 .debug_macro   0x000010ed       0x3b ./Core/Src/main.o
 .debug_macro   0x00001128       0x22 ./Core/Src/main.o
 .debug_macro   0x0000114a       0x8e ./Core/Src/main.o
 .debug_macro   0x000011d8       0x51 ./Core/Src/main.o
 .debug_macro   0x00001229      0x103 ./Core/Src/main.o
 .debug_macro   0x0000132c       0x6a ./Core/Src/main.o
 .debug_macro   0x00001396      0x1df ./Core/Src/main.o
 .debug_macro   0x00001575       0x1c ./Core/Src/main.o
 .debug_macro   0x00001591       0x22 ./Core/Src/main.o
 .debug_macro   0x000015b3       0xfb ./Core/Src/main.o
 .debug_macro   0x000016ae     0x1305 ./Core/Src/main.o
 .debug_macro   0x000029b3      0x11f ./Core/Src/main.o
 .debug_macro   0x00002ad2       0x27 ./Core/Src/main.o
 .debug_macro   0x00002af9    0x25f24 ./Core/Src/main.o
 .debug_macro   0x00028a1d       0x6d ./Core/Src/main.o
 .debug_macro   0x00028a8a     0x3d79 ./Core/Src/main.o
 .debug_macro   0x0002c803      0x189 ./Core/Src/main.o
 .debug_macro   0x0002c98c       0x61 ./Core/Src/main.o
 .debug_macro   0x0002c9ed       0x29 ./Core/Src/main.o
 .debug_macro   0x0002ca16       0x43 ./Core/Src/main.o
 .debug_macro   0x0002ca59       0x34 ./Core/Src/main.o
 .debug_macro   0x0002ca8d       0x16 ./Core/Src/main.o
 .debug_macro   0x0002caa3       0x43 ./Core/Src/main.o
 .debug_macro   0x0002cae6       0x34 ./Core/Src/main.o
 .debug_macro   0x0002cb1a       0x10 ./Core/Src/main.o
 .debug_macro   0x0002cb2a       0x58 ./Core/Src/main.o
 .debug_macro   0x0002cb82       0x8e ./Core/Src/main.o
 .debug_macro   0x0002cc10       0x1c ./Core/Src/main.o
 .debug_macro   0x0002cc2c      0x177 ./Core/Src/main.o
 .debug_macro   0x0002cda3      0x369 ./Core/Src/main.o
 .debug_macro   0x0002d10c      0x19b ./Core/Src/main.o
 .debug_macro   0x0002d2a7       0x5d ./Core/Src/main.o
 .debug_macro   0x0002d304     0x240e ./Core/Src/main.o
 .debug_macro   0x0002f712     0x102c ./Core/Src/main.o
 .debug_macro   0x0003073e      0x154 ./Core/Src/main.o
 .debug_macro   0x00030892      0x114 ./Core/Src/main.o
 .debug_macro   0x000309a6      0x3b6 ./Core/Src/main.o
 .debug_macro   0x00030d5c       0xac ./Core/Src/main.o
 .debug_macro   0x00030e08      0x72d ./Core/Src/main.o
 .debug_macro   0x00031535      0x228 ./Core/Src/main.o
 .debug_macro   0x0003175d       0x66 ./Core/Src/main.o
 .debug_macro   0x000317c3      0x3bb ./Core/Src/main.o
 .debug_macro   0x00031b7e      0x3e4 ./Core/Src/main.o
 .debug_macro   0x00031f62      0x275 ./Core/Src/main.o
 .debug_macro   0x000321d7      0x3ca ./Core/Src/main.o
 .debug_macro   0x000325a1      0x408 ./Core/Src/main.o
 .debug_macro   0x000329a9       0x51 ./Core/Src/main.o
 .debug_macro   0x000329fa       0x4a ./Core/Src/main.o
 .debug_macro   0x00032a44      0x22c ./Core/Src/main.o
 .debug_macro   0x00032c70       0x67 ./Core/Src/main.o
 .debug_macro   0x00032cd7       0xa5 ./Core/Src/main.o
 .debug_macro   0x00032d7c      0x25d ./Core/Src/main.o
 .debug_macro   0x00032fd9      0x1c4 ./Core/Src/main.o
 .debug_macro   0x0003319d      0x25e ./Core/Src/main.o
 .debug_macro   0x000333fb       0x35 ./Core/Src/main.o
 .debug_macro   0x00033430      0x3bb ./Core/Src/main.o
 .debug_macro   0x000337eb       0x10 ./Core/Src/main.o
 .debug_macro   0x000337fb       0xe4 ./Core/Src/main.o
 .debug_macro   0x000338df      0x693 ./Core/Src/main.o
 .debug_macro   0x00033f72       0xa6 ./Core/Src/main.o
 .debug_macro   0x00034018      0x293 ./Core/Src/main.o
 .debug_macro   0x000342ab       0x90 ./Core/Src/main.o
 .debug_macro   0x0003433b      0x5a0 ./Core/Src/main.o
 .debug_macro   0x000348db       0x64 ./Core/Src/main.o
 .debug_macro   0x0003493f       0x1c ./Core/Src/main.o
 .debug_macro   0x0003495b       0x35 ./Core/Src/main.o
 .debug_macro   0x00034990       0x10 ./Core/Src/main.o
 .debug_macro   0x000349a0       0x1c ./Core/Src/main.o
 .debug_macro   0x000349bc       0x16 ./Core/Src/main.o
 .debug_macro   0x000349d2      0x146 ./Core/Src/main.o
 .debug_macro   0x00034b18       0x16 ./Core/Src/main.o
 .debug_macro   0x00034b2e       0x16 ./Core/Src/main.o
 .debug_macro   0x00034b44       0x29 ./Core/Src/main.o
 .debug_macro   0x00034b6d       0x16 ./Core/Src/main.o
 .debug_macro   0x00034b83       0x20 ./Core/Src/main.o
 .debug_macro   0x00034ba3       0x6b ./Core/Src/main.o
 .debug_macro   0x00034c0e      0x20f ./Core/Src/main.o
 .debug_macro   0x00034e1d      0x2e9 ./Core/Src/stm32h7xx_hal_msp.o
 .debug_macro   0x00035106      0x2f3 ./Core/Src/stm32h7xx_it.o
 .debug_macro   0x000353f9      0x2da ./Core/Src/system_stm32h7xx.o
 .debug_macro   0x000356d3      0x304 ./Drivers/STM32H7xx_HAL_Driver/Src/stm32h7xx_hal.o
 .debug_macro   0x000359d7      0x2da ./Drivers/STM32H7xx_HAL_Driver/Src/stm32h7xx_hal_cortex.o
 .debug_macro   0x00035cb1      0x32e ./Drivers/STM32H7xx_HAL_Driver/Src/stm32h7xx_hal_dma.o
 .debug_macro   0x00035fdf      0x2e1 ./Drivers/STM32H7xx_HAL_Driver/Src/stm32h7xx_hal_gpio.o
 .debug_macro   0x000362c0      0x2e2 ./Drivers/STM32H7xx_HAL_Driver/Src/stm32h7xx_hal_i2s.o
 .debug_macro   0x000365a2      0x2e6 ./Drivers/STM32H7xx_HAL_Driver/Src/stm32h7xx_hal_pcd.o
 .debug_macro   0x00036888      0x2da ./Drivers/STM32H7xx_HAL_Driver/Src/stm32h7xx_hal_pcd_ex.o
 .debug_macro   0x00036b62      0x313 ./Drivers/STM32H7xx_HAL_Driver/Src/stm32h7xx_hal_pwr_ex.o
 .debug_macro   0x00036e75      0x2fe ./Drivers/STM32H7xx_HAL_Driver/Src/stm32h7xx_hal_rcc.o
 .debug_macro   0x00037173      0x2f8 ./Drivers/STM32H7xx_HAL_Driver/Src/stm32h7xx_hal_rcc_ex.o
 .debug_macro   0x0003746b      0x2f7 ./Drivers/STM32H7xx_HAL_Driver/Src/stm32h7xx_hal_sai.o
 .debug_macro   0x00037762      0x305 ./Drivers/STM32H7xx_HAL_Driver/Src/stm32h7xx_hal_uart.o
 .debug_macro   0x00037a67      0x2e6 ./Drivers/STM32H7xx_HAL_Driver/Src/stm32h7xx_hal_uart_ex.o
 .debug_macro   0x00037d4d      0x2da ./Drivers/STM32H7xx_HAL_Driver/Src/stm32h7xx_ll_usb.o
 .debug_macro   0x00038027      0x3ec ./Middlewares/ST/STM32_USB_Device_Library/Class/AUDIO/Src/usbd_audio.o
 .debug_macro   0x00038413       0x16 ./Middlewares/ST/STM32_USB_Device_Library/Class/AUDIO/Src/usbd_audio.o
 .debug_macro   0x00038429       0x9e ./Middlewares/ST/STM32_USB_Device_Library/Class/AUDIO/Src/usbd_audio.o
 .debug_macro   0x000384c7      0x10b ./Middlewares/ST/STM32_USB_Device_Library/Class/AUDIO/Src/usbd_audio.o
 .debug_macro   0x000385d2       0x16 ./Middlewares/ST/STM32_USB_Device_Library/Class/AUDIO/Src/usbd_audio.o
 .debug_macro   0x000385e8       0xe9 ./Middlewares/ST/STM32_USB_Device_Library/Class/AUDIO/Src/usbd_audio.o
 .debug_macro   0x000386d1      0x3c7 ./Middlewares/ST/STM32_USB_Device_Library/Core/Src/usbd_core.o
 .debug_macro   0x00038a98      0x215 ./Middlewares/ST/STM32_USB_Device_Library/Core/Src/usbd_core.o
 .debug_macro   0x00038cad      0x3d1 ./Middlewares/ST/STM32_USB_Device_Library/Core/Src/usbd_ctlreq.o
 .debug_macro   0x0003907e      0x3cd ./Middlewares/ST/STM32_USB_Device_Library/Core/Src/usbd_ioreq.o
 .debug_macro   0x0003944b      0x3f5 ./USB_DEVICE/App/usb_device.o
 .debug_macro   0x00039840       0x6a ./USB_DEVICE/App/usb_device.o
 .debug_macro   0x000398aa       0x22 ./USB_DEVICE/App/usb_device.o
 .debug_macro   0x000398cc      0x3e6 ./USB_DEVICE/App/usbd_audio_if.o
 .debug_macro   0x00039cb2      0x40a ./USB_DEVICE/App/usbd_desc.o
 .debug_macro   0x0003a0bc       0x1c ./USB_DEVICE/App/usbd_desc.o
 .debug_macro   0x0003a0d8      0x3d8 ./USB_DEVICE/Target/usbd_conf.o

.debug_line     0x00000000    0x21769
 .debug_line    0x00000000      0xe7f ./Core/Src/main.o
 .debug_line    0x00000e7f      0xcfc ./Core/Src/stm32h7xx_hal_msp.o
 .debug_line    0x00001b7b      0xb72 ./Core/Src/stm32h7xx_it.o
 .debug_line    0x000026ed      0xbf3 ./Core/Src/system_stm32h7xx.o
 .debug_line    0x000032e0       0x7a ./Core/Startup/startup_stm32h753zitx.o
 .debug_line    0x0000335a      0xfe8 ./Drivers/STM32H7xx_HAL_Driver/Src/stm32h7xx_hal.o
 .debug_line    0x00004342     0x1017 ./Drivers/STM32H7xx_HAL_Driver/Src/stm32h7xx_hal_cortex.o
 .debug_line    0x00005359     0x294b ./Drivers/STM32H7xx_HAL_Driver/Src/stm32h7xx_hal_dma.o
 .debug_line    0x00007ca4      0xec0 ./Drivers/STM32H7xx_HAL_Driver/Src/stm32h7xx_hal_gpio.o
 .debug_line    0x00008b64     0x19e8 ./Drivers/STM32H7xx_HAL_Driver/Src/stm32h7xx_hal_i2s.o
 .debug_line    0x0000a54c     0x1803 ./Drivers/STM32H7xx_HAL_Driver/Src/stm32h7xx_hal_pcd.o