../Core/Src/main.c:146:8:transmitAudioData	24	static
../Core/Src/main.c:100:5:main	4112	static
../Core/Src/main.c:173:6:SystemClock_Config	120	static
../Core/Src/main.c:231:6:PeriphCommonClock_Config	200	static
../Core/Src/main.c:259:13:MX_ETH_Init	8	static
../Core/Src/main.c:308:13:MX_SAI1_Init	8	static
../Core/Src/main.c:357:13:MX_USART3_UART_Init	8	static
../Core/Src/main.c:403:13:MX_DMA_Init	16	static
../Core/Src/main.c:424:13:MX_GPIO_Init	56	static
../Core/Src/main.c:496:6:Error_Handler	4	static,ignoring_inline_asm
